Archive member included to satisfy reference by file (symbol)

d:/axlr8r/stm32cubeide_1.4.0/stm32cubeide/plugins/com.st.stm32cube.ide.mcu.externaltools.gnu-tools-for-stm32.7-2018-q2-update.win32_1.4.0.202007081208/tools/bin/../lib/gcc/arm-none-eabi/7.3.1/../../../../arm-none-eabi/lib/thumb/v7e-m/fpv4-sp/hard\libstdc++_nano.a(new_op.o)
                              Core/Src/cpp_main.o (operator new(unsigned int))
d:/axlr8r/stm32cubeide_1.4.0/stm32cubeide/plugins/com.st.stm32cube.ide.mcu.externaltools.gnu-tools-for-stm32.7-2018-q2-update.win32_1.4.0.202007081208/tools/bin/../lib/gcc/arm-none-eabi/7.3.1/../../../../arm-none-eabi/lib/thumb/v7e-m/fpv4-sp/hard\libstdc++_nano.a(new_handler.o)
                              d:/axlr8r/stm32cubeide_1.4.0/stm32cubeide/plugins/com.st.stm32cube.ide.mcu.externaltools.gnu-tools-for-stm32.7-2018-q2-update.win32_1.4.0.202007081208/tools/bin/../lib/gcc/arm-none-eabi/7.3.1/../../../../arm-none-eabi/lib/thumb/v7e-m/fpv4-sp/hard\libstdc++_nano.a(new_op.o) (std::get_new_handler())
d:/axlr8r/stm32cubeide_1.4.0/stm32cubeide/plugins/com.st.stm32cube.ide.mcu.externaltools.gnu-tools-for-stm32.7-2018-q2-update.win32_1.4.0.202007081208/tools/bin/../lib/gcc/arm-none-eabi/7.3.1/../../../../arm-none-eabi/lib/thumb/v7e-m/fpv4-sp/hard\libstdc++_nano.a(del_op.o)
                              Core/Src/cpp_main.o (operator delete(void*))
d:/axlr8r/stm32cubeide_1.4.0/stm32cubeide/plugins/com.st.stm32cube.ide.mcu.externaltools.gnu-tools-for-stm32.7-2018-q2-update.win32_1.4.0.202007081208/tools/bin/../lib/gcc/arm-none-eabi/7.3.1/../../../../arm-none-eabi/lib/thumb/v7e-m/fpv4-sp/hard\libstdc++_nano.a(allocator-inst.o)
                              Core/Src/cpp_main.o (std::allocator<char>::allocator())
d:/axlr8r/stm32cubeide_1.4.0/stm32cubeide/plugins/com.st.stm32cube.ide.mcu.externaltools.gnu-tools-for-stm32.7-2018-q2-update.win32_1.4.0.202007081208/tools/bin/../lib/gcc/arm-none-eabi/7.3.1/../../../../arm-none-eabi/lib/thumb/v7e-m/fpv4-sp/hard\libstdc++_nano.a(functexcept.o)
                              Core/Src/cpp_main.o (std::__throw_bad_alloc())
d:/axlr8r/stm32cubeide_1.4.0/stm32cubeide/plugins/com.st.stm32cube.ide.mcu.externaltools.gnu-tools-for-stm32.7-2018-q2-update.win32_1.4.0.202007081208/tools/bin/../lib/gcc/arm-none-eabi/7.3.1/../../../../arm-none-eabi/lib/thumb/v7e-m/fpv4-sp/hard\libstdc++_nano.a(string-inst.o)
                              Core/Src/cpp_main.o (std::__cxx11::basic_string<char, std::char_traits<char>, std::allocator<char> >::~basic_string())
d:/axlr8r/stm32cubeide_1.4.0/stm32cubeide/plugins/com.st.stm32cube.ide.mcu.externaltools.gnu-tools-for-stm32.7-2018-q2-update.win32_1.4.0.202007081208/tools/bin/../lib/gcc/arm-none-eabi/7.3.1/../../../../arm-none-eabi/lib/thumb/v7e-m/fpv4-sp/hard\libstdc++_nano.a(snprintf_lite.o)
                              d:/axlr8r/stm32cubeide_1.4.0/stm32cubeide/plugins/com.st.stm32cube.ide.mcu.externaltools.gnu-tools-for-stm32.7-2018-q2-update.win32_1.4.0.202007081208/tools/bin/../lib/gcc/arm-none-eabi/7.3.1/../../../../arm-none-eabi/lib/thumb/v7e-m/fpv4-sp/hard\libstdc++_nano.a(functexcept.o) (__gnu_cxx::__snprintf_lite(char*, unsigned int, char const*, std::__va_list))
d:/axlr8r/stm32cubeide_1.4.0/stm32cubeide/plugins/com.st.stm32cube.ide.mcu.externaltools.gnu-tools-for-stm32.7-2018-q2-update.win32_1.4.0.202007081208/tools/bin/../lib/gcc/arm-none-eabi/7.3.1/../../../../arm-none-eabi/lib/thumb/v7e-m/fpv4-sp/hard\libc_nano.a(lib_a-abort.o)
                              d:/axlr8r/stm32cubeide_1.4.0/stm32cubeide/plugins/com.st.stm32cube.ide.mcu.externaltools.gnu-tools-for-stm32.7-2018-q2-update.win32_1.4.0.202007081208/tools/bin/../lib/gcc/arm-none-eabi/7.3.1/../../../../arm-none-eabi/lib/thumb/v7e-m/fpv4-sp/hard\libstdc++_nano.a(new_op.o) (abort)
d:/axlr8r/stm32cubeide_1.4.0/stm32cubeide/plugins/com.st.stm32cube.ide.mcu.externaltools.gnu-tools-for-stm32.7-2018-q2-update.win32_1.4.0.202007081208/tools/bin/../lib/gcc/arm-none-eabi/7.3.1/../../../../arm-none-eabi/lib/thumb/v7e-m/fpv4-sp/hard\libc_nano.a(lib_a-errno.o)
                              Core/Src/syscalls.o (__errno)
d:/axlr8r/stm32cubeide_1.4.0/stm32cubeide/plugins/com.st.stm32cube.ide.mcu.externaltools.gnu-tools-for-stm32.7-2018-q2-update.win32_1.4.0.202007081208/tools/bin/../lib/gcc/arm-none-eabi/7.3.1/../../../../arm-none-eabi/lib/thumb/v7e-m/fpv4-sp/hard\libc_nano.a(lib_a-exit.o)
                              d:/axlr8r/stm32cubeide_1.4.0/stm32cubeide/plugins/com.st.stm32cube.ide.mcu.externaltools.gnu-tools-for-stm32.7-2018-q2-update.win32_1.4.0.202007081208/tools/bin/../lib/gcc/arm-none-eabi/7.3.1/../../../../arm-none-eabi/lib/thumb/v7e-m/fpv4-sp/hard/crt0.o (exit)
d:/axlr8r/stm32cubeide_1.4.0/stm32cubeide/plugins/com.st.stm32cube.ide.mcu.externaltools.gnu-tools-for-stm32.7-2018-q2-update.win32_1.4.0.202007081208/tools/bin/../lib/gcc/arm-none-eabi/7.3.1/../../../../arm-none-eabi/lib/thumb/v7e-m/fpv4-sp/hard\libc_nano.a(lib_a-impure.o)
[...]
Memory Configuration

Name             Origin             Length             Attributes
RAM              0x0000000020000000 0x0000000000050000 xrw
FLASH            0x0000000008000000 0x0000000000100000 xr
*default*        0x0000000000000000 0xffffffffffffffff

Linker script and memory map

LOAD d:/axlr8r/stm32cubeide_1.4.0/stm32cubeide/plugins/com.st.stm32cube.ide.mcu.externaltools.gnu-tools-for-stm32.7-2018-q2-update.win32_1.4.0.202007081208/tools/bin/../lib/gcc/arm-none-eabi/7.3.1/thumb/v7e-m/fpv4-sp/hard/crti.o
LOAD d:/axlr8r/stm32cubeide_1.4.0/stm32cubeide/plugins/com.st.stm32cube.ide.mcu.externaltools.gnu-tools-for-stm32.7-2018-q2-update.win32_1.4.0.202007081208/tools/bin/../lib/gcc/arm-none-eabi/7.3.1/thumb/v7e-m/fpv4-sp/hard/crtbegin.o
LOAD d:/axlr8r/stm32cubeide_1.4.0/stm32cubeide/plugins/com.st.stm32cube.ide.mcu.externaltools.gnu-tools-for-stm32.7-2018-q2-update.win32_1.4.0.202007081208/tools/bin/../lib/gcc/arm-none-eabi/7.3.1/../../../../arm-none-eabi/lib/thumb/v7e-m/fpv4-sp/hard/crt0.o
LOAD Core/Src/adc.o
LOAD Core/Src/cpp_main.o
LOAD Core/Src/dac.o
LOAD Core/Src/dma.o
LOAD Core/Src/gpio.o
LOAD Core/Src/main.o
LOAD Core/Src/spi.o
LOAD Core/Src/stm32f7xx_hal_msp.o
LOAD Core/Src/stm32f7xx_it.o
LOAD Core/Src/syscalls.o
LOAD Core/Src/sysmem.o
LOAD Core/Src/system_stm32f7xx.o
LOAD Core/Startup/startup_stm32f746zgtx.o
LOAD Drivers/STM32F7xx_HAL_Driver/Src/stm32f7xx_hal.o
LOAD Drivers/STM32F7xx_HAL_Driver/Src/stm32f7xx_hal_adc.o
LOAD Drivers/STM32F7xx_HAL_Driver/Src/stm32f7xx_hal_adc_ex.o
LOAD Drivers/STM32F7xx_HAL_Driver/Src/stm32f7xx_hal_cortex.o
LOAD Drivers/STM32F7xx_HAL_Driver/Src/stm32f7xx_hal_dac.o
LOAD Drivers/STM32F7xx_HAL_Driver/Src/stm32f7xx_hal_dac_ex.o
LOAD Drivers/STM32F7xx_HAL_Driver/Src/stm32f7xx_hal_dma.o
LOAD Drivers/STM32F7xx_HAL_Driver/Src/stm32f7xx_hal_dma_ex.o
LOAD Drivers/STM32F7xx_HAL_Driver/Src/stm32f7xx_hal_exti.o
LOAD Drivers/STM32F7xx_HAL_Driver/Src/stm32f7xx_hal_flash.o
LOAD Drivers/STM32F7xx_HAL_Driver/Src/stm32f7xx_hal_flash_ex.o
LOAD Drivers/STM32F7xx_HAL_Driver/Src/stm32f7xx_hal_gpio.o
LOAD Drivers/STM32F7xx_HAL_Driver/Src/stm32f7xx_hal_i2c.o
LOAD Drivers/STM32F7xx_HAL_Driver/Src/stm32f7xx_hal_i2c_ex.o
LOAD Drivers/STM32F7xx_HAL_Driver/Src/stm32f7xx_hal_pwr.o
LOAD Drivers/STM32F7xx_HAL_Driver/Src/stm32f7xx_hal_pwr_ex.o
LOAD Drivers/STM32F7xx_HAL_Driver/Src/stm32f7xx_hal_rcc.o
LOAD Drivers/STM32F7xx_HAL_Driver/Src/stm32f7xx_hal_rcc_ex.o
LOAD Drivers/STM32F7xx_HAL_Driver/Src/stm32f7xx_hal_spi.o
LOAD Drivers/STM32F7xx_HAL_Driver/Src/stm32f7xx_hal_spi_ex.o
LOAD Drivers/STM32F7xx_HAL_Driver/Src/stm32f7xx_hal_tim.o
LOAD Drivers/STM32F7xx_HAL_Driver/Src/stm32f7xx_hal_tim_ex.o
START GROUP
LOAD d:/axlr8r/stm32cubeide_1.4.0/stm32cubeide/plugins/com.st.stm32cube.ide.mcu.externaltools.gnu-tools-for-stm32.7-2018-q2-update.win32_1.4.0.202007081208/tools/bin/../lib/gcc/arm-none-eabi/7.3.1/../../../../arm-none-eabi/lib/thumb/v7e-m/fpv4-sp/hard\libstdc++_nano.a
LOAD d:/axlr8r/stm32cubeide_1.4.0/stm32cubeide/plugins/com.st.stm32cube.ide.mcu.externaltools.gnu-tools-for-stm32.7-2018-q2-update.win32_1.4.0.202007081208/tools/bin/../lib/gcc/arm-none-eabi/7.3.1/../../../../arm-none-eabi/lib/thumb/v7e-m/fpv4-sp/hard\libsupc++_nano.a
END GROUP
LOAD d:/axlr8r/stm32cubeide_1.4.0/stm32cubeide/plugins/com.st.stm32cube.ide.mcu.externaltools.gnu-tools-for-stm32.7-2018-q2-update.win32_1.4.0.202007081208/tools/bin/../lib/gcc/arm-none-eabi/7.3.1/../../../../arm-none-eabi/lib/thumb/v7e-m/fpv4-sp/hard\libstdc++_nano.a
LOAD d:/axlr8r/stm32cubeide_1.4.0/stm32cubeide/plugins/com.st.stm32cube.ide.mcu.externaltools.gnu-tools-for-stm32.7-2018-q2-update.win32_1.4.0.202007081208/tools/bin/../lib/gcc/arm-none-eabi/7.3.1/../../../../arm-none-eabi/lib/thumb/v7e-m/fpv4-sp/hard\libm.a
LOAD d:/axlr8r/stm32cubeide_1.4.0/stm32cubeide/plugins/com.st.stm32cube.ide.mcu.externaltools.gnu-tools-for-stm32.7-2018-q2-update.win32_1.4.0.202007081208/tools/bin/../lib/gcc/arm-none-eabi/7.3.1/../../../../arm-none-eabi/lib/thumb/v7e-m/fpv4-sp/hard\libc_nano.a
START GROUP
LOAD d:/axlr8r/stm32cubeide_1.4.0/stm32cubeide/plugins/com.st.stm32cube.ide.mcu.externaltools.gnu-tools-for-stm32.7-2018-q2-update.win32_1.4.0.202007081208/tools/bin/../lib/gcc/arm-none-eabi/7.3.1/thumb/v7e-m/fpv4-sp/hard\libgcc.a
LOAD d:/axlr8r/stm32cubeide_1.4.0/stm32cubeide/plugins/com.st.stm32cube.ide.mcu.externaltools.gnu-tools-for-stm32.7-2018-q2-update.win32_1.4.0.202007081208/tools/bin/../lib/gcc/arm-none-eabi/7.3.1/../../../../arm-none-eabi/lib/thumb/v7e-m/fpv4-sp/hard\libc_nano.a
END GROUP
START GROUP
LOAD d:/axlr8r/stm32cubeide_1.4.0/stm32cubeide/plugins/com.st.stm32cube.ide.mcu.externaltools.gnu-tools-for-stm32.7-2018-q2-update.win32_1.4.0.202007081208/tools/bin/../lib/gcc/arm-none-eabi/7.3.1/thumb/v7e-m/fpv4-sp/hard\libgcc.a
LOAD d:/axlr8r/stm32cubeide_1.4.0/stm32cubeide/plugins/com.st.stm32cube.ide.mcu.externaltools.gnu-tools-for-stm32.7-2018-q2-update.win32_1.4.0.202007081208/tools/bin/../lib/gcc/arm-none-eabi/7.3.1/../../../../arm-none-eabi/lib/thumb/v7e-m/fpv4-sp/hard\libc_nano.a
LOAD d:/axlr8r/stm32cubeide_1.4.0/stm32cubeide/plugins/com.st.stm32cube.ide.mcu.externaltools.gnu-tools-for-stm32.7-2018-q2-update.win32_1.4.0.202007081208/tools/bin/../lib/gcc/arm-none-eabi/7.3.1/../../../../arm-none-eabi/lib/thumb/v7e-m/fpv4-sp/hard\libnosys.a
END GROUP
START GROUP
LOAD d:/axlr8r/stm32cubeide_1.4.0/stm32cubeide/plugins/com.st.stm32cube.ide.mcu.externaltools.gnu-tools-for-stm32.7-2018-q2-update.win32_1.4.0.202007081208/tools/bin/../lib/gcc/arm-none-eabi/7.3.1/thumb/v7e-m/fpv4-sp/hard\libgcc.a
LOAD d:/axlr8r/stm32cubeide_1.4.0/stm32cubeide/plugins/com.st.stm32cube.ide.mcu.externaltools.gnu-tools-for-stm32.7-2018-q2-update.win32_1.4.0.202007081208/tools/bin/../lib/gcc/arm-none-eabi/7.3.1/../../../../arm-none-eabi/lib/thumb/v7e-m/fpv4-sp/hard\libc_nano.a
LOAD d:/axlr8r/stm32cubeide_1.4.0/stm32cubeide/plugins/com.st.stm32cube.ide.mcu.externaltools.gnu-tools-for-stm32.7-2018-q2-update.win32_1.4.0.202007081208/tools/bin/../lib/gcc/arm-none-eabi/7.3.1/../../../../arm-none-eabi/lib/thumb/v7e-m/fpv4-sp/hard\libnosys.a
END GROUP
LOAD d:/axlr8r/stm32cubeide_1.4.0/stm32cubeide/plugins/com.st.stm32cube.ide.mcu.externaltools.gnu-tools-for-stm32.7-2018-q2-update.win32_1.4.0.202007081208/tools/bin/../lib/gcc/arm-none-eabi/7.3.1/thumb/v7e-m/fpv4-sp/hard/crtend.o
LOAD d:/axlr8r/stm32cubeide_1.4.0/stm32cubeide/plugins/com.st.stm32cube.ide.mcu.externaltools.gnu-tools-for-stm32.7-2018-q2-update.win32_1.4.0.202007081208/tools/bin/../lib/gcc/arm-none-eabi/7.3.1/thumb/v7e-m/fpv4-sp/hard/crtn.o
                0x0000000020050000                _estack = (ORIGIN (RAM) + LENGTH (RAM))
                0x0000000000000200                _Min_Heap_Size = 0x200
                0x0000000000000400                _Min_Stack_Size = 0x400

.isr_vector     0x0000000008000000      0x1c8
                0x0000000008000000                . = ALIGN (0x4)
 *(.isr_vector)
 .isr_vector    0x0000000008000000      0x1c8 Core/Startup/startup_stm32f746zgtx.o
                0x0000000008000000                g_pfnVectors
                0x00000000080001c8                . = ALIGN (0x4)

.text           0x00000000080001c8     0x6714
                0x00000000080001c8                . = ALIGN (0x4)
 *(.text)
 .text          0x00000000080001c8       0x40 d:/axlr8r/stm32cubeide_1.4.0/stm32cubeide/plugins/com.st.stm32cube.ide.mcu.externaltools.gnu-tools-for-stm32.7-2018-q2-update.win32_1.4.0.202007081208/tools/bin/../lib/gcc/arm-none-eabi/7.3.1/thumb/v7e-m/fpv4-sp/hard/crtbegin.o
 .text          0x0000000008000208       0x10 d:/axlr8r/stm32cubeide_1.4.0/stm32cubeide/plugins/com.st.stm32cube.ide.mcu.externaltools.gnu-tools-for-stm32.7-2018-q2-update.win32_1.4.0.202007081208/tools/bin/../lib/gcc/arm-none-eabi/7.3.1/../../../../arm-none-eabi/lib/thumb/v7e-m/fpv4-sp/hard\libc_nano.a(lib_a-strlen.o)
                0x0000000008000208                strlen
 .text          0x0000000008000218      0x378 d:/axlr8r/stm32cubeide_1.4.0/stm32cubeide/plugins/com.st.stm32cube.ide.mcu.externaltools.gnu-tools-for-stm32.7-2018-q2-update.win32_1.4.0.202007081208/tools/bin/../lib/gcc/arm-none-eabi/7.3.1/thumb/v7e-m/fpv4-sp/hard\libgcc.a(_arm_addsubdf3.o)
                0x0000000008000218                __aeabi_drsub
                0x0000000008000220                __aeabi_dsub
                0x0000000008000220                __subdf3
                0x0000000008000224                __aeabi_dadd
                0x0000000008000224                __adddf3
                0x000000000800049c                __floatunsidf
                0x000000000800049c                __aeabi_ui2d
                0x00000000080004bc                __floatsidf
                0x00000000080004bc                __aeabi_i2d
                0x00000000080004e0                __aeabi_f2d
                0x00000000080004e0                __extendsfdf2
                0x0000000008000524                __floatundidf
                0x0000000008000524                __aeabi_ul2d
                0x0000000008000534                __floatdidf
                0x0000000008000534                __aeabi_l2d
 .text          0x0000000008000590      0x424 d:/axlr8r/stm32cubeide_1.4.0/stm32cubeide/plugins/com.st.stm32cube.ide.mcu.externaltools.gnu-tools-for-stm32.7-2018-q2-update.win32_1.4.0.202007081208/tools/bin/../lib/gcc/arm-none-eabi/7.3.1/thumb/v7e-m/fpv4-sp/hard\libgcc.a(_arm_muldivdf3.o)
                0x0000000008000590                __aeabi_dmul
                0x0000000008000590                __muldf3
                0x00000000080007e4                __divdf3
                0x00000000080007e4                __aeabi_ddiv
 .text          0x00000000080009b4      0x110 d:/axlr8r/stm32cubeide_1.4.0/stm32cubeide/plugins/com.st.stm32cube.ide.mcu.externaltools.gnu-tools-for-stm32.7-2018-q2-update.win32_1.4.0.202007081208/tools/bin/../lib/gcc/arm-none-eabi/7.3.1/thumb/v7e-m/fpv4-sp/hard\libgcc.a(_arm_cmpdf2.o)
                0x00000000080009b4                __gtdf2
                0x00000000080009b4                __gedf2
                0x00000000080009bc                __ltdf2
                0x00000000080009bc                __ledf2
                0x00000000080009c4                __nedf2
                0x00000000080009c4                __eqdf2
                0x00000000080009c4                __cmpdf2
                0x0000000008000a40                __aeabi_cdrcmple
                0x0000000008000a50                __aeabi_cdcmpeq
                0x0000000008000a50                __aeabi_cdcmple
                0x0000000008000a60                __aeabi_dcmpeq
                0x0000000008000a74                __aeabi_dcmplt
                0x0000000008000a88                __aeabi_dcmple
                0x0000000008000a9c                __aeabi_dcmpge
                0x0000000008000ab0                __aeabi_dcmpgt
 .text          0x0000000008000ac4       0xa0 d:/axlr8r/stm32cubeide_1.4.0/stm32cubeide/plugins/com.st.stm32cube.ide.mcu.externaltools.gnu-tools-for-stm32.7-2018-q2-update.win32_1.4.0.202007081208/tools/bin/../lib/gcc/arm-none-eabi/7.3.1/thumb/v7e-m/fpv4-sp/hard\libgcc.a(_arm_truncdfsf2.o)
                0x0000000008000ac4                __truncdfsf2
                0x0000000008000ac4                __aeabi_d2f
 .text          0x0000000008000b64       0x30 d:/axlr8r/stm32cubeide_1.4.0/stm32cubeide/plugins/com.st.stm32cube.ide.mcu.externaltools.gnu-tools-for-stm32.7-2018-q2-update.win32_1.4.0.202007081208/tools/bin/../lib/gcc/arm-none-eabi/7.3.1/thumb/v7e-m/fpv4-sp/hard\libgcc.a(_aeabi_uldivmod.o)
                0x0000000008000b64                __aeabi_uldivmod
 .text          0x0000000008000b94      0x2cc d:/axlr8r/stm32cubeide_1.4.0/stm32cubeide/plugins/com.st.stm32cube.ide.mcu.externaltools.gnu-tools-for-stm32.7-2018-q2-update.win32_1.4.0.202007081208/tools/bin/../lib/gcc/arm-none-eabi/7.3.1/thumb/v7e-m/fpv4-sp/hard\libgcc.a(_udivmoddi4.o)
                0x0000000008000b94                __udivmoddi4
 .text          0x0000000008000e60        0x4 d:/axlr8r/stm32cubeide_1.4.0/stm32cubeide/plugins/com.st.stm32cube.ide.mcu.externaltools.gnu-tools-for-stm32.7-2018-q2-update.win32_1.4.0.202007081208/tools/bin/../lib/gcc/arm-none-eabi/7.3.1/thumb/v7e-m/fpv4-sp/hard\libgcc.a(_dvmd_tls.o)
                0x0000000008000e60                __aeabi_idiv0
                0x0000000008000e60                __aeabi_ldiv0
 *(.text*)
 .text.MX_ADC1_Init
                0x0000000008000e64       0xc0 Core/Src/adc.o
                0x0000000008000e64                MX_ADC1_Init
 .text.HAL_ADC_MspInit
                0x0000000008000f24       0xe8 Core/Src/adc.o
                0x0000000008000f24                HAL_ADC_MspInit
 .text._ZnwjPv  0x000000000800100c       0x18 Core/Src/cpp_main.o
                0x000000000800100c                operator new(unsigned int, void*)
 .text._ZSt3absf
                0x0000000008001024       0x20 Core/Src/cpp_main.o
                0x0000000008001024                std::abs(float)
 .text._ZSt16__deque_buf_sizej
                0x0000000008001044       0x2a Core/Src/cpp_main.o
                0x0000000008001044                std::__deque_buf_size(unsigned int)
 *fill*         0x000000000800106e        0x2 
 .text.alt_main
                0x0000000008001070       0xf0 Core/Src/cpp_main.o
                0x0000000008001070                alt_main
 .text._Z11getSetPointv
                0x0000000008001160      0x554 Core/Src/cpp_main.o
                0x0000000008001160                getSetPoint()
 .text._Z8RampOut1l
                0x00000000080016b4       0x60 Core/Src/cpp_main.o
                0x00000000080016b4                RampOut1(long)
 .text._Z11analogWritet
                0x0000000008001714       0x3c Core/Src/cpp_main.o
                0x0000000008001714                analogWrite(unsigned short)
 .text._Z9toVoltaget
                0x0000000008001750       0x68 Core/Src/cpp_main.o
                0x0000000008001750                toVoltage(unsigned short)
 .text._Z8startPIDv
                0x00000000080017b8      0x280 Core/Src/cpp_main.o
                0x00000000080017b8                startPID()
 .text._ZNSaIfEC2Ev
                0x0000000008001a38       0x18 Core/Src/cpp_main.o
                0x0000000008001a38                std::allocator<float>::allocator()
                0x0000000008001a38                std::allocator<float>::allocator()
 .text._ZNSaIfED2Ev
                0x0000000008001a50       0x18 Core/Src/cpp_main.o
                0x0000000008001a50                std::allocator<float>::~allocator()
                0x0000000008001a50                std::allocator<float>::~allocator()
 .text._ZNSt5dequeIfSaIfEEC2EjRKfRKS0_
                0x0000000008001a68       0x2c Core/Src/cpp_main.o
                0x0000000008001a68                std::deque<float, std::allocator<float> >::deque(unsigned int, float const&, std::allocator<float> const&)
                0x0000000008001a68                std::deque<float, std::allocator<float> >::deque(unsigned int, float const&, std::allocator<float> const&)
 .text._ZNSt5dequeIfSaIfEED2Ev
                0x0000000008001a94       0x4a Core/Src/cpp_main.o
                0x0000000008001a94                std::deque<float, std::allocator<float> >::~deque()
                0x0000000008001a94                std::deque<float, std::allocator<float> >::~deque()
 .text._ZNSt5dequeItSaItEEC2Ev
                0x0000000008001ade       0x1a Core/Src/cpp_main.o
                0x0000000008001ade                std::deque<unsigned short, std::allocator<unsigned short> >::deque()
                0x0000000008001ade                std::deque<unsigned short, std::allocator<unsigned short> >::deque()
 .text._ZNSt5dequeItSaItEED2Ev
                0x0000000008001af8       0x4a Core/Src/cpp_main.o
                0x0000000008001af8                std::deque<unsigned short, std::allocator<unsigned short> >::~deque()
                0x0000000008001af8                std::deque<unsigned short, std::allocator<unsigned short> >::~deque()
 .text._ZNSt5dequeIfSaIfEEixEj
                0x0000000008001b42       0x22 Core/Src/cpp_main.o
                0x0000000008001b42                std::deque<float, std::allocator<float> >::operator[](unsigned int)
 .text._ZNSt5dequeIfSaIfEE9pop_frontEv
                0x0000000008001b64       0x3e Core/Src/cpp_main.o
                0x0000000008001b64                std::deque<float, std::allocator<float> >::pop_front()
 .text._ZNSt5dequeIfSaIfEE9push_backERKf
                0x0000000008001ba2       0x42 Core/Src/cpp_main.o
                0x0000000008001ba2                std::deque<float, std::allocator<float> >::push_back(float const&)
 .text._ZSt4moveIRfEONSt16remove_referenceIT_E4typeEOS2_
                0x0000000008001be4       0x16 Core/Src/cpp_main.o
                0x0000000008001be4                std::remove_reference<float&>::type&& std::move<float&>(float&)
 .text._ZNSt5dequeIfSaIfEE9push_backEOf
                0x0000000008001bfa       0x22 Core/Src/cpp_main.o
                0x0000000008001bfa                std::deque<float, std::allocator<float> >::push_back(float&&)
 .text._ZNSt5dequeItSaItEE9push_backERKt
                0x0000000008001c1c       0x42 Core/Src/cpp_main.o
                0x0000000008001c1c                std::deque<unsigned short, std::allocator<unsigned short> >::push_back(unsigned short const&)
 .text._ZNKSt5dequeItSaItEE4sizeEv
                0x0000000008001c5e       0x24 Core/Src/cpp_main.o
                0x0000000008001c5e                std::deque<unsigned short, std::allocator<unsigned short> >::size() const
 .text._ZNSt5dequeItSaItEEixEj
                0x0000000008001c82       0x22 Core/Src/cpp_main.o
                0x0000000008001c82                std::deque<unsigned short, std::allocator<unsigned short> >::operator[](unsigned int)
 .text._ZN9__gnu_cxx13new_allocatorIfEC2Ev
                0x0000000008001ca4       0x16 Core/Src/cpp_main.o
                0x0000000008001ca4                __gnu_cxx::new_allocator<float>::new_allocator()
                0x0000000008001ca4                __gnu_cxx::new_allocator<float>::new_allocator()
 .text._ZN9__gnu_cxx13new_allocatorIfED2Ev
                0x0000000008001cba       0x16 Core/Src/cpp_main.o
                0x0000000008001cba                __gnu_cxx::new_allocator<float>::~new_allocator()
                0x0000000008001cba                __gnu_cxx::new_allocator<float>::~new_allocator()
 .text._ZNSt11_Deque_baseIfSaIfEE11_Deque_implD2Ev
                0x0000000008001cd0       0x18 Core/Src/cpp_main.o
                0x0000000008001cd0                std::_Deque_base<float, std::allocator<float> >::_Deque_impl::~_Deque_impl()
                0x0000000008001cd0                std::_Deque_base<float, std::allocator<float> >::_Deque_impl::~_Deque_impl()
 .text._ZNSt11_Deque_baseIfSaIfEEC2ERKS0_j
                0x0000000008001ce8       0x28 Core/Src/cpp_main.o
                0x0000000008001ce8                std::_Deque_base<float, std::allocator<float> >::_Deque_base(std::allocator<float> const&, unsigned int)
                0x0000000008001ce8                std::_Deque_base<float, std::allocator<float> >::_Deque_base(std::allocator<float> const&, unsigned int)
 .text._ZNSt11_Deque_baseIfSaIfEED2Ev
                0x0000000008001d10       0x44 Core/Src/cpp_main.o
                0x0000000008001d10                std::_Deque_base<float, std::allocator<float> >::~_Deque_base()
                0x0000000008001d10                std::_Deque_base<float, std::allocator<float> >::~_Deque_base()
 .text._ZNSt5dequeIfSaIfEE18_M_fill_initializeERKf
                0x0000000008001d54       0x6c Core/Src/cpp_main.o
                0x0000000008001d54                std::deque<float, std::allocator<float> >::_M_fill_initialize(float const&)
 .text._ZNSt5dequeIfSaIfEE5beginEv
                0x0000000008001dc0       0x1e Core/Src/cpp_main.o
                0x0000000008001dc0                std::deque<float, std::allocator<float> >::begin()
 .text._ZNSt5dequeIfSaIfEE3endEv
                0x0000000008001dde       0x1e Core/Src/cpp_main.o
                0x0000000008001dde                std::deque<float, std::allocator<float> >::end()
 .text._ZNSt11_Deque_baseIfSaIfEE19_M_get_Tp_allocatorEv
                0x0000000008001dfc       0x16 Core/Src/cpp_main.o
                0x0000000008001dfc                std::_Deque_base<float, std::allocator<float> >::_M_get_Tp_allocator()
 .text._ZNSt15_Deque_iteratorIfRfPfEC2ERKS2_
                0x0000000008001e12       0x38 Core/Src/cpp_main.o
                0x0000000008001e12                std::_Deque_iterator<float, float&, float*>::_Deque_iterator(std::_Deque_iterator<float, float&, float*> const&)
                0x0000000008001e12                std::_Deque_iterator<float, float&, float*>::_Deque_iterator(std::_Deque_iterator<float, float&, float*> const&)
 .text._ZNSt5dequeIfSaIfEE15_M_destroy_dataESt15_Deque_iteratorIfRfPfES5_RKS0_
                0x0000000008001e4a       0x1a Core/Src/cpp_main.o
                0x0000000008001e4a                std::deque<float, std::allocator<float> >::_M_destroy_data(std::_Deque_iterator<float, float&, float*>, std::_Deque_iterator<float, float&, float*>, std::allocator<float> const&)
 .text._ZNSt11_Deque_baseItSaItEE11_Deque_implD2Ev
                0x0000000008001e64       0x18 Core/Src/cpp_main.o
                0x0000000008001e64                std::_Deque_base<unsigned short, std::allocator<unsigned short> >::_Deque_impl::~_Deque_impl()
                0x0000000008001e64                std::_Deque_base<unsigned short, std::allocator<unsigned short> >::_Deque_impl::~_Deque_impl()
 .text._ZNSt11_Deque_baseItSaItEEC2Ev
                0x0000000008001e7c       0x22 Core/Src/cpp_main.o
                0x0000000008001e7c                std::_Deque_base<unsigned short, std::allocator<unsigned short> >::_Deque_base()
                0x0000000008001e7c                std::_Deque_base<unsigned short, std::allocator<unsigned short> >::_Deque_base()
 .text._ZNSt11_Deque_baseItSaItEED2Ev
                0x0000000008001e9e       0x44 Core/Src/cpp_main.o
                0x0000000008001e9e                std::_Deque_base<unsigned short, std::allocator<unsigned short> >::~_Deque_base()
                0x0000000008001e9e                std::_Deque_base<unsigned short, std::allocator<unsigned short> >::~_Deque_base()
 .text._ZNSt5dequeItSaItEE5beginEv
                0x0000000008001ee2       0x1e Core/Src/cpp_main.o
                0x0000000008001ee2                std::deque<unsigned short, std::allocator<unsigned short> >::begin()
 .text._ZNSt5dequeItSaItEE3endEv
                0x0000000008001f00       0x1e Core/Src/cpp_main.o
                0x0000000008001f00                std::deque<unsigned short, std::allocator<unsigned short> >::end()
 .text._ZNSt11_Deque_baseItSaItEE19_M_get_Tp_allocatorEv
                0x0000000008001f1e       0x16 Core/Src/cpp_main.o
                0x0000000008001f1e                std::_Deque_base<unsigned short, std::allocator<unsigned short> >::_M_get_Tp_allocator()
 .text._ZNSt15_Deque_iteratorItRtPtEC2ERKS2_
                0x0000000008001f34       0x38 Core/Src/cpp_main.o
                0x0000000008001f34                std::_Deque_iterator<unsigned short, unsigned short&, unsigned short*>::_Deque_iterator(std::_Deque_iterator<unsigned short, unsigned short&, unsigned short*> const&)
                0x0000000008001f34                std::_Deque_iterator<unsigned short, unsigned short&, unsigned short*>::_Deque_iterator(std::_Deque_iterator<unsigned short, unsigned short&, unsigned short*> const&)
 .text._ZNSt5dequeItSaItEE15_M_destroy_dataESt15_Deque_iteratorItRtPtES5_RKS0_
                0x0000000008001f6c       0x1a Core/Src/cpp_main.o
                0x0000000008001f6c                std::deque<unsigned short, std::allocator<unsigned short> >::_M_destroy_data(std::_Deque_iterator<unsigned short, unsigned short&, unsigned short*>, std::_Deque_iterator<unsigned short, unsigned short&, unsigned short*>, std::allocator<unsigned short> const&)
 .text._ZNKSt15_Deque_iteratorIfRfPfEixEi
                0x0000000008001f86       0x2c Core/Src/cpp_main.o
                0x0000000008001f86                std::_Deque_iterator<float, float&, float*>::operator[](int) const
 .text._ZNSt16allocator_traitsISaIfEE7destroyIfEEvRS0_PT_
                0x0000000008001fb2       0x1a Core/Src/cpp_main.o
                0x0000000008001fb2                void std::allocator_traits<std::allocator<float> >::destroy<float>(std::allocator<float>&, float*)
 .text._ZNSt5dequeIfSaIfEE16_M_pop_front_auxEv
                0x0000000008001fcc       0x50 Core/Src/cpp_main.o
                0x0000000008001fcc                std::deque<float, std::allocator<float> >::_M_pop_front_aux()
 .text._ZSt7forwardIRKfEOT_RNSt16remove_referenceIS2_E4typeE
                0x000000000800201c       0x16 Core/Src/cpp_main.o
                0x000000000800201c                float const& std::forward<float const&>(std::remove_reference<float const&>::type&)
 .text._ZNSt16allocator_traitsISaIfEE9constructIfJRKfEEEvRS0_PT_DpOT0_
                0x0000000008002032       0x26 Core/Src/cpp_main.o
                0x0000000008002032                void std::allocator_traits<std::allocator<float> >::construct<float, float const&>(std::allocator<float>&, float*, float const&)
 .text._ZNSt5dequeIfSaIfEE16_M_push_back_auxIJRKfEEEvDpOT_
                0x0000000008002058       0x60 Core/Src/cpp_main.o
                0x0000000008002058                void std::deque<float, std::allocator<float> >::_M_push_back_aux<float const&>(float const&)
 .text._ZSt7forwardIfEOT_RNSt16remove_referenceIS0_E4typeE
                0x00000000080020b8       0x16 Core/Src/cpp_main.o
                0x00000000080020b8                float&& std::forward<float>(std::remove_reference<float>::type&)
 .text._ZNSt5dequeIfSaIfEE12emplace_backIJfEEEvDpOT_
                0x00000000080020ce       0x54 Core/Src/cpp_main.o
                0x00000000080020ce                void std::deque<float, std::allocator<float> >::emplace_back<float>(float&&)
 .text._ZSt7forwardIRKtEOT_RNSt16remove_referenceIS2_E4typeE
                0x0000000008002122       0x16 Core/Src/cpp_main.o
                0x0000000008002122                unsigned short const& std::forward<unsigned short const&>(std::remove_reference<unsigned short const&>::type&)
 .text._ZNSt16allocator_traitsISaItEE9constructItJRKtEEEvRS0_PT_DpOT0_
                0x0000000008002138       0x26 Core/Src/cpp_main.o
                0x0000000008002138                void std::allocator_traits<std::allocator<unsigned short> >::construct<unsigned short, unsigned short const&>(std::allocator<unsigned short>&, unsigned short*, unsigned short const&)
 .text._ZNSt5dequeItSaItEE16_M_push_back_auxIJRKtEEEvDpOT_
                0x000000000800215e       0x60 Core/Src/cpp_main.o
                0x000000000800215e                void std::deque<unsigned short, std::allocator<unsigned short> >::_M_push_back_aux<unsigned short const&>(unsigned short const&)
 .text._ZStmiItRtPtENSt15_Deque_iteratorIT_T0_T1_E15difference_typeERKS6_S9_
                0x00000000080021be       0x4e Core/Src/cpp_main.o
                0x00000000080021be                std::_Deque_iterator<unsigned short, unsigned short&, unsigned short*>::difference_type std::operator-<unsigned short, unsigned short&, unsigned short*>(std::_Deque_iterator<unsigned short, unsigned short&, unsigned short*> const&, std::_Deque_iterator<unsigned short, unsigned short&, unsigned short*> const&)
 .text._ZNKSt15_Deque_iteratorItRtPtEixEi
                0x000000000800220c       0x2c Core/Src/cpp_main.o
                0x000000000800220c                std::_Deque_iterator<unsigned short, unsigned short&, unsigned short*>::operator[](int) const
 .text._ZNSt11_Deque_baseIfSaIfEE11_Deque_implC2ERKS0_
                0x0000000008002238       0x3c Core/Src/cpp_main.o
                0x0000000008002238                std::_Deque_base<float, std::allocator<float> >::_Deque_impl::_Deque_impl(std::allocator<float> const&)
                0x0000000008002238                std::_Deque_base<float, std::allocator<float> >::_Deque_impl::_Deque_impl(std::allocator<float> const&)
 .text._ZNSt11_Deque_baseIfSaIfEE17_M_initialize_mapEj
                0x0000000008002274       0xc6 Core/Src/cpp_main.o
                0x0000000008002274                std::_Deque_base<float, std::allocator<float> >::_M_initialize_map(unsigned int)
 .text._ZNSt11_Deque_baseIfSaIfEE16_M_destroy_nodesEPPfS3_
                0x000000000800233a       0x34 Core/Src/cpp_main.o
                0x000000000800233a                std::_Deque_base<float, std::allocator<float> >::_M_destroy_nodes(float**, float**)
 .text._ZNSt11_Deque_baseIfSaIfEE17_M_deallocate_mapEPPfj
                0x000000000800236e       0x38 Core/Src/cpp_main.o
                0x000000000800236e                std::_Deque_base<float, std::allocator<float> >::_M_deallocate_map(float**, unsigned int)
 .text._ZNSt5dequeIfSaIfEE14_S_buffer_sizeEv
                0x00000000080023a6       0x10 Core/Src/cpp_main.o
                0x00000000080023a6                std::deque<float, std::allocator<float> >::_S_buffer_size()
 .text._ZSt22__uninitialized_fill_aIPfffEvT_S1_RKT0_RSaIT1_E
                0x00000000080023b6       0x20 Core/Src/cpp_main.o
                0x00000000080023b6                void std::__uninitialized_fill_a<float*, float, float>(float*, float*, float const&, std::allocator<float>&)
 .text._ZNSt11_Deque_baseItSaItEE11_Deque_implC2Ev
                0x00000000080023d6       0x38 Core/Src/cpp_main.o
                0x00000000080023d6                std::_Deque_base<unsigned short, std::allocator<unsigned short> >::_Deque_impl::_Deque_impl()
                0x00000000080023d6                std::_Deque_base<unsigned short, std::allocator<unsigned short> >::_Deque_impl::_Deque_impl()
 .text._ZNSaItED2Ev
                0x000000000800240e       0x18 Core/Src/cpp_main.o
                0x000000000800240e                std::allocator<unsigned short>::~allocator()
                0x000000000800240e                std::allocator<unsigned short>::~allocator()
 .text._ZNSt11_Deque_baseItSaItEE17_M_initialize_mapEj
                0x0000000008002426       0xc6 Core/Src/cpp_main.o
                0x0000000008002426                std::_Deque_base<unsigned short, std::allocator<unsigned short> >::_M_initialize_map(unsigned int)
 .text._ZNSt11_Deque_baseItSaItEE16_M_destroy_nodesEPPtS3_
                0x00000000080024ec       0x34 Core/Src/cpp_main.o
                0x00000000080024ec                std::_Deque_base<unsigned short, std::allocator<unsigned short> >::_M_destroy_nodes(unsigned short**, unsigned short**)
 .text._ZNSt11_Deque_baseItSaItEE17_M_deallocate_mapEPPtj
                0x0000000008002520       0x38 Core/Src/cpp_main.o
                0x0000000008002520                std::_Deque_base<unsigned short, std::allocator<unsigned short> >::_M_deallocate_map(unsigned short**, unsigned int)
 .text._ZNKSt15_Deque_iteratorIfRfPfEplEi
                0x0000000008002558       0x36 Core/Src/cpp_main.o
                0x0000000008002558                std::_Deque_iterator<float, float&, float*>::operator+(int) const
 .text._ZNKSt15_Deque_iteratorIfRfPfEdeEv
                0x000000000800258e       0x18 Core/Src/cpp_main.o
                0x000000000800258e                std::_Deque_iterator<float, float&, float*>::operator*() const
 .text._ZN9__gnu_cxx13new_allocatorIfE7destroyIfEEvPT_
                0x00000000080025a6       0x16 Core/Src/cpp_main.o
                0x00000000080025a6                void __gnu_cxx::new_allocator<float>::destroy<float>(float*)
 .text._ZNSt11_Deque_baseIfSaIfEE18_M_deallocate_nodeEPf
                0x00000000080025bc       0x26 Core/Src/cpp_main.o
                0x00000000080025bc                std::_Deque_base<float, std::allocator<float> >::_M_deallocate_node(float*)
 .text._ZNSt15_Deque_iteratorIfRfPfE11_M_set_nodeEPS1_
                0x00000000080025e2       0x32 Core/Src/cpp_main.o
                0x00000000080025e2                std::_Deque_iterator<float, float&, float*>::_M_set_node(float**)
 .text._ZN9__gnu_cxx13new_allocatorIfE9constructIfJRKfEEEvPT_DpOT0_
                0x0000000008002614       0x30 Core/Src/cpp_main.o
                0x0000000008002614                void __gnu_cxx::new_allocator<float>::construct<float, float const&>(float*, float const&)
 .text._ZNSt5dequeIfSaIfEE22_M_reserve_map_at_backEj
                0x0000000008002644       0x38 Core/Src/cpp_main.o
                0x0000000008002644                std::deque<float, std::allocator<float> >::_M_reserve_map_at_back(unsigned int)
 .text._ZNSt11_Deque_baseIfSaIfEE16_M_allocate_nodeEv
                0x000000000800267c       0x24 Core/Src/cpp_main.o
                0x000000000800267c                std::_Deque_base<float, std::allocator<float> >::_M_allocate_node()
 .text._ZNSt16allocator_traitsISaIfEE9constructIfJfEEEvRS0_PT_DpOT0_
                0x00000000080026a0       0x26 Core/Src/cpp_main.o
                0x00000000080026a0                void std::allocator_traits<std::allocator<float> >::construct<float, float>(std::allocator<float>&, float*, float&&)
 .text._ZNSt5dequeIfSaIfEE16_M_push_back_auxIJfEEEvDpOT_
                0x00000000080026c6       0x60 Core/Src/cpp_main.o
                0x00000000080026c6                void std::deque<float, std::allocator<float> >::_M_push_back_aux<float>(float&&)
 .text._ZN9__gnu_cxx13new_allocatorItE9constructItJRKtEEEvPT_DpOT0_
                0x0000000008002726       0x32 Core/Src/cpp_main.o
                0x0000000008002726                void __gnu_cxx::new_allocator<unsigned short>::construct<unsigned short, unsigned short const&>(unsigned short*, unsigned short const&)
 .text._ZNSt5dequeItSaItEE22_M_reserve_map_at_backEj
                0x0000000008002758       0x38 Core/Src/cpp_main.o
                0x0000000008002758                std::deque<unsigned short, std::allocator<unsigned short> >::_M_reserve_map_at_back(unsigned int)
 .text._ZNSt11_Deque_baseItSaItEE16_M_allocate_nodeEv
                0x0000000008002790       0x24 Core/Src/cpp_main.o
                0x0000000008002790                std::_Deque_base<unsigned short, std::allocator<unsigned short> >::_M_allocate_node()
 .text._ZNSt15_Deque_iteratorItRtPtE11_M_set_nodeEPS1_
                0x00000000080027b4       0x32 Core/Src/cpp_main.o
                0x00000000080027b4                std::_Deque_iterator<unsigned short, unsigned short&, unsigned short*>::_M_set_node(unsigned short**)
 .text._ZNSt11_Deque_baseItSaItEE18_M_deallocate_nodeEPt
                0x00000000080027e6       0x26 Core/Src/cpp_main.o
                0x00000000080027e6                std::_Deque_base<unsigned short, std::allocator<unsigned short> >::_M_deallocate_node(unsigned short*)
 .text._ZNSt15_Deque_iteratorItRtPtE14_S_buffer_sizeEv
                0x000000000800280c       0x10 Core/Src/cpp_main.o
                0x000000000800280c                std::_Deque_iterator<unsigned short, unsigned short&, unsigned short*>::_S_buffer_size()
 .text._ZNKSt15_Deque_iteratorItRtPtEplEi
                0x000000000800281c       0x36 Core/Src/cpp_main.o
                0x000000000800281c                std::_Deque_iterator<unsigned short, unsigned short&, unsigned short*>::operator+(int) const
 .text._ZNKSt15_Deque_iteratorItRtPtEdeEv
                0x0000000008002852       0x18 Core/Src/cpp_main.o
                0x0000000008002852                std::_Deque_iterator<unsigned short, unsigned short&, unsigned short*>::operator*() const
 .text._ZNSaIfEC2ERKS_
                0x000000000800286a       0x1c Core/Src/cpp_main.o
                0x000000000800286a                std::allocator<float>::allocator(std::allocator<float> const&)
                0x000000000800286a                std::allocator<float>::allocator(std::allocator<float> const&)
 .text._ZNSt15_Deque_iteratorIfRfPfEC2Ev
                0x0000000008002886       0x2e Core/Src/cpp_main.o
                0x0000000008002886                std::_Deque_iterator<float, float&, float*>::_Deque_iterator()
                0x0000000008002886                std::_Deque_iterator<float, float&, float*>::_Deque_iterator()
 .text._ZSt3maxIjERKT_S2_S2_
                0x00000000080028b4       0x28 Core/Src/cpp_main.o
                0x00000000080028b4                unsigned int const& std::max<unsigned int>(unsigned int const&, unsigned int const&)
 .text._ZNSt11_Deque_baseIfSaIfEE15_M_allocate_mapEj
                0x00000000080028dc       0x38 Core/Src/cpp_main.o
                0x00000000080028dc                std::_Deque_base<float, std::allocator<float> >::_M_allocate_map(unsigned int)
 .text._ZNSt11_Deque_baseIfSaIfEE15_M_create_nodesEPPfS3_
                0x0000000008002914       0x34 Core/Src/cpp_main.o
                0x0000000008002914                std::_Deque_base<float, std::allocator<float> >::_M_create_nodes(float**, float**)
 .text._ZNKSt11_Deque_baseIfSaIfEE20_M_get_map_allocatorEv
                0x0000000008002948       0x22 Core/Src/cpp_main.o
                0x0000000008002948                std::_Deque_base<float, std::allocator<float> >::_M_get_map_allocator() const
 .text._ZNSaIPfED2Ev
                0x000000000800296a       0x18 Core/Src/cpp_main.o
                0x000000000800296a                std::allocator<float*>::~allocator()
                0x000000000800296a                std::allocator<float*>::~allocator()
 .text._ZNSt16allocator_traitsISaIPfEE10deallocateERS1_PS0_j
                0x0000000008002982       0x1e Core/Src/cpp_main.o
                0x0000000008002982                std::allocator_traits<std::allocator<float*> >::deallocate(std::allocator<float*>&, float**, unsigned int)
 .text._ZSt18uninitialized_fillIPffEvT_S1_RKT0_
                0x00000000080029a0       0x22 Core/Src/cpp_main.o
                0x00000000080029a0                void std::uninitialized_fill<float*, float>(float*, float*, float const&)
 .text._ZNSt15_Deque_iteratorIfRfPfE14_S_buffer_sizeEv
                0x00000000080029c2       0x10 Core/Src/cpp_main.o
                0x00000000080029c2                std::_Deque_iterator<float, float&, float*>::_S_buffer_size()
 .text._ZNSaItEC2Ev
                0x00000000080029d2       0x18 Core/Src/cpp_main.o
                0x00000000080029d2                std::allocator<unsigned short>::allocator()
                0x00000000080029d2                std::allocator<unsigned short>::allocator()
 .text._ZNSt15_Deque_iteratorItRtPtEC2Ev
                0x00000000080029ea       0x2e Core/Src/cpp_main.o
                0x00000000080029ea                std::_Deque_iterator<unsigned short, unsigned short&, unsigned short*>::_Deque_iterator()
                0x00000000080029ea                std::_Deque_iterator<unsigned short, unsigned short&, unsigned short*>::_Deque_iterator()
 .text._ZN9__gnu_cxx13new_allocatorItED2Ev
                0x0000000008002a18       0x16 Core/Src/cpp_main.o
                0x0000000008002a18                __gnu_cxx::new_allocator<unsigned short>::~new_allocator()
                0x0000000008002a18                __gnu_cxx::new_allocator<unsigned short>::~new_allocator()
 .text._ZNSt11_Deque_baseItSaItEE15_M_allocate_mapEj
                0x0000000008002a2e       0x38 Core/Src/cpp_main.o
                0x0000000008002a2e                std::_Deque_base<unsigned short, std::allocator<unsigned short> >::_M_allocate_map(unsigned int)
 .text._ZNSt11_Deque_baseItSaItEE15_M_create_nodesEPPtS3_
                0x0000000008002a66       0x34 Core/Src/cpp_main.o
                0x0000000008002a66                std::_Deque_base<unsigned short, std::allocator<unsigned short> >::_M_create_nodes(unsigned short**, unsigned short**)
 .text._ZNKSt11_Deque_baseItSaItEE20_M_get_map_allocatorEv
                0x0000000008002a9a       0x22 Core/Src/cpp_main.o
                0x0000000008002a9a                std::_Deque_base<unsigned short, std::allocator<unsigned short> >::_M_get_map_allocator() const
 .text._ZNSaIPtED2Ev
                0x0000000008002abc       0x18 Core/Src/cpp_main.o
                0x0000000008002abc                std::allocator<unsigned short*>::~allocator()
                0x0000000008002abc                std::allocator<unsigned short*>::~allocator()
 .text._ZNSt16allocator_traitsISaIPtEE10deallocateERS1_PS0_j
                0x0000000008002ad4       0x1e Core/Src/cpp_main.o
                0x0000000008002ad4                std::allocator_traits<std::allocator<unsigned short*> >::deallocate(std::allocator<unsigned short*>&, unsigned short**, unsigned int)
 .text._ZNSt15_Deque_iteratorIfRfPfEpLEi
                0x0000000008002af2       0xb0 Core/Src/cpp_main.o
                0x0000000008002af2                std::_Deque_iterator<float, float&, float*>::operator+=(int)
 .text._ZNSt16allocator_traitsISaIfEE10deallocateERS0_Pfj
                0x0000000008002ba2       0x1e Core/Src/cpp_main.o
                0x0000000008002ba2                std::allocator_traits<std::allocator<float> >::deallocate(std::allocator<float>&, float*, unsigned int)
 .text._ZNSt5dequeIfSaIfEE17_M_reallocate_mapEjb
                0x0000000008002bc0      0x136 Core/Src/cpp_main.o
                0x0000000008002bc0                std::deque<float, std::allocator<float> >::_M_reallocate_map(unsigned int, bool)
 .text._ZNSt16allocator_traitsISaIfEE8allocateERS0_j
                0x0000000008002cf6       0x1e Core/Src/cpp_main.o
                0x0000000008002cf6                std::allocator_traits<std::allocator<float> >::allocate(std::allocator<float>&, unsigned int)
 .text._ZN9__gnu_cxx13new_allocatorIfE9constructIfJfEEEvPT_DpOT0_
                0x0000000008002d14       0x30 Core/Src/cpp_main.o
                0x0000000008002d14                void __gnu_cxx::new_allocator<float>::construct<float, float>(float*, float&&)
 .text._ZNSt5dequeItSaItEE17_M_reallocate_mapEjb
                0x0000000008002d44      0x136 Core/Src/cpp_main.o
                0x0000000008002d44                std::deque<unsigned short, std::allocator<unsigned short> >::_M_reallocate_map(unsigned int, bool)
 .text._ZNSt16allocator_traitsISaItEE8allocateERS0_j
                0x0000000008002e7a       0x1e Core/Src/cpp_main.o
                0x0000000008002e7a                std::allocator_traits<std::allocator<unsigned short> >::allocate(std::allocator<unsigned short>&, unsigned int)
 .text._ZNSt16allocator_traitsISaItEE10deallocateERS0_Ptj
                0x0000000008002e98       0x1e Core/Src/cpp_main.o
                0x0000000008002e98                std::allocator_traits<std::allocator<unsigned short> >::deallocate(std::allocator<unsigned short>&, unsigned short*, unsigned int)
 .text._ZNSt15_Deque_iteratorItRtPtEpLEi
                0x0000000008002eb6       0xb0 Core/Src/cpp_main.o
                0x0000000008002eb6                std::_Deque_iterator<unsigned short, unsigned short&, unsigned short*>::operator+=(int)
 .text._ZN9__gnu_cxx13new_allocatorIfEC2ERKS1_
                0x0000000008002f66       0x18 Core/Src/cpp_main.o
                0x0000000008002f66                __gnu_cxx::new_allocator<float>::new_allocator(__gnu_cxx::new_allocator<float> const&)
                0x0000000008002f66                __gnu_cxx::new_allocator<float>::new_allocator(__gnu_cxx::new_allocator<float> const&)
 .text._ZNSt16allocator_traitsISaIPfEE8allocateERS1_j
                0x0000000008002f7e       0x1e Core/Src/cpp_main.o
                0x0000000008002f7e                std::allocator_traits<std::allocator<float*> >::allocate(std::allocator<float*>&, unsigned int)
 .text._ZNKSt11_Deque_baseIfSaIfEE19_M_get_Tp_allocatorEv
                0x0000000008002f9c       0x16 Core/Src/cpp_main.o
                0x0000000008002f9c                std::_Deque_base<float, std::allocator<float> >::_M_get_Tp_allocator() const
 .text._ZNSaIPfEC2IfEERKSaIT_E
                0x0000000008002fb2       0x1a Core/Src/cpp_main.o
                0x0000000008002fb2                std::allocator<float*>::allocator<float>(std::allocator<float> const&)
                0x0000000008002fb2                std::allocator<float*>::allocator<float>(std::allocator<float> const&)
 .text._ZN9__gnu_cxx13new_allocatorIPfED2Ev
                0x0000000008002fcc       0x16 Core/Src/cpp_main.o
                0x0000000008002fcc                __gnu_cxx::new_allocator<float*>::~new_allocator()
                0x0000000008002fcc                __gnu_cxx::new_allocator<float*>::~new_allocator()
 .text._ZN9__gnu_cxx13new_allocatorIPfE10deallocateEPS1_j
                0x0000000008002fe2       0x1a Core/Src/cpp_main.o
                0x0000000008002fe2                __gnu_cxx::new_allocator<float*>::deallocate(float**, unsigned int)
 .text._ZNSt20__uninitialized_fillILb1EE13__uninit_fillIPffEEvT_S3_RKT0_
                0x0000000008002ffc       0x1e Core/Src/cpp_main.o
                0x0000000008002ffc                void std::__uninitialized_fill<true>::__uninit_fill<float*, float>(float*, float*, float const&)
 .text._ZN9__gnu_cxx13new_allocatorItEC2Ev
                0x000000000800301a       0x16 Core/Src/cpp_main.o
                0x000000000800301a                __gnu_cxx::new_allocator<unsigned short>::new_allocator()
                0x000000000800301a                __gnu_cxx::new_allocator<unsigned short>::new_allocator()
 .text._ZNSt16allocator_traitsISaIPtEE8allocateERS1_j
                0x0000000008003030       0x1e Core/Src/cpp_main.o
                0x0000000008003030                std::allocator_traits<std::allocator<unsigned short*> >::allocate(std::allocator<unsigned short*>&, unsigned int)
 .text._ZNKSt11_Deque_baseItSaItEE19_M_get_Tp_allocatorEv
                0x000000000800304e       0x16 Core/Src/cpp_main.o
                0x000000000800304e                std::_Deque_base<unsigned short, std::allocator<unsigned short> >::_M_get_Tp_allocator() const
 .text._ZNSaIPtEC2ItEERKSaIT_E
                0x0000000008003064       0x1a Core/Src/cpp_main.o
                0x0000000008003064                std::allocator<unsigned short*>::allocator<unsigned short>(std::allocator<unsigned short> const&)
                0x0000000008003064                std::allocator<unsigned short*>::allocator<unsigned short>(std::allocator<unsigned short> const&)
 .text._ZN9__gnu_cxx13new_allocatorIPtED2Ev
                0x000000000800307e       0x16 Core/Src/cpp_main.o
                0x000000000800307e                __gnu_cxx::new_allocator<unsigned short*>::~new_allocator()
                0x000000000800307e                __gnu_cxx::new_allocator<unsigned short*>::~new_allocator()
 .text._ZN9__gnu_cxx13new_allocatorIPtE10deallocateEPS1_j
                0x0000000008003094       0x1a Core/Src/cpp_main.o
                0x0000000008003094                __gnu_cxx::new_allocator<unsigned short*>::deallocate(unsigned short**, unsigned int)
 .text._ZN9__gnu_cxx13new_allocatorIfE10deallocateEPfj
                0x00000000080030ae       0x1a Core/Src/cpp_main.o
                0x00000000080030ae                __gnu_cxx::new_allocator<float>::deallocate(float*, unsigned int)
 .text._ZSt4copyIPPfS1_ET0_T_S3_S2_
                0x00000000080030c8       0x30 Core/Src/cpp_main.o
                0x00000000080030c8                float** std::copy<float**, float**>(float**, float**, float**)
 .text._ZSt13copy_backwardIPPfS1_ET0_T_S3_S2_
                0x00000000080030f8       0x30 Core/Src/cpp_main.o
                0x00000000080030f8                float** std::copy_backward<float**, float**>(float**, float**, float**)
 .text._ZN9__gnu_cxx13new_allocatorIfE8allocateEjPKv
                0x0000000008003128       0x3c Core/Src/cpp_main.o
                0x0000000008003128                __gnu_cxx::new_allocator<float>::allocate(unsigned int, void const*)
 .text._ZSt4copyIPPtS1_ET0_T_S3_S2_
                0x0000000008003164       0x30 Core/Src/cpp_main.o
                0x0000000008003164                unsigned short** std::copy<unsigned short**, unsigned short**>(unsigned short**, unsigned short**, unsigned short**)
 .text._ZSt13copy_backwardIPPtS1_ET0_T_S3_S2_
                0x0000000008003194       0x30 Core/Src/cpp_main.o
                0x0000000008003194                unsigned short** std::copy_backward<unsigned short**, unsigned short**>(unsigned short**, unsigned short**, unsigned short**)
 .text._ZN9__gnu_cxx13new_allocatorItE8allocateEjPKv
                0x00000000080031c4       0x3c Core/Src/cpp_main.o
                0x00000000080031c4                __gnu_cxx::new_allocator<unsigned short>::allocate(unsigned int, void const*)
 .text._ZN9__gnu_cxx13new_allocatorItE10deallocateEPtj
                0x0000000008003200       0x1a Core/Src/cpp_main.o
                0x0000000008003200                __gnu_cxx::new_allocator<unsigned short>::deallocate(unsigned short*, unsigned int)
 .text._ZN9__gnu_cxx13new_allocatorIPfE8allocateEjPKv
                0x000000000800321a       0x3c Core/Src/cpp_main.o
                0x000000000800321a                __gnu_cxx::new_allocator<float*>::allocate(unsigned int, void const*)
 .text._ZN9__gnu_cxx13new_allocatorIPfEC2Ev
                0x0000000008003256       0x16 Core/Src/cpp_main.o
                0x0000000008003256                __gnu_cxx::new_allocator<float*>::new_allocator()
                0x0000000008003256                __gnu_cxx::new_allocator<float*>::new_allocator()
 .text._ZSt4fillIPffEvT_S1_RKT0_
                0x000000000800326c       0x2e Core/Src/cpp_main.o
                0x000000000800326c                void std::fill<float*, float>(float*, float*, float const&)
 .text._ZN9__gnu_cxx13new_allocatorIPtE8allocateEjPKv
                0x000000000800329a       0x3c Core/Src/cpp_main.o
                0x000000000800329a                __gnu_cxx::new_allocator<unsigned short*>::allocate(unsigned int, void const*)
 .text._ZN9__gnu_cxx13new_allocatorIPtEC2Ev
                0x00000000080032d6       0x16 Core/Src/cpp_main.o
                0x00000000080032d6                __gnu_cxx::new_allocator<unsigned short*>::new_allocator()
                0x00000000080032d6                __gnu_cxx::new_allocator<unsigned short*>::new_allocator()
 .text._ZSt12__miter_baseIPPfET_S2_
                0x00000000080032ec       0x16 Core/Src/cpp_main.o
                0x00000000080032ec                float** std::__miter_base<float**>(float**)
 .text._ZSt14__copy_move_a2ILb0EPPfS1_ET1_T0_S3_S2_
                0x0000000008003302       0x38 Core/Src/cpp_main.o
                0x0000000008003302                float** std::__copy_move_a2<false, float**, float**>(float**, float**, float**)
 .text._ZSt23__copy_move_backward_a2ILb0EPPfS1_ET1_T0_S3_S2_
                0x000000000800333a       0x38 Core/Src/cpp_main.o
                0x000000000800333a                float** std::__copy_move_backward_a2<false, float**, float**>(float**, float**, float**)
 .text._ZNK9__gnu_cxx13new_allocatorIfE8max_sizeEv
                0x0000000008003372       0x18 Core/Src/cpp_main.o
                0x0000000008003372                __gnu_cxx::new_allocator<float>::max_size() const
 .text._ZSt12__miter_baseIPPtET_S2_
                0x000000000800338a       0x16 Core/Src/cpp_main.o
                0x000000000800338a                unsigned short** std::__miter_base<unsigned short**>(unsigned short**)
 .text._ZSt14__copy_move_a2ILb0EPPtS1_ET1_T0_S3_S2_
                0x00000000080033a0       0x38 Core/Src/cpp_main.o
                0x00000000080033a0                unsigned short** std::__copy_move_a2<false, unsigned short**, unsigned short**>(unsigned short**, unsigned short**, unsigned short**)
 .text._ZSt23__copy_move_backward_a2ILb0EPPtS1_ET1_T0_S3_S2_
                0x00000000080033d8       0x38 Core/Src/cpp_main.o
                0x00000000080033d8                unsigned short** std::__copy_move_backward_a2<false, unsigned short**, unsigned short**>(unsigned short**, unsigned short**, unsigned short**)
 .text._ZNK9__gnu_cxx13new_allocatorItE8max_sizeEv
                0x0000000008003410       0x18 Core/Src/cpp_main.o
                0x0000000008003410                __gnu_cxx::new_allocator<unsigned short>::max_size() const
 .text._ZNK9__gnu_cxx13new_allocatorIPfE8max_sizeEv
                0x0000000008003428       0x18 Core/Src/cpp_main.o
                0x0000000008003428                __gnu_cxx::new_allocator<float*>::max_size() const
 .text._ZSt12__niter_baseIPfET_S1_
                0x0000000008003440       0x16 Core/Src/cpp_main.o
                0x0000000008003440                float* std::__niter_base<float*>(float*)
 .text._ZSt8__fill_aIPffEN9__gnu_cxx11__enable_ifIXsrSt11__is_scalarIT0_E7__valueEvE6__typeET_S8_RKS4_
                0x0000000008003456       0x34 Core/Src/cpp_main.o
                0x0000000008003456                __gnu_cxx::__enable_if<std::__is_scalar<float>::__value, void>::__type std::__fill_a<float*, float>(float*, float*, float const&)
 .text._ZNK9__gnu_cxx13new_allocatorIPtE8max_sizeEv
                0x000000000800348a       0x18 Core/Src/cpp_main.o
                0x000000000800348a                __gnu_cxx::new_allocator<unsigned short*>::max_size() const
 .text._ZSt12__niter_baseIPPfET_S2_
                0x00000000080034a2       0x16 Core/Src/cpp_main.o
                0x00000000080034a2                float** std::__niter_base<float**>(float**)
 .text._ZSt13__copy_move_aILb0EPPfS1_ET1_T0_S3_S2_
                0x00000000080034b8       0x24 Core/Src/cpp_main.o
                0x00000000080034b8                float** std::__copy_move_a<false, float**, float**>(float**, float**, float**)
 .text._ZSt22__copy_move_backward_aILb0EPPfS1_ET1_T0_S3_S2_
                0x00000000080034dc       0x24 Core/Src/cpp_main.o
                0x00000000080034dc                float** std::__copy_move_backward_a<false, float**, float**>(float**, float**, float**)
 .text._ZSt12__niter_baseIPPtET_S2_
                0x0000000008003500       0x16 Core/Src/cpp_main.o
                0x0000000008003500                unsigned short** std::__niter_base<unsigned short**>(unsigned short**)
 .text._ZSt13__copy_move_aILb0EPPtS1_ET1_T0_S3_S2_
                0x0000000008003516       0x24 Core/Src/cpp_main.o
                0x0000000008003516                unsigned short** std::__copy_move_a<false, unsigned short**, unsigned short**>(unsigned short**, unsigned short**, unsigned short**)
 .text._ZSt22__copy_move_backward_aILb0EPPtS1_ET1_T0_S3_S2_
                0x000000000800353a       0x24 Core/Src/cpp_main.o
                0x000000000800353a                unsigned short** std::__copy_move_backward_a<false, unsigned short**, unsigned short**>(unsigned short**, unsigned short**, unsigned short**)
 .text._ZNSt11__copy_moveILb0ELb1ESt26random_access_iterator_tagE8__copy_mIPfEEPT_PKS4_S7_S5_
                0x000000000800355e       0x3a Core/Src/cpp_main.o
                0x000000000800355e                float** std::__copy_move<false, true, std::random_access_iterator_tag>::__copy_m<float*>(float* const*, float* const*, float**)
 .text._ZNSt20__copy_move_backwardILb0ELb1ESt26random_access_iterator_tagE13__copy_move_bIPfEEPT_PKS4_S7_S5_
                0x0000000008003598       0x44 Core/Src/cpp_main.o
                0x0000000008003598                float** std::__copy_move_backward<false, true, std::random_access_iterator_tag>::__copy_move_b<float*>(float* const*, float* const*, float**)
 .text._ZNSt11__copy_moveILb0ELb1ESt26random_access_iterator_tagE8__copy_mIPtEEPT_PKS4_S7_S5_
                0x00000000080035dc       0x3a Core/Src/cpp_main.o
                0x00000000080035dc                unsigned short** std::__copy_move<false, true, std::random_access_iterator_tag>::__copy_m<unsigned short*>(unsigned short* const*, unsigned short* const*, unsigned short**)
 .text._ZNSt20__copy_move_backwardILb0ELb1ESt26random_access_iterator_tagE13__copy_move_bIPtEEPT_PKS4_S7_S5_
                0x0000000008003616       0x44 Core/Src/cpp_main.o
                0x0000000008003616                unsigned short** std::__copy_move_backward<false, true, std::random_access_iterator_tag>::__copy_move_b<unsigned short*>(unsigned short* const*, unsigned short* const*, unsigned short**)
 .text._ZN9ParameterD2Ev
                0x000000000800365a       0x1a Core/Src/cpp_main.o
                0x000000000800365a                Parameter::~Parameter()
                0x000000000800365a                Parameter::~Parameter()
 .text._Z41__static_initialization_and_destruction_0ii
                0x0000000008003674      0x204 Core/Src/cpp_main.o
 .text._GLOBAL__sub_I_t
                0x0000000008003878       0x10 Core/Src/cpp_main.o
 .text._GLOBAL__sub_D_t
                0x0000000008003888       0x10 Core/Src/cpp_main.o
 .text.MX_DAC_Init
                0x0000000008003898       0x54 Core/Src/dac.o
                0x0000000008003898                MX_DAC_Init
 .text.HAL_DAC_MspInit
                0x00000000080038ec       0x80 Core/Src/dac.o
                0x00000000080038ec                HAL_DAC_MspInit
 .text.MX_DMA_Init
                0x000000000800396c       0x3c Core/Src/dma.o
                0x000000000800396c                MX_DMA_Init
 .text.MX_GPIO_Init
                0x00000000080039a8       0xa8 Core/Src/gpio.o
                0x00000000080039a8                MX_GPIO_Init
 .text.main     0x0000000008003a50       0x26 Core/Src/main.o
                0x0000000008003a50                main
 *fill*         0x0000000008003a76        0x2 
 .text.SystemClock_Config
                0x0000000008003a78       0xb8 Core/Src/main.o
                0x0000000008003a78                SystemClock_Config
 .text.Error_Handler
                0x0000000008003b30        0xe Core/Src/main.o
                0x0000000008003b30                Error_Handler
 *fill*         0x0000000008003b3e        0x2 
 .text.MX_SPI1_Init
                0x0000000008003b40       0x7c Core/Src/spi.o
                0x0000000008003b40                MX_SPI1_Init
 .text.HAL_SPI_MspInit
                0x0000000008003bbc       0xc4 Core/Src/spi.o
                0x0000000008003bbc                HAL_SPI_MspInit
 .text.HAL_MspInit
                0x0000000008003c80       0x48 Core/Src/stm32f7xx_hal_msp.o
                0x0000000008003c80                HAL_MspInit
 .text.NMI_Handler
                0x0000000008003cc8        0xe Core/Src/stm32f7xx_it.o
                0x0000000008003cc8                NMI_Handler
 .text.HardFault_Handler
                0x0000000008003cd6        0x6 Core/Src/stm32f7xx_it.o
                0x0000000008003cd6                HardFault_Handler
 .text.MemManage_Handler
                0x0000000008003cdc        0x6 Core/Src/stm32f7xx_it.o
                0x0000000008003cdc                MemManage_Handler
 .text.BusFault_Handler
                0x0000000008003ce2        0x6 Core/Src/stm32f7xx_it.o
                0x0000000008003ce2                BusFault_Handler
 .text.UsageFault_Handler
                0x0000000008003ce8        0x6 Core/Src/stm32f7xx_it.o
                0x0000000008003ce8                UsageFault_Handler
 .text.SVC_Handler
                0x0000000008003cee        0xe Core/Src/stm32f7xx_it.o
                0x0000000008003cee                SVC_Handler
 .text.DebugMon_Handler
                0x0000000008003cfc        0xe Core/Src/stm32f7xx_it.o
                0x0000000008003cfc                DebugMon_Handler
 .text.PendSV_Handler
                0x0000000008003d0a        0xe Core/Src/stm32f7xx_it.o
                0x0000000008003d0a                PendSV_Handler
 .text.SysTick_Handler
                0x0000000008003d18        0xc Core/Src/stm32f7xx_it.o
                0x0000000008003d18                SysTick_Handler
 .text.DMA2_Stream0_IRQHandler
                0x0000000008003d24       0x14 Core/Src/stm32f7xx_it.o
                0x0000000008003d24                DMA2_Stream0_IRQHandler
 .text._getpid  0x0000000008003d38       0x10 Core/Src/syscalls.o
                0x0000000008003d38                _getpid
 .text._kill    0x0000000008003d48       0x20 Core/Src/syscalls.o
                0x0000000008003d48                _kill
 .text._exit    0x0000000008003d68       0x14 Core/Src/syscalls.o
                0x0000000008003d68                _exit
 .text._sbrk    0x0000000008003d7c       0x6c Core/Src/sysmem.o
                0x0000000008003d7c                _sbrk
 .text.SystemInit
                0x0000000008003de8       0x24 Core/Src/system_stm32f7xx.o
                0x0000000008003de8                SystemInit
 .text.Reset_Handler
                0x0000000008003e0c       0x50 Core/Startup/startup_stm32f746zgtx.o
                0x0000000008003e0c                Reset_Handler
 .text.Default_Handler
                0x0000000008003e5c        0x2 Core/Startup/startup_stm32f746zgtx.o
                0x0000000008003e5c                RTC_Alarm_IRQHandler
                0x0000000008003e5c                EXTI2_IRQHandler
                0x0000000008003e5c                TIM8_CC_IRQHandler
                0x0000000008003e5c                UART8_IRQHandler
                0x0000000008003e5c                SPI4_IRQHandler
                0x0000000008003e5c                TIM1_CC_IRQHandler
                0x0000000008003e5c                DMA2_Stream5_IRQHandler
                0x0000000008003e5c                DMA1_Stream5_IRQHandler
                0x0000000008003e5c                PVD_IRQHandler
                0x0000000008003e5c                TAMP_STAMP_IRQHandler
                0x0000000008003e5c                CAN2_RX1_IRQHandler
                0x0000000008003e5c                EXTI3_IRQHandler
                0x0000000008003e5c                TIM8_TRG_COM_TIM14_IRQHandler
                0x0000000008003e5c                TIM1_UP_TIM10_IRQHandler
                0x0000000008003e5c                TIM8_UP_TIM13_IRQHandler
                0x0000000008003e5c                I2C3_ER_IRQHandler
                0x0000000008003e5c                EXTI0_IRQHandler
                0x0000000008003e5c                I2C2_EV_IRQHandler
                0x0000000008003e5c                DMA1_Stream2_IRQHandler
                0x0000000008003e5c                CAN1_RX0_IRQHandler
                0x0000000008003e5c                FPU_IRQHandler
                0x0000000008003e5c                OTG_HS_WKUP_IRQHandler
                0x0000000008003e5c                LTDC_ER_IRQHandler
                0x0000000008003e5c                CAN2_SCE_IRQHandler
                0x0000000008003e5c                DMA2_Stream2_IRQHandler
                0x0000000008003e5c                SPI1_IRQHandler
                0x0000000008003e5c                TIM6_DAC_IRQHandler
                0x0000000008003e5c                TIM1_BRK_TIM9_IRQHandler
                0x0000000008003e5c                DCMI_IRQHandler
                0x0000000008003e5c                CAN2_RX0_IRQHandler
                0x0000000008003e5c                DMA2_Stream3_IRQHandler
                0x0000000008003e5c                SAI2_IRQHandler
                0x0000000008003e5c                USART6_IRQHandler
                0x0000000008003e5c                USART3_IRQHandler
                0x0000000008003e5c                CAN1_RX1_IRQHandler
                0x0000000008003e5c                UART5_IRQHandler
                0x0000000008003e5c                TIM4_IRQHandler
                0x0000000008003e5c                QUADSPI_IRQHandler
                0x0000000008003e5c                I2C1_EV_IRQHandler
                0x0000000008003e5c                DMA1_Stream6_IRQHandler
                0x0000000008003e5c                DMA1_Stream1_IRQHandler
                0x0000000008003e5c                UART4_IRQHandler
                0x0000000008003e5c                TIM3_IRQHandler
                0x0000000008003e5c                RCC_IRQHandler
                0x0000000008003e5c                TIM8_BRK_TIM12_IRQHandler
                0x0000000008003e5c                Default_Handler
                0x0000000008003e5c                CEC_IRQHandler
                0x0000000008003e5c                EXTI15_10_IRQHandler
                0x0000000008003e5c                ADC_IRQHandler
                0x0000000008003e5c                DMA1_Stream7_IRQHandler
                0x0000000008003e5c                SPI5_IRQHandler
                0x0000000008003e5c                TIM7_IRQHandler
                0x0000000008003e5c                SDMMC1_IRQHandler
                0x0000000008003e5c                CAN2_TX_IRQHandler
                0x0000000008003e5c                TIM5_IRQHandler
                0x0000000008003e5c                DMA2_Stream7_IRQHandler
                0x0000000008003e5c                I2C3_EV_IRQHandler
                0x0000000008003e5c                EXTI9_5_IRQHandler
                0x0000000008003e5c                RTC_WKUP_IRQHandler
                0x0000000008003e5c                LTDC_IRQHandler
                0x0000000008003e5c                ETH_WKUP_IRQHandler
                0x0000000008003e5c                SPDIF_RX_IRQHandler
                0x0000000008003e5c                SPI2_IRQHandler
                0x0000000008003e5c                OTG_HS_EP1_IN_IRQHandler
                0x0000000008003e5c                DMA1_Stream0_IRQHandler
                0x0000000008003e5c                CAN1_TX_IRQHandler
                0x0000000008003e5c                EXTI4_IRQHandler
                0x0000000008003e5c                RNG_IRQHandler
                0x0000000008003e5c                ETH_IRQHandler
                0x0000000008003e5c                OTG_HS_EP1_OUT_IRQHandler
                0x0000000008003e5c                WWDG_IRQHandler
                0x0000000008003e5c                SPI6_IRQHandler
                0x0000000008003e5c                I2C4_EV_IRQHandler
                0x0000000008003e5c                TIM2_IRQHandler
                0x0000000008003e5c                OTG_FS_WKUP_IRQHandler
                0x0000000008003e5c                TIM1_TRG_COM_TIM11_IRQHandler
                0x0000000008003e5c                OTG_HS_IRQHandler
                0x0000000008003e5c                DMA2D_IRQHandler
                0x0000000008003e5c                EXTI1_IRQHandler
                0x0000000008003e5c                UART7_IRQHandler
                0x0000000008003e5c                USART2_IRQHandler
                0x0000000008003e5c                I2C2_ER_IRQHandler
                0x0000000008003e5c                DMA2_Stream1_IRQHandler
                0x0000000008003e5c                CAN1_SCE_IRQHandler
                0x0000000008003e5c                FLASH_IRQHandler
                0x0000000008003e5c                DMA2_Stream4_IRQHandler
                0x0000000008003e5c                USART1_IRQHandler
                0x0000000008003e5c                OTG_FS_IRQHandler
                0x0000000008003e5c                SPI3_IRQHandler
                0x0000000008003e5c                DMA1_Stream4_IRQHandler
                0x0000000008003e5c                I2C1_ER_IRQHandler
                0x0000000008003e5c                FMC_IRQHandler
                0x0000000008003e5c                LPTIM1_IRQHandler
                0x0000000008003e5c                I2C4_ER_IRQHandler
                0x0000000008003e5c                DMA2_Stream6_IRQHandler
                0x0000000008003e5c                SAI1_IRQHandler
                0x0000000008003e5c                DMA1_Stream3_IRQHandler
 .text.HAL_Init
                0x0000000008003e5e       0x1a Drivers/STM32F7xx_HAL_Driver/Src/stm32f7xx_hal.o
                0x0000000008003e5e                HAL_Init
 .text.HAL_InitTick
                0x0000000008003e78       0x60 Drivers/STM32F7xx_HAL_Driver/Src/stm32f7xx_hal.o
                0x0000000008003e78                HAL_InitTick
 .text.HAL_IncTick
                0x0000000008003ed8       0x28 Drivers/STM32F7xx_HAL_Driver/Src/stm32f7xx_hal.o
                0x0000000008003ed8                HAL_IncTick
 .text.HAL_GetTick
                0x0000000008003f00       0x18 Drivers/STM32F7xx_HAL_Driver/Src/stm32f7xx_hal.o
                0x0000000008003f00                HAL_GetTick
 .text.HAL_ADC_Init
                0x0000000008003f18       0x88 Drivers/STM32F7xx_HAL_Driver/Src/stm32f7xx_hal_adc.o
                0x0000000008003f18                HAL_ADC_Init
 .text.HAL_ADC_Start_DMA
                0x0000000008003fa0      0x1f4 Drivers/STM32F7xx_HAL_Driver/Src/stm32f7xx_hal_adc.o
                0x0000000008003fa0                HAL_ADC_Start_DMA
 .text.HAL_ADC_ConvCpltCallback
                0x0000000008004194       0x14 Drivers/STM32F7xx_HAL_Driver/Src/stm32f7xx_hal_adc.o
                0x0000000008004194                HAL_ADC_ConvCpltCallback
 .text.HAL_ADC_ConvHalfCpltCallback
                0x00000000080041a8       0x14 Drivers/STM32F7xx_HAL_Driver/Src/stm32f7xx_hal_adc.o
                0x00000000080041a8                HAL_ADC_ConvHalfCpltCallback
 .text.HAL_ADC_ErrorCallback
                0x00000000080041bc       0x14 Drivers/STM32F7xx_HAL_Driver/Src/stm32f7xx_hal_adc.o
                0x00000000080041bc                HAL_ADC_ErrorCallback
 .text.HAL_ADC_ConfigChannel
                0x00000000080041d0      0x2ac Drivers/STM32F7xx_HAL_Driver/Src/stm32f7xx_hal_adc.o
                0x00000000080041d0                HAL_ADC_ConfigChannel
 .text.ADC_Init
                0x000000000800447c      0x1f4 Drivers/STM32F7xx_HAL_Driver/Src/stm32f7xx_hal_adc.o
 .text.ADC_DMAConvCplt
                0x0000000008004670       0xba Drivers/STM32F7xx_HAL_Driver/Src/stm32f7xx_hal_adc.o
 .text.ADC_DMAHalfConvCplt
                0x000000000800472a       0x1c Drivers/STM32F7xx_HAL_Driver/Src/stm32f7xx_hal_adc.o
 .text.ADC_DMAError
                0x0000000008004746       0x2e Drivers/STM32F7xx_HAL_Driver/Src/stm32f7xx_hal_adc.o
 .text.__NVIC_SetPriorityGrouping
                0x0000000008004774       0x48 Drivers/STM32F7xx_HAL_Driver/Src/stm32f7xx_hal_cortex.o
 .text.__NVIC_GetPriorityGrouping
                0x00000000080047bc       0x1c Drivers/STM32F7xx_HAL_Driver/Src/stm32f7xx_hal_cortex.o
 .text.__NVIC_EnableIRQ
                0x00000000080047d8       0x3c Drivers/STM32F7xx_HAL_Driver/Src/stm32f7xx_hal_cortex.o
 .text.__NVIC_SetPriority
                0x0000000008004814       0x54 Drivers/STM32F7xx_HAL_Driver/Src/stm32f7xx_hal_cortex.o
 .text.NVIC_EncodePriority
                0x0000000008004868       0x66 Drivers/STM32F7xx_HAL_Driver/Src/stm32f7xx_hal_cortex.o
 *fill*         0x00000000080048ce        0x2 
 .text.SysTick_Config
                0x00000000080048d0       0x44 Drivers/STM32F7xx_HAL_Driver/Src/stm32f7xx_hal_cortex.o
 .text.HAL_NVIC_SetPriorityGrouping
                0x0000000008004914       0x16 Drivers/STM32F7xx_HAL_Driver/Src/stm32f7xx_hal_cortex.o
                0x0000000008004914                HAL_NVIC_SetPriorityGrouping
 .text.HAL_NVIC_SetPriority
                0x000000000800492a       0x38 Drivers/STM32F7xx_HAL_Driver/Src/stm32f7xx_hal_cortex.o
                0x000000000800492a                HAL_NVIC_SetPriority
 .text.HAL_NVIC_EnableIRQ
                0x0000000008004962       0x1c Drivers/STM32F7xx_HAL_Driver/Src/stm32f7xx_hal_cortex.o
                0x0000000008004962                HAL_NVIC_EnableIRQ
 .text.HAL_SYSTICK_Config
                0x000000000800497e       0x18 Drivers/STM32F7xx_HAL_Driver/Src/stm32f7xx_hal_cortex.o
                0x000000000800497e                HAL_SYSTICK_Config
 .text.HAL_DAC_Init
                0x0000000008004996       0x44 Drivers/STM32F7xx_HAL_Driver/Src/stm32f7xx_hal_dac.o
                0x0000000008004996                HAL_DAC_Init
 .text.HAL_DAC_ConfigChannel
                0x00000000080049da       0x9e Drivers/STM32F7xx_HAL_Driver/Src/stm32f7xx_hal_dac.o
                0x00000000080049da                HAL_DAC_ConfigChannel
 .text.HAL_DMA_Init
                0x0000000008004a78      0x15c Drivers/STM32F7xx_HAL_Driver/Src/stm32f7xx_hal_dma.o
                0x0000000008004a78                HAL_DMA_Init
 .text.HAL_DMA_Start_IT
                0x0000000008004bd4       0xc0 Drivers/STM32F7xx_HAL_Driver/Src/stm32f7xx_hal_dma.o
                0x0000000008004bd4                HAL_DMA_Start_IT
 .text.HAL_DMA_IRQHandler
                0x0000000008004c94      0x314 Drivers/STM32F7xx_HAL_Driver/Src/stm32f7xx_hal_dma.o
                0x0000000008004c94                HAL_DMA_IRQHandler
 .text.DMA_SetConfig
                0x0000000008004fa8       0x5c Drivers/STM32F7xx_HAL_Driver/Src/stm32f7xx_hal_dma.o
 .text.DMA_CalcBaseAndBitshift
                0x0000000008005004       0x6c Drivers/STM32F7xx_HAL_Driver/Src/stm32f7xx_hal_dma.o
 .text.DMA_CheckFifoParam
                0x0000000008005070       0xf4 Drivers/STM32F7xx_HAL_Driver/Src/stm32f7xx_hal_dma.o
 .text.HAL_GPIO_Init
                0x0000000008005164      0x354 Drivers/STM32F7xx_HAL_Driver/Src/stm32f7xx_hal_gpio.o
                0x0000000008005164                HAL_GPIO_Init
 .text.HAL_GPIO_WritePin
                0x00000000080054b8       0x32 Drivers/STM32F7xx_HAL_Driver/Src/stm32f7xx_hal_gpio.o
                0x00000000080054b8                HAL_GPIO_WritePin
 *fill*         0x00000000080054ea        0x2 
 .text.HAL_RCC_OscConfig
                0x00000000080054ec      0x548 Drivers/STM32F7xx_HAL_Driver/Src/stm32f7xx_hal_rcc.o
                0x00000000080054ec                HAL_RCC_OscConfig
 .text.HAL_RCC_ClockConfig
                0x0000000008005a34      0x1d8 Drivers/STM32F7xx_HAL_Driver/Src/stm32f7xx_hal_rcc.o
                0x0000000008005a34                HAL_RCC_ClockConfig
 .text.HAL_RCC_GetSysClockFreq
                0x0000000008005c0c      0x164 Drivers/STM32F7xx_HAL_Driver/Src/stm32f7xx_hal_rcc.o
                0x0000000008005c0c                HAL_RCC_GetSysClockFreq
 .text.HAL_SPI_Init
                0x0000000008005d70      0x156 Drivers/STM32F7xx_HAL_Driver/Src/stm32f7xx_hal_spi.o
                0x0000000008005d70                HAL_SPI_Init
 .text.HAL_SPI_Transmit
                0x0000000008005ec6      0x2dc Drivers/STM32F7xx_HAL_Driver/Src/stm32f7xx_hal_spi.o
                0x0000000008005ec6                HAL_SPI_Transmit
 *fill*         0x00000000080061a2        0x2 
 .text.SPI_WaitFlagStateUntilTimeout
                0x00000000080061a4      0x110 Drivers/STM32F7xx_HAL_Driver/Src/stm32f7xx_hal_spi.o
 .text.SPI_WaitFifoStateUntilTimeout
                0x00000000080062b4      0x12c Drivers/STM32F7xx_HAL_Driver/Src/stm32f7xx_hal_spi.o
 .text.SPI_EndRxTxTransaction
                0x00000000080063e0       0xd4 Drivers/STM32F7xx_HAL_Driver/Src/stm32f7xx_hal_spi.o
 .text._Znwj    0x00000000080064b4       0x22 d:/axlr8r/stm32cubeide_1.4.0/stm32cubeide/plugins/com.st.stm32cube.ide.mcu.externaltools.gnu-tools-for-stm32.7-2018-q2-update.win32_1.4.0.202007081208/tools/bin/../lib/gcc/arm-none-eabi/7.3.1/../../../../arm-none-eabi/lib/thumb/v7e-m/fpv4-sp/hard\libstdc++_nano.a(new_op.o)
                0x00000000080064b4                operator new(unsigned int)
 *fill*         0x00000000080064d6        0x2 
 .text._ZSt15get_new_handlerv
                0x00000000080064d8       0x10 d:/axlr8r/stm32cubeide_1.4.0/stm32cubeide/plugins/com.st.stm32cube.ide.mcu.externaltools.gnu-tools-for-stm32.7-2018-q2-update.win32_1.4.0.202007081208/tools/bin/../lib/gcc/arm-none-eabi/7.3.1/../../../../arm-none-eabi/lib/thumb/v7e-m/fpv4-sp/hard\libstdc++_nano.a(new_handler.o)
                0x00000000080064d8                std::get_new_handler()
 .text._ZdlPv   0x00000000080064e8        0x4 d:/axlr8r/stm32cubeide_1.4.0/stm32cubeide/plugins/com.st.stm32cube.ide.mcu.externaltools.gnu-tools-for-stm32.7-2018-q2-update.win32_1.4.0.202007081208/tools/bin/../lib/gcc/arm-none-eabi/7.3.1/../../../../arm-none-eabi/lib/thumb/v7e-m/fpv4-sp/hard\libstdc++_nano.a(del_op.o)
                0x00000000080064e8                operator delete(void*)
 .text._ZNSaIcEC2Ev
                0x00000000080064ec        0x2 d:/axlr8r/stm32cubeide_1.4.0/stm32cubeide/plugins/com.st.stm32cube.ide.mcu.externaltools.gnu-tools-for-stm32.7-2018-q2-update.win32_1.4.0.202007081208/tools/bin/../lib/gcc/arm-none-eabi/7.3.1/../../../../arm-none-eabi/lib/thumb/v7e-m/fpv4-sp/hard\libstdc++_nano.a(allocator-inst.o)
                0x00000000080064ec                std::allocator<char>::allocator()
                0x00000000080064ec                std::allocator<char>::allocator()
 .text._ZNSaIcED2Ev
                0x00000000080064ee        0x2 d:/axlr8r/stm32cubeide_1.4.0/stm32cubeide/plugins/com.st.stm32cube.ide.mcu.externaltools.gnu-tools-for-stm32.7-2018-q2-update.win32_1.4.0.202007081208/tools/bin/../lib/gcc/arm-none-eabi/7.3.1/../../../../arm-none-eabi/lib/thumb/v7e-m/fpv4-sp/hard\libstdc++_nano.a(allocator-inst.o)
                0x00000000080064ee                std::allocator<char>::~allocator()
                0x00000000080064ee                std::allocator<char>::~allocator()
 .text._ZSt17__throw_bad_allocv
                0x00000000080064f0        0x6 d:/axlr8r/stm32cubeide_1.4.0/stm32cubeide/plugins/com.st.stm32cube.ide.mcu.externaltools.gnu-tools-for-stm32.7-2018-q2-update.win32_1.4.0.202007081208/tools/bin/../lib/gcc/arm-none-eabi/7.3.1/../../../../arm-none-eabi/lib/thumb/v7e-m/fpv4-sp/hard\libstdc++_nano.a(functexcept.o)
                0x00000000080064f0                std::__throw_bad_alloc()
 .text._ZSt19__throw_logic_errorPKc
                0x00000000080064f6        0x6 d:/axlr8r/stm32cubeide_1.4.0/stm32cubeide/plugins/com.st.stm32cube.ide.mcu.externaltools.gnu-tools-for-stm32.7-2018-q2-update.win32_1.4.0.202007081208/tools/bin/../lib/gcc/arm-none-eabi/7.3.1/../../../../arm-none-eabi/lib/thumb/v7e-m/fpv4-sp/hard\libstdc++_nano.a(functexcept.o)
                0x00000000080064f6                std::__throw_logic_error(char const*)
 .text._ZSt20__throw_length_errorPKc
                0x00000000080064fc        0x6 d:/axlr8r/stm32cubeide_1.4.0/stm32cubeide/plugins/com.st.stm32cube.ide.mcu.externaltools.gnu-tools-for-stm32.7-2018-q2-update.win32_1.4.0.202007081208/tools/bin/../lib/gcc/arm-none-eabi/7.3.1/../../../../arm-none-eabi/lib/thumb/v7e-m/fpv4-sp/hard\libstdc++_nano.a(functexcept.o)
                0x00000000080064fc                std::__throw_length_error(char const*)
 .text._ZNSt11char_traitsIcE4copyEPcPKcj
                0x0000000008006502        0x8 d:/axlr8r/stm32cubeide_1.4.0/stm32cubeide/plugins/com.st.stm32cube.ide.mcu.externaltools.gnu-tools-for-stm32.7-2018-q2-update.win32_1.4.0.202007081208/tools/bin/../lib/gcc/arm-none-eabi/7.3.1/../../../../arm-none-eabi/lib/thumb/v7e-m/fpv4-sp/hard\libstdc++_nano.a(string-inst.o)
                0x0000000008006502                std::char_traits<char>::copy(char*, char const*, unsigned int)
 *fill*         0x000000000800650a        0x2 
 .text._ZNSt7__cxx1112basic_stringIcSt11char_traitsIcESaIcEE9_M_createERjj
                0x000000000800650c       0x34 d:/axlr8r/stm32cubeide_1.4.0/stm32cubeide/plugins/com.st.stm32cube.ide.mcu.externaltools.gnu-tools-for-stm32.7-2018-q2-update.win32_1.4.0.202007081208/tools/bin/../lib/gcc/arm-none-eabi/7.3.1/../../../../arm-none-eabi/lib/thumb/v7e-m/fpv4-sp/hard\libstdc++_nano.a(string-inst.o)
                0x000000000800650c                std::__cxx11::basic_string<char, std::char_traits<char>, std::allocator<char> >::_M_create(unsigned int&, unsigned int)
 .text._ZNSt7__cxx1112basic_stringIcSt11char_traitsIcESaIcEE10_M_disposeEv
                0x0000000008006540       0x10 d:/axlr8r/stm32cubeide_1.4.0/stm32cubeide/plugins/com.st.stm32cube.ide.mcu.externaltools.gnu-tools-for-stm32.7-2018-q2-update.win32_1.4.0.202007081208/tools/bin/../lib/gcc/arm-none-eabi/7.3.1/../../../../arm-none-eabi/lib/thumb/v7e-m/fpv4-sp/hard\libstdc++_nano.a(string-inst.o)
                0x0000000008006540                std::__cxx11::basic_string<char, std::char_traits<char>, std::allocator<char> >::_M_dispose()
 .text._ZNSt7__cxx1112basic_stringIcSt11char_traitsIcESaIcEE7_S_copyEPcPKcj
                0x0000000008006550       0x12 d:/axlr8r/stm32cubeide_1.4.0/stm32cubeide/plugins/com.st.stm32cube.ide.mcu.externaltools.gnu-tools-for-stm32.7-2018-q2-update.win32_1.4.0.202007081208/tools/bin/../lib/gcc/arm-none-eabi/7.3.1/../../../../arm-none-eabi/lib/thumb/v7e-m/fpv4-sp/hard\libstdc++_nano.a(string-inst.o)
                0x0000000008006550                std::__cxx11::basic_string<char, std::char_traits<char>, std::allocator<char> >::_S_copy(char*, char const*, unsigned int)
 .text._ZNSt7__cxx1112basic_stringIcSt11char_traitsIcESaIcEE13_S_copy_charsEPcPKcS7_
                0x0000000008006562        0xa d:/axlr8r/stm32cubeide_1.4.0/stm32cubeide/plugins/com.st.stm32cube.ide.mcu.externaltools.gnu-tools-for-stm32.7-2018-q2-update.win32_1.4.0.202007081208/tools/bin/../lib/gcc/arm-none-eabi/7.3.1/../../../../arm-none-eabi/lib/thumb/v7e-m/fpv4-sp/hard\libstdc++_nano.a(string-inst.o)
                0x0000000008006562                std::__cxx11::basic_string<char, std::char_traits<char>, std::allocator<char> >::_S_copy_chars(char*, char const*, char const*)
 .text._ZNSt7__cxx1112basic_stringIcSt11char_traitsIcESaIcEED2Ev
                0x000000000800656c        0xc d:/axlr8r/stm32cubeide_1.4.0/stm32cubeide/plugins/com.st.stm32cube.ide.mcu.externaltools.gnu-tools-for-stm32.7-2018-q2-update.win32_1.4.0.202007081208/tools/bin/../lib/gcc/arm-none-eabi/7.3.1/../../../../arm-none-eabi/lib/thumb/v7e-m/fpv4-sp/hard\libstdc++_nano.a(string-inst.o)
                0x000000000800656c                std::__cxx11::basic_string<char, std::char_traits<char>, std::allocator<char> >::~basic_string()
                0x000000000800656c                std::__cxx11::basic_string<char, std::char_traits<char>, std::allocator<char> >::~basic_string()
 .text._ZNSt7__cxx1112basic_stringIcSt11char_traitsIcESaIcEE12_M_constructIPKcEEvT_S8_St20forward_iterator_tag
                0x0000000008006578       0x48 d:/axlr8r/stm32cubeide_1.4.0/stm32cubeide/plugins/com.st.stm32cube.ide.mcu.externaltools.gnu-tools-for-stm32.7-2018-q2-update.win32_1.4.0.202007081208/tools/bin/../lib/gcc/arm-none-eabi/7.3.1/../../../../arm-none-eabi/lib/thumb/v7e-m/fpv4-sp/hard\libstdc++_nano.a(string-inst.o)
                0x0000000008006578                void std::__cxx11::basic_string<char, std::char_traits<char>, std::allocator<char> >::_M_construct<char const*>(char const*, char const*, std::forward_iterator_tag)
 .text._ZNSt7__cxx1112basic_stringIcSt11char_traitsIcESaIcEEC2EPKcRKS3_
                0x00000000080065c0       0x2c d:/axlr8r/stm32cubeide_1.4.0/stm32cubeide/plugins/com.st.stm32cube.ide.mcu.externaltools.gnu-tools-for-stm32.7-2018-q2-update.win32_1.4.0.202007081208/tools/bin/../lib/gcc/arm-none-eabi/7.3.1/../../../../arm-none-eabi/lib/thumb/v7e-m/fpv4-sp/hard\libstdc++_nano.a(string-inst.o)
                0x00000000080065c0                std::__cxx11::basic_string<char, std::char_traits<char>, std::allocator<char> >::basic_string(char const*, std::allocator<char> const&)
                0x00000000080065c0                std::__cxx11::basic_string<char, std::char_traits<char>, std::allocator<char> >::basic_string(char const*, std::allocator<char> const&)
 .text.abort    0x00000000080065ec        0xe d:/axlr8r/stm32cubeide_1.4.0/stm32cubeide/plugins/com.st.stm32cube.ide.mcu.externaltools.gnu-tools-for-stm32.7-2018-q2-update.win32_1.4.0.202007081208/tools/bin/../lib/gcc/arm-none-eabi/7.3.1/../../../../arm-none-eabi/lib/thumb/v7e-m/fpv4-sp/hard\libc_nano.a(lib_a-abort.o)
                0x00000000080065ec                abort
 *fill*         0x00000000080065fa        0x2 
 .text.__errno  0x00000000080065fc        0xc d:/axlr8r/stm32cubeide_1.4.0/stm32cubeide/plugins/com.st.stm32cube.ide.mcu.externaltools.gnu-tools-for-stm32.7-2018-q2-update.win32_1.4.0.202007081208/tools/bin/../lib/gcc/arm-none-eabi/7.3.1/../../../../arm-none-eabi/lib/thumb/v7e-m/fpv4-sp/hard\libc_nano.a(lib_a-errno.o)
                0x00000000080065fc                __errno
 .text.__libc_init_array
                0x0000000008006608       0x48 d:/axlr8r/stm32cubeide_1.4.0/stm32cubeide/plugins/com.st.stm32cube.ide.mcu.externaltools.gnu-tools-for-stm32.7-2018-q2-update.win32_1.4.0.202007081208/tools/bin/../lib/gcc/arm-none-eabi/7.3.1/../../../../arm-none-eabi/lib/thumb/v7e-m/fpv4-sp/hard\libc_nano.a(lib_a-init.o)
                0x0000000008006608                __libc_init_array
 .text.malloc   0x0000000008006650       0x10 d:/axlr8r/stm32cubeide_1.4.0/stm32cubeide/plugins/com.st.stm32cube.ide.mcu.externaltools.gnu-tools-for-stm32.7-2018-q2-update.win32_1.4.0.202007081208/tools/bin/../lib/gcc/arm-none-eabi/7.3.1/../../../../arm-none-eabi/lib/thumb/v7e-m/fpv4-sp/hard\libc_nano.a(lib_a-malloc.o)
                0x0000000008006650                malloc
 .text.free     0x0000000008006660       0x10 d:/axlr8r/stm32cubeide_1.4.0/stm32cubeide/plugins/com.st.stm32cube.ide.mcu.externaltools.gnu-tools-for-stm32.7-2018-q2-update.win32_1.4.0.202007081208/tools/bin/../lib/gcc/arm-none-eabi/7.3.1/../../../../arm-none-eabi/lib/thumb/v7e-m/fpv4-sp/hard\libc_nano.a(lib_a-malloc.o)
                0x0000000008006660                free
 .text.memcpy   0x0000000008006670       0x16 d:/axlr8r/stm32cubeide_1.4.0/stm32cubeide/plugins/com.st.stm32cube.ide.mcu.externaltools.gnu-tools-for-stm32.7-2018-q2-update.win32_1.4.0.202007081208/tools/bin/../lib/gcc/arm-none-eabi/7.3.1/../../../../arm-none-eabi/lib/thumb/v7e-m/fpv4-sp/hard\libc_nano.a(lib_a-memcpy-stub.o)
                0x0000000008006670                memcpy
 .text.memmove  0x0000000008006686       0x32 d:/axlr8r/stm32cubeide_1.4.0/stm32cubeide/plugins/com.st.stm32cube.ide.mcu.externaltools.gnu-tools-for-stm32.7-2018-q2-update.win32_1.4.0.202007081208/tools/bin/../lib/gcc/arm-none-eabi/7.3.1/../../../../arm-none-eabi/lib/thumb/v7e-m/fpv4-sp/hard\libc_nano.a(lib_a-memmove.o)
                0x0000000008006686                memmove
 .text.memset   0x00000000080066b8       0x10 d:/axlr8r/stm32cubeide_1.4.0/stm32cubeide/plugins/com.st.stm32cube.ide.mcu.externaltools.gnu-tools-for-stm32.7-2018-q2-update.win32_1.4.0.202007081208/tools/bin/../lib/gcc/arm-none-eabi/7.3.1/../../../../arm-none-eabi/lib/thumb/v7e-m/fpv4-sp/hard\libc_nano.a(lib_a-memset.o)
                0x00000000080066b8                memset
 .text._free_r  0x00000000080066c8       0x9c d:/axlr8r/stm32cubeide_1.4.0/stm32cubeide/plugins/com.st.stm32cube.ide.mcu.externaltools.gnu-tools-for-stm32.7-2018-q2-update.win32_1.4.0.202007081208/tools/bin/../lib/gcc/arm-none-eabi/7.3.1/../../../../arm-none-eabi/lib/thumb/v7e-m/fpv4-sp/hard\libc_nano.a(lib_a-nano-freer.o)
                0x00000000080066c8                _free_r
 .text._malloc_r
                0x0000000008006764       0xb4 d:/axlr8r/stm32cubeide_1.4.0/stm32cubeide/plugins/com.st.stm32cube.ide.mcu.externaltools.gnu-tools-for-stm32.7-2018-q2-update.win32_1.4.0.202007081208/tools/bin/../lib/gcc/arm-none-eabi/7.3.1/../../../../arm-none-eabi/lib/thumb/v7e-m/fpv4-sp/hard\libc_nano.a(lib_a-nano-mallocr.o)
                0x0000000008006764                _malloc_r
 .text._sbrk_r  0x0000000008006818       0x20 d:/axlr8r/stm32cubeide_1.4.0/stm32cubeide/plugins/com.st.stm32cube.ide.mcu.externaltools.gnu-tools-for-stm32.7-2018-q2-update.win32_1.4.0.202007081208/tools/bin/../lib/gcc/arm-none-eabi/7.3.1/../../../../arm-none-eabi/lib/thumb/v7e-m/fpv4-sp/hard\libc_nano.a(lib_a-sbrkr.o)
                0x0000000008006818                _sbrk_r
 .text._raise_r
                0x0000000008006838       0x50 d:/axlr8r/stm32cubeide_1.4.0/stm32cubeide/plugins/com.st.stm32cube.ide.mcu.externaltools.gnu-tools-for-stm32.7-2018-q2-update.win32_1.4.0.202007081208/tools/bin/../lib/gcc/arm-none-eabi/7.3.1/../../../../arm-none-eabi/lib/thumb/v7e-m/fpv4-sp/hard\libc_nano.a(lib_a-signal.o)
                0x0000000008006838                _raise_r
 .text.raise    0x0000000008006888       0x10 d:/axlr8r/stm32cubeide_1.4.0/stm32cubeide/plugins/com.st.stm32cube.ide.mcu.externaltools.gnu-tools-for-stm32.7-2018-q2-update.win32_1.4.0.202007081208/tools/bin/../lib/gcc/arm-none-eabi/7.3.1/../../../../arm-none-eabi/lib/thumb/v7e-m/fpv4-sp/hard\libc_nano.a(lib_a-signal.o)
                0x0000000008006888                raise
 .text._kill_r  0x0000000008006898       0x24 d:/axlr8r/stm32cubeide_1.4.0/stm32cubeide/plugins/com.st.stm32cube.ide.mcu.externaltools.gnu-tools-for-stm32.7-2018-q2-update.win32_1.4.0.202007081208/tools/bin/../lib/gcc/arm-none-eabi/7.3.1/../../../../arm-none-eabi/lib/thumb/v7e-m/fpv4-sp/hard\libc_nano.a(lib_a-signalr.o)
                0x0000000008006898                _kill_r
 .text._getpid_r
                0x00000000080068bc        0x4 d:/axlr8r/stm32cubeide_1.4.0/stm32cubeide/plugins/com.st.stm32cube.ide.mcu.externaltools.gnu-tools-for-stm32.7-2018-q2-update.win32_1.4.0.202007081208/tools/bin/../lib/gcc/arm-none-eabi/7.3.1/../../../../arm-none-eabi/lib/thumb/v7e-m/fpv4-sp/hard\libc_nano.a(lib_a-signalr.o)
                0x00000000080068bc                _getpid_r
 .text.__malloc_lock
                0x00000000080068c0        0x2 d:/axlr8r/stm32cubeide_1.4.0/stm32cubeide/plugins/com.st.stm32cube.ide.mcu.externaltools.gnu-tools-for-stm32.7-2018-q2-update.win32_1.4.0.202007081208/tools/bin/../lib/gcc/arm-none-eabi/7.3.1/../../../../arm-none-eabi/lib/thumb/v7e-m/fpv4-sp/hard\libc_nano.a(lib_a-mlock.o)
                0x00000000080068c0                __malloc_lock
 .text.__malloc_unlock
                0x00000000080068c2        0x2 d:/axlr8r/stm32cubeide_1.4.0/stm32cubeide/plugins/com.st.stm32cube.ide.mcu.externaltools.gnu-tools-for-stm32.7-2018-q2-update.win32_1.4.0.202007081208/tools/bin/../lib/gcc/arm-none-eabi/7.3.1/../../../../arm-none-eabi/lib/thumb/v7e-m/fpv4-sp/hard\libc_nano.a(lib_a-mlock.o)
                0x00000000080068c2                __malloc_unlock
 *(.glue_7)
 .glue_7        0x00000000080068c4        0x0 linker stubs
 *(.glue_7t)
 .glue_7t       0x00000000080068c4        0x0 linker stubs
 *(.eh_frame)
 .eh_frame      0x00000000080068c4        0x0 d:/axlr8r/stm32cubeide_1.4.0/stm32cubeide/plugins/com.st.stm32cube.ide.mcu.externaltools.gnu-tools-for-stm32.7-2018-q2-update.win32_1.4.0.202007081208/tools/bin/../lib/gcc/arm-none-eabi/7.3.1/thumb/v7e-m/fpv4-sp/hard/crtbegin.o
 *(.init)
 .init          0x00000000080068c4        0x4 d:/axlr8r/stm32cubeide_1.4.0/stm32cubeide/plugins/com.st.stm32cube.ide.mcu.externaltools.gnu-tools-for-stm32.7-2018-q2-update.win32_1.4.0.202007081208/tools/bin/../lib/gcc/arm-none-eabi/7.3.1/thumb/v7e-m/fpv4-sp/hard/crti.o
                0x00000000080068c4                _init
 .init          0x00000000080068c8        0x8 d:/axlr8r/stm32cubeide_1.4.0/stm32cubeide/plugins/com.st.stm32cube.ide.mcu.externaltools.gnu-tools-for-stm32.7-2018-q2-update.win32_1.4.0.202007081208/tools/bin/../lib/gcc/arm-none-eabi/7.3.1/thumb/v7e-m/fpv4-sp/hard/crtn.o
 *(.fini)
 .fini          0x00000000080068d0        0x4 d:/axlr8r/stm32cubeide_1.4.0/stm32cubeide/plugins/com.st.stm32cube.ide.mcu.externaltools.gnu-tools-for-stm32.7-2018-q2-update.win32_1.4.0.202007081208/tools/bin/../lib/gcc/arm-none-eabi/7.3.1/thumb/v7e-m/fpv4-sp/hard/crti.o
                0x00000000080068d0                _fini
 .fini          0x00000000080068d4        0x8 d:/axlr8r/stm32cubeide_1.4.0/stm32cubeide/plugins/com.st.stm32cube.ide.mcu.externaltools.gnu-tools-for-stm32.7-2018-q2-update.win32_1.4.0.202007081208/tools/bin/../lib/gcc/arm-none-eabi/7.3.1/thumb/v7e-m/fpv4-sp/hard/crtn.o
                0x00000000080068dc                . = ALIGN (0x4)
                0x00000000080068dc                _etext = .

.vfp11_veneer   0x00000000080068dc        0x0
 .vfp11_veneer  0x00000000080068dc        0x0 linker stubs

.v4_bx          0x00000000080068dc        0x0
 .v4_bx         0x00000000080068dc        0x0 linker stubs

.iplt           0x00000000080068dc        0x0
 .iplt          0x00000000080068dc        0x0 d:/axlr8r/stm32cubeide_1.4.0/stm32cubeide/plugins/com.st.stm32cube.ide.mcu.externaltools.gnu-tools-for-stm32.7-2018-q2-update.win32_1.4.0.202007081208/tools/bin/../lib/gcc/arm-none-eabi/7.3.1/thumb/v7e-m/fpv4-sp/hard/crtbegin.o

.rodata         0x00000000080068dc      0x164
                0x00000000080068dc                . = ALIGN (0x4)
 *(.rodata)
 .rodata        0x00000000080068dc      0x107 Core/Src/cpp_main.o
 *(.rodata*)
 *fill*         0x00000000080069e3        0x1 
 .rodata.AHBPrescTable
                0x00000000080069e4       0x10 Core/Src/system_stm32f7xx.o
                0x00000000080069e4                AHBPrescTable
 .rodata.flagBitshiftOffset.8457
                0x00000000080069f4        0x8 Drivers/STM32F7xx_HAL_Driver/Src/stm32f7xx_hal_dma.o
 .rodata._ZNSt7__cxx1112basic_stringIcSt11char_traitsIcESaIcEE12_M_constructIPcEEvT_S7_St20forward_iterator_tag.str1.1
                0x00000000080069fc       0x2a d:/axlr8r/stm32cubeide_1.4.0/stm32cubeide/plugins/com.st.stm32cube.ide.mcu.externaltools.gnu-tools-for-stm32.7-2018-q2-update.win32_1.4.0.202007081208/tools/bin/../lib/gcc/arm-none-eabi/7.3.1/../../../../arm-none-eabi/lib/thumb/v7e-m/fpv4-sp/hard\libstdc++_nano.a(string-inst.o)
 .rodata._ZNSt7__cxx1112basic_stringIcSt11char_traitsIcESaIcEE9_M_createERjj.str1.1
                0x0000000008006a26       0x18 d:/axlr8r/stm32cubeide_1.4.0/stm32cubeide/plugins/com.st.stm32cube.ide.mcu.externaltools.gnu-tools-for-stm32.7-2018-q2-update.win32_1.4.0.202007081208/tools/bin/../lib/gcc/arm-none-eabi/7.3.1/../../../../arm-none-eabi/lib/thumb/v7e-m/fpv4-sp/hard\libstdc++_nano.a(string-inst.o)
                0x0000000008006a40                . = ALIGN (0x4)
 *fill*         0x0000000008006a3e        0x2 

.ARM.extab      0x0000000008006a40        0x0
                0x0000000008006a40                . = ALIGN (0x4)
 *(.ARM.extab* .gnu.linkonce.armextab.*)
                0x0000000008006a40                . = ALIGN (0x4)

.ARM            0x0000000008006a40        0x8
                0x0000000008006a40                . = ALIGN (0x4)
                0x0000000008006a40                __exidx_start = .
 *(.ARM.exidx*)
 .ARM.exidx     0x0000000008006a40        0x8 d:/axlr8r/stm32cubeide_1.4.0/stm32cubeide/plugins/com.st.stm32cube.ide.mcu.externaltools.gnu-tools-for-stm32.7-2018-q2-update.win32_1.4.0.202007081208/tools/bin/../lib/gcc/arm-none-eabi/7.3.1/thumb/v7e-m/fpv4-sp/hard\libgcc.a(_udivmoddi4.o)
                0x0000000008006a48                __exidx_end = .
                0x0000000008006a48                . = ALIGN (0x4)

.rel.dyn        0x0000000008006a48        0x0