Archive member included to satisfy reference by file (symbol)

c:/st/stm32cubeide_1.9.0/stm32cubeide/plugins/com.st.stm32cube.ide.mcu.externaltools.gnu-tools-for-stm32.10.3-2021.10.win32_1.0.100.202210260954/tools/bin/../lib/gcc/arm-none-eabi/10.3.1/../../../../arm-none-eabi/lib/thumb/v7e-m+fp/hard\libstdc++_nano.a(del_ops.o)
                              ./Core/Src/cpp_main.o (operator delete(void*, unsigned int))
c:/st/stm32cubeide_1.9.0/stm32cubeide/plugins/com.st.stm32cube.ide.mcu.externaltools.gnu-tools-for-stm32.10.3-2021.10.win32_1.0.100.202210260954/tools/bin/../lib/gcc/arm-none-eabi/10.3.1/../../../../arm-none-eabi/lib/thumb/v7e-m+fp/hard\libstdc++_nano.a(new_op.o)
                              ./Core/Src/cpp_main.o (operator new(unsigned int))
c:/st/stm32cubeide_1.9.0/stm32cubeide/plugins/com.st.stm32cube.ide.mcu.externaltools.gnu-tools-for-stm32.10.3-2021.10.win32_1.0.100.202210260954/tools/bin/../lib/gcc/arm-none-eabi/10.3.1/../../../../arm-none-eabi/lib/thumb/v7e-m+fp/hard\libstdc++_nano.a(allocator-inst.o)
                              ./Core/Src/cpp_main.o (std::allocator<char>::allocator())
c:/st/stm32cubeide_1.9.0/stm32cubeide/plugins/com.st.stm32cube.ide.mcu.externaltools.gnu-tools-for-stm32.10.3-2021.10.win32_1.0.100.202210260954/tools/bin/../lib/gcc/arm-none-eabi/10.3.1/../../../../arm-none-eabi/lib/thumb/v7e-m+fp/hard\libstdc++_nano.a(functexcept.o)
                              ./Core/Src/cpp_main.o (std::__throw_bad_alloc())
c:/st/stm32cubeide_1.9.0/stm32cubeide/plugins/com.st.stm32cube.ide.mcu.externaltools.gnu-tools-for-stm32.10.3-2021.10.win32_1.0.100.202210260954/tools/bin/../lib/gcc/arm-none-eabi/10.3.1/../../../../arm-none-eabi/lib/thumb/v7e-m+fp/hard\libstdc++_nano.a(snprintf_lite.o)
                              c:/st/stm32cubeide_1.9.0/stm32cubeide/plugins/com.st.stm32cube.ide.mcu.externaltools.gnu-tools-for-stm32.10.3-2021.10.win32_1.0.100.202210260954/tools/bin/../lib/gcc/arm-none-eabi/10.3.1/../../../../arm-none-eabi/lib/thumb/v7e-m+fp/hard\libstdc++_nano.a(functexcept.o) (__gnu_cxx::__snprintf_lite(char*, unsigned int, char const*, std::__va_list))
c:/st/stm32cubeide_1.9.0/stm32cubeide/plugins/com.st.stm32cube.ide.mcu.externaltools.gnu-tools-for-stm32.10.3-2021.10.win32_1.0.100.202210260954/tools/bin/../lib/gcc/arm-none-eabi/10.3.1/../../../../arm-none-eabi/lib/thumb/v7e-m+fp/hard\libstdc++_nano.a(string-inst.o)
                              ./Core/Src/cpp_main.o (std::__cxx11::basic_string<char, std::char_traits<char>, std::allocator<char> >::~basic_string())
c:/st/stm32cubeide_1.9.0/stm32cubeide/plugins/com.st.stm32cube.ide.mcu.externaltools.gnu-tools-for-stm32.10.3-2021.10.win32_1.0.100.202210260954/tools/bin/../lib/gcc/arm-none-eabi/10.3.1/../../../../arm-none-eabi/lib/thumb/v7e-m+fp/hard\libstdc++_nano.a(del_op.o)
                              c:/st/stm32cubeide_1.9.0/stm32cubeide/plugins/com.st.stm32cube.ide.mcu.externaltools.gnu-tools-for-stm32.10.3-2021.10.win32_1.0.100.202210260954/tools/bin/../lib/gcc/arm-none-eabi/10.3.1/../../../../arm-none-eabi/lib/thumb/v7e-m+fp/hard\libstdc++_nano.a(del_ops.o) (operator delete(void*))
c:/st/stm32cubeide_1.9.0/stm32cubeide/plugins/com.st.stm32cube.ide.mcu.externaltools.gnu-tools-for-stm32.10.3-2021.10.win32_1.0.100.202210260954/tools/bin/../lib/gcc/arm-none-eabi/10.3.1/../../../../arm-none-eabi/lib/thumb/v7e-m+fp/hard\libstdc++_nano.a(new_handler.o)
                              c:/st/stm32cubeide_1.9.0/stm32cubeide/plugins/com.st.stm32cube.ide.mcu.externaltools.gnu-tools-for-stm32.10.3-2021.10.win32_1.0.100.202210260954/tools/bin/../lib/gcc/arm-none-eabi/10.3.1/../../../../arm-none-eabi/lib/thumb/v7e-m+fp/hard\libstdc++_nano.a(new_op.o) (std::get_new_handler())
c:/st/stm32cubeide_1.9.0/stm32cubeide/plugins/com.st.stm32cube.ide.mcu.externaltools.gnu-tools-for-stm32.10.3-2021.10.win32_1.0.100.202210260954/tools/bin/../lib/gcc/arm-none-eabi/10.3.1/../../../../arm-none-eabi/lib/thumb/v7e-m+fp/hard\libc_nano.a(lib_a-abort.o)
                              c:/st/stm32cubeide_1.9.0/stm32cubeide/plugins/com.st.stm32cube.ide.mcu.externaltools.gnu-tools-for-stm32.10.3-2021.10.win32_1.0.100.202210260954/tools/bin/../lib/gcc/arm-none-eabi/10.3.1/../../../../arm-none-eabi/lib/thumb/v7e-m+fp/hard\libstdc++_nano.a(new_op.o) (abort)
c:/st/stm32cubeide_1.9.0/stm32cubeide/plugins/com.st.stm32cube.ide.mcu.externaltools.gnu-tools-for-stm32.10.3-2021.10.win32_1.0.100.202210260954/tools/bin/../lib/gcc/arm-none-eabi/10.3.1/../../../../arm-none-eabi/lib/thumb/v7e-m+fp/hard\libc_nano.a(lib_a-errno.o)
                              ./Core/Src/syscalls.o (__errno)
c:/st/stm32cubeide_1.9.0/stm32cubeide/plugins/com.st.stm32cube.ide.mcu.externaltools.gnu-tools-for-stm32.10.3-2021.10.win32_1.0.100.202210260954/tools/bin/../lib/gcc/arm-none-eabi/10.3.1/../../../../arm-none-eabi/lib/thumb/v7e-m+fp/hard\libc_nano.a(lib_a-exit.o)
[...]
Memory Configuration

Name             Origin             Length             Attributes
RAM              0x0000000020000000 0x0000000000050000 xrw
FLASH            0x0000000008000000 0x0000000000100000 xr
*default*        0x0000000000000000 0xffffffffffffffff

Linker script and memory map

LOAD c:/st/stm32cubeide_1.9.0/stm32cubeide/plugins/com.st.stm32cube.ide.mcu.externaltools.gnu-tools-for-stm32.10.3-2021.10.win32_1.0.100.202210260954/tools/bin/../lib/gcc/arm-none-eabi/10.3.1/thumb/v7e-m+fp/hard/crti.o
LOAD c:/st/stm32cubeide_1.9.0/stm32cubeide/plugins/com.st.stm32cube.ide.mcu.externaltools.gnu-tools-for-stm32.10.3-2021.10.win32_1.0.100.202210260954/tools/bin/../lib/gcc/arm-none-eabi/10.3.1/thumb/v7e-m+fp/hard/crtbegin.o
LOAD c:/st/stm32cubeide_1.9.0/stm32cubeide/plugins/com.st.stm32cube.ide.mcu.externaltools.gnu-tools-for-stm32.10.3-2021.10.win32_1.0.100.202210260954/tools/bin/../lib/gcc/arm-none-eabi/10.3.1/../../../../arm-none-eabi/lib/thumb/v7e-m+fp/hard/crt0.o
LOAD ./Core/Src/adc.o
LOAD ./Core/Src/cpp_main.o
LOAD ./Core/Src/dac.o
LOAD ./Core/Src/dma.o
LOAD ./Core/Src/gpio.o
LOAD ./Core/Src/main.o
LOAD ./Core/Src/spi.o
LOAD ./Core/Src/stm32f7xx_hal_msp.o
LOAD ./Core/Src/stm32f7xx_it.o
LOAD ./Core/Src/syscalls.o
LOAD ./Core/Src/sysmem.o
LOAD ./Core/Src/system_stm32f7xx.o
LOAD ./Core/Startup/startup_stm32f746zgtx.o
LOAD ./Drivers/STM32F7xx_HAL_Driver/Src/stm32f7xx_hal.o
LOAD ./Drivers/STM32F7xx_HAL_Driver/Src/stm32f7xx_hal_adc.o
LOAD ./Drivers/STM32F7xx_HAL_Driver/Src/stm32f7xx_hal_adc_ex.o
LOAD ./Drivers/STM32F7xx_HAL_Driver/Src/stm32f7xx_hal_cortex.o
LOAD ./Drivers/STM32F7xx_HAL_Driver/Src/stm32f7xx_hal_dac.o
LOAD ./Drivers/STM32F7xx_HAL_Driver/Src/stm32f7xx_hal_dac_ex.o
LOAD ./Drivers/STM32F7xx_HAL_Driver/Src/stm32f7xx_hal_dma.o
LOAD ./Drivers/STM32F7xx_HAL_Driver/Src/stm32f7xx_hal_dma_ex.o
LOAD ./Drivers/STM32F7xx_HAL_Driver/Src/stm32f7xx_hal_exti.o
LOAD ./Drivers/STM32F7xx_HAL_Driver/Src/stm32f7xx_hal_flash.o
LOAD ./Drivers/STM32F7xx_HAL_Driver/Src/stm32f7xx_hal_flash_ex.o
LOAD ./Drivers/STM32F7xx_HAL_Driver/Src/stm32f7xx_hal_gpio.o
LOAD ./Drivers/STM32F7xx_HAL_Driver/Src/stm32f7xx_hal_i2c.o
LOAD ./Drivers/STM32F7xx_HAL_Driver/Src/stm32f7xx_hal_i2c_ex.o
LOAD ./Drivers/STM32F7xx_HAL_Driver/Src/stm32f7xx_hal_pwr.o
LOAD ./Drivers/STM32F7xx_HAL_Driver/Src/stm32f7xx_hal_pwr_ex.o
LOAD ./Drivers/STM32F7xx_HAL_Driver/Src/stm32f7xx_hal_rcc.o
LOAD ./Drivers/STM32F7xx_HAL_Driver/Src/stm32f7xx_hal_rcc_ex.o
LOAD ./Drivers/STM32F7xx_HAL_Driver/Src/stm32f7xx_hal_spi.o
LOAD ./Drivers/STM32F7xx_HAL_Driver/Src/stm32f7xx_hal_spi_ex.o
LOAD ./Drivers/STM32F7xx_HAL_Driver/Src/stm32f7xx_hal_tim.o
LOAD ./Drivers/STM32F7xx_HAL_Driver/Src/stm32f7xx_hal_tim_ex.o
START GROUP
LOAD c:/st/stm32cubeide_1.9.0/stm32cubeide/plugins/com.st.stm32cube.ide.mcu.externaltools.gnu-tools-for-stm32.10.3-2021.10.win32_1.0.100.202210260954/tools/bin/../lib/gcc/arm-none-eabi/10.3.1/../../../../arm-none-eabi/lib/thumb/v7e-m+fp/hard\libstdc++_nano.a
LOAD c:/st/stm32cubeide_1.9.0/stm32cubeide/plugins/com.st.stm32cube.ide.mcu.externaltools.gnu-tools-for-stm32.10.3-2021.10.win32_1.0.100.202210260954/tools/bin/../lib/gcc/arm-none-eabi/10.3.1/../../../../arm-none-eabi/lib/thumb/v7e-m+fp/hard\libsupc++_nano.a
END GROUP
LOAD c:/st/stm32cubeide_1.9.0/stm32cubeide/plugins/com.st.stm32cube.ide.mcu.externaltools.gnu-tools-for-stm32.10.3-2021.10.win32_1.0.100.202210260954/tools/bin/../lib/gcc/arm-none-eabi/10.3.1/../../../../arm-none-eabi/lib/thumb/v7e-m+fp/hard\libstdc++_nano.a
LOAD c:/st/stm32cubeide_1.9.0/stm32cubeide/plugins/com.st.stm32cube.ide.mcu.externaltools.gnu-tools-for-stm32.10.3-2021.10.win32_1.0.100.202210260954/tools/bin/../lib/gcc/arm-none-eabi/10.3.1/../../../../arm-none-eabi/lib/thumb/v7e-m+fp/hard\libm.a
LOAD c:/st/stm32cubeide_1.9.0/stm32cubeide/plugins/com.st.stm32cube.ide.mcu.externaltools.gnu-tools-for-stm32.10.3-2021.10.win32_1.0.100.202210260954/tools/bin/../lib/gcc/arm-none-eabi/10.3.1/../../../../arm-none-eabi/lib/thumb/v7e-m+fp/hard\libc_nano.a
START GROUP
LOAD c:/st/stm32cubeide_1.9.0/stm32cubeide/plugins/com.st.stm32cube.ide.mcu.externaltools.gnu-tools-for-stm32.10.3-2021.10.win32_1.0.100.202210260954/tools/bin/../lib/gcc/arm-none-eabi/10.3.1/thumb/v7e-m+fp/hard\libgcc.a
LOAD c:/st/stm32cubeide_1.9.0/stm32cubeide/plugins/com.st.stm32cube.ide.mcu.externaltools.gnu-tools-for-stm32.10.3-2021.10.win32_1.0.100.202210260954/tools/bin/../lib/gcc/arm-none-eabi/10.3.1/../../../../arm-none-eabi/lib/thumb/v7e-m+fp/hard\libc_nano.a
END GROUP
START GROUP
LOAD c:/st/stm32cubeide_1.9.0/stm32cubeide/plugins/com.st.stm32cube.ide.mcu.externaltools.gnu-tools-for-stm32.10.3-2021.10.win32_1.0.100.202210260954/tools/bin/../lib/gcc/arm-none-eabi/10.3.1/thumb/v7e-m+fp/hard\libgcc.a
LOAD c:/st/stm32cubeide_1.9.0/stm32cubeide/plugins/com.st.stm32cube.ide.mcu.externaltools.gnu-tools-for-stm32.10.3-2021.10.win32_1.0.100.202210260954/tools/bin/../lib/gcc/arm-none-eabi/10.3.1/../../../../arm-none-eabi/lib/thumb/v7e-m+fp/hard\libc_nano.a
LOAD c:/st/stm32cubeide_1.9.0/stm32cubeide/plugins/com.st.stm32cube.ide.mcu.externaltools.gnu-tools-for-stm32.10.3-2021.10.win32_1.0.100.202210260954/tools/bin/../lib/gcc/arm-none-eabi/10.3.1/../../../../arm-none-eabi/lib/thumb/v7e-m+fp/hard\libnosys.a
END GROUP
START GROUP
LOAD c:/st/stm32cubeide_1.9.0/stm32cubeide/plugins/com.st.stm32cube.ide.mcu.externaltools.gnu-tools-for-stm32.10.3-2021.10.win32_1.0.100.202210260954/tools/bin/../lib/gcc/arm-none-eabi/10.3.1/thumb/v7e-m+fp/hard\libgcc.a
LOAD c:/st/stm32cubeide_1.9.0/stm32cubeide/plugins/com.st.stm32cube.ide.mcu.externaltools.gnu-tools-for-stm32.10.3-2021.10.win32_1.0.100.202210260954/tools/bin/../lib/gcc/arm-none-eabi/10.3.1/../../../../arm-none-eabi/lib/thumb/v7e-m+fp/hard\libc_nano.a
LOAD c:/st/stm32cubeide_1.9.0/stm32cubeide/plugins/com.st.stm32cube.ide.mcu.externaltools.gnu-tools-for-stm32.10.3-2021.10.win32_1.0.100.202210260954/tools/bin/../lib/gcc/arm-none-eabi/10.3.1/../../../../arm-none-eabi/lib/thumb/v7e-m+fp/hard\libnosys.a
END GROUP
LOAD c:/st/stm32cubeide_1.9.0/stm32cubeide/plugins/com.st.stm32cube.ide.mcu.externaltools.gnu-tools-for-stm32.10.3-2021.10.win32_1.0.100.202210260954/tools/bin/../lib/gcc/arm-none-eabi/10.3.1/thumb/v7e-m+fp/hard/crtend.o
LOAD c:/st/stm32cubeide_1.9.0/stm32cubeide/plugins/com.st.stm32cube.ide.mcu.externaltools.gnu-tools-for-stm32.10.3-2021.10.win32_1.0.100.202210260954/tools/bin/../lib/gcc/arm-none-eabi/10.3.1/thumb/v7e-m+fp/hard/crtn.o
                0x0000000020050000                _estack = (ORIGIN (RAM) + LENGTH (RAM))
                0x0000000000000200                _Min_Heap_Size = 0x200
                0x0000000000000400                _Min_Stack_Size = 0x400

.isr_vector     0x0000000008000000      0x1c8
                0x0000000008000000                . = ALIGN (0x4)
 *(.isr_vector)
 .isr_vector    0x0000000008000000      0x1c8 ./Core/Startup/startup_stm32f746zgtx.o
                0x0000000008000000                g_pfnVectors
                0x00000000080001c8                . = ALIGN (0x4)

.text           0x00000000080001c8     0x66fc
                0x00000000080001c8                . = ALIGN (0x4)
 *(.text)
 .text          0x00000000080001c8       0x40 c:/st/stm32cubeide_1.9.0/stm32cubeide/plugins/com.st.stm32cube.ide.mcu.externaltools.gnu-tools-for-stm32.10.3-2021.10.win32_1.0.100.202210260954/tools/bin/../lib/gcc/arm-none-eabi/10.3.1/thumb/v7e-m+fp/hard/crtbegin.o
 .text          0x0000000008000208       0x10 c:/st/stm32cubeide_1.9.0/stm32cubeide/plugins/com.st.stm32cube.ide.mcu.externaltools.gnu-tools-for-stm32.10.3-2021.10.win32_1.0.100.202210260954/tools/bin/../lib/gcc/arm-none-eabi/10.3.1/../../../../arm-none-eabi/lib/thumb/v7e-m+fp/hard\libc_nano.a(lib_a-strlen.o)
                0x0000000008000208                strlen
 .text          0x0000000008000218      0x378 c:/st/stm32cubeide_1.9.0/stm32cubeide/plugins/com.st.stm32cube.ide.mcu.externaltools.gnu-tools-for-stm32.10.3-2021.10.win32_1.0.100.202210260954/tools/bin/../lib/gcc/arm-none-eabi/10.3.1/thumb/v7e-m+fp/hard\libgcc.a(_arm_addsubdf3.o)
                0x0000000008000218                __aeabi_drsub
                0x0000000008000220                __aeabi_dsub
                0x0000000008000220                __subdf3
                0x0000000008000224                __aeabi_dadd
                0x0000000008000224                __adddf3
                0x000000000800049c                __floatunsidf
                0x000000000800049c                __aeabi_ui2d
                0x00000000080004bc                __floatsidf
                0x00000000080004bc                __aeabi_i2d
                0x00000000080004e0                __aeabi_f2d
                0x00000000080004e0                __extendsfdf2
                0x0000000008000524                __floatundidf
                0x0000000008000524                __aeabi_ul2d
                0x0000000008000534                __floatdidf
                0x0000000008000534                __aeabi_l2d
 .text          0x0000000008000590      0x424 c:/st/stm32cubeide_1.9.0/stm32cubeide/plugins/com.st.stm32cube.ide.mcu.externaltools.gnu-tools-for-stm32.10.3-2021.10.win32_1.0.100.202210260954/tools/bin/../lib/gcc/arm-none-eabi/10.3.1/thumb/v7e-m+fp/hard\libgcc.a(_arm_muldivdf3.o)
                0x0000000008000590                __aeabi_dmul
                0x0000000008000590                __muldf3
                0x00000000080007e4                __divdf3
                0x00000000080007e4                __aeabi_ddiv
 .text          0x00000000080009b4      0x110 c:/st/stm32cubeide_1.9.0/stm32cubeide/plugins/com.st.stm32cube.ide.mcu.externaltools.gnu-tools-for-stm32.10.3-2021.10.win32_1.0.100.202210260954/tools/bin/../lib/gcc/arm-none-eabi/10.3.1/thumb/v7e-m+fp/hard\libgcc.a(_arm_cmpdf2.o)
                0x00000000080009b4                __gtdf2
                0x00000000080009b4                __gedf2
                0x00000000080009bc                __ltdf2
                0x00000000080009bc                __ledf2
                0x00000000080009c4                __nedf2
                0x00000000080009c4                __eqdf2
                0x00000000080009c4                __cmpdf2
                0x0000000008000a40                __aeabi_cdrcmple
                0x0000000008000a50                __aeabi_cdcmpeq
                0x0000000008000a50                __aeabi_cdcmple
                0x0000000008000a60                __aeabi_dcmpeq
                0x0000000008000a74                __aeabi_dcmplt
                0x0000000008000a88                __aeabi_dcmple
                0x0000000008000a9c                __aeabi_dcmpge
                0x0000000008000ab0                __aeabi_dcmpgt
 .text          0x0000000008000ac4       0xa0 c:/st/stm32cubeide_1.9.0/stm32cubeide/plugins/com.st.stm32cube.ide.mcu.externaltools.gnu-tools-for-stm32.10.3-2021.10.win32_1.0.100.202210260954/tools/bin/../lib/gcc/arm-none-eabi/10.3.1/thumb/v7e-m+fp/hard\libgcc.a(_arm_truncdfsf2.o)
                0x0000000008000ac4                __truncdfsf2
                0x0000000008000ac4                __aeabi_d2f
 .text          0x0000000008000b64       0x30 c:/st/stm32cubeide_1.9.0/stm32cubeide/plugins/com.st.stm32cube.ide.mcu.externaltools.gnu-tools-for-stm32.10.3-2021.10.win32_1.0.100.202210260954/tools/bin/../lib/gcc/arm-none-eabi/10.3.1/thumb/v7e-m+fp/hard\libgcc.a(_aeabi_uldivmod.o)
                0x0000000008000b64                __aeabi_uldivmod
 .text          0x0000000008000b94      0x2d0 c:/st/stm32cubeide_1.9.0/stm32cubeide/plugins/com.st.stm32cube.ide.mcu.externaltools.gnu-tools-for-stm32.10.3-2021.10.win32_1.0.100.202210260954/tools/bin/../lib/gcc/arm-none-eabi/10.3.1/thumb/v7e-m+fp/hard\libgcc.a(_udivmoddi4.o)
                0x0000000008000b94                __udivmoddi4
 .text          0x0000000008000e64        0x4 c:/st/stm32cubeide_1.9.0/stm32cubeide/plugins/com.st.stm32cube.ide.mcu.externaltools.gnu-tools-for-stm32.10.3-2021.10.win32_1.0.100.202210260954/tools/bin/../lib/gcc/arm-none-eabi/10.3.1/thumb/v7e-m+fp/hard\libgcc.a(_dvmd_tls.o)
                0x0000000008000e64                __aeabi_idiv0
                0x0000000008000e64                __aeabi_ldiv0
 *(.text*)
 .text.MX_ADC1_Init
                0x0000000008000e68       0xc0 ./Core/Src/adc.o
                0x0000000008000e68                MX_ADC1_Init
 .text.HAL_ADC_MspInit
                0x0000000008000f28       0xe8 ./Core/Src/adc.o
                0x0000000008000f28                HAL_ADC_MspInit
 .text._ZnwjPv  0x0000000008001010       0x18 ./Core/Src/cpp_main.o
                0x0000000008001010                operator new(unsigned int, void*)
 .text._ZSt3absf
                0x0000000008001028       0x20 ./Core/Src/cpp_main.o
                0x0000000008001028                std::abs(float)
 .text._ZSt16__deque_buf_sizej
                0x0000000008001048       0x2a ./Core/Src/cpp_main.o
                0x0000000008001048                std::__deque_buf_size(unsigned int)
 *fill*         0x0000000008001072        0x2 
 .text.alt_main
                0x0000000008001074      0x110 ./Core/Src/cpp_main.o
                0x0000000008001074                alt_main
 .text._ZNSt5dequeItSaItEEC2Ev
                0x0000000008001184       0x1a ./Core/Src/cpp_main.o
                0x0000000008001184                std::deque<unsigned short, std::allocator<unsigned short> >::deque()
                0x0000000008001184                std::deque<unsigned short, std::allocator<unsigned short> >::deque()
 *fill*         0x000000000800119e        0x2 
 .text._Z11getSetPointv
                0x00000000080011a0      0x544 ./Core/Src/cpp_main.o
                0x00000000080011a0                getSetPoint()
 .text._Z8RampOut1l
                0x00000000080016e4       0x5e ./Core/Src/cpp_main.o
                0x00000000080016e4                RampOut1(long)
 *fill*         0x0000000008001742        0x2 
 .text._Z11analogWritet
                0x0000000008001744       0x3c ./Core/Src/cpp_main.o
                0x0000000008001744                analogWrite(unsigned short)
 .text._Z9toVoltaget
                0x0000000008001780       0x68 ./Core/Src/cpp_main.o
                0x0000000008001780                toVoltage(unsigned short)
 .text._Z8startPIDv
                0x00000000080017e8      0x280 ./Core/Src/cpp_main.o
                0x00000000080017e8                startPID()
 .text._ZNSaIfEC2Ev
                0x0000000008001a68       0x18 ./Core/Src/cpp_main.o
                0x0000000008001a68                std::allocator<float>::allocator()
                0x0000000008001a68                std::allocator<float>::allocator()
 .text._ZNSaIfED2Ev
                0x0000000008001a80       0x18 ./Core/Src/cpp_main.o
                0x0000000008001a80                std::allocator<float>::~allocator()
                0x0000000008001a80                std::allocator<float>::~allocator()
 .text._ZNSt5dequeIfSaIfEEC2EjRKfRKS0_
                0x0000000008001a98       0x36 ./Core/Src/cpp_main.o
                0x0000000008001a98                std::deque<float, std::allocator<float> >::deque(unsigned int, float const&, std::allocator<float> const&)
                0x0000000008001a98                std::deque<float, std::allocator<float> >::deque(unsigned int, float const&, std::allocator<float> const&)
 .text._ZNSt5dequeIfSaIfEED2Ev
                0x0000000008001ace       0x4a ./Core/Src/cpp_main.o
                0x0000000008001ace                std::deque<float, std::allocator<float> >::~deque()
                0x0000000008001ace                std::deque<float, std::allocator<float> >::~deque()
 .text._ZNSt11_Deque_baseItSaItEE11_Deque_implD2Ev
                0x0000000008001b18       0x18 ./Core/Src/cpp_main.o
                0x0000000008001b18                std::_Deque_base<unsigned short, std::allocator<unsigned short> >::_Deque_impl::~_Deque_impl()
                0x0000000008001b18                std::_Deque_base<unsigned short, std::allocator<unsigned short> >::_Deque_impl::~_Deque_impl()
 .text._ZNSt11_Deque_baseItSaItEEC2Ev
                0x0000000008001b30       0x22 ./Core/Src/cpp_main.o
                0x0000000008001b30                std::_Deque_base<unsigned short, std::allocator<unsigned short> >::_Deque_base()
                0x0000000008001b30                std::_Deque_base<unsigned short, std::allocator<unsigned short> >::_Deque_base()
 .text._ZNSt11_Deque_baseItSaItEED2Ev
                0x0000000008001b52       0x44 ./Core/Src/cpp_main.o
                0x0000000008001b52                std::_Deque_base<unsigned short, std::allocator<unsigned short> >::~_Deque_base()
                0x0000000008001b52                std::_Deque_base<unsigned short, std::allocator<unsigned short> >::~_Deque_base()
 .text._ZNSt5dequeItSaItEED2Ev
                0x0000000008001b96       0x4a ./Core/Src/cpp_main.o
                0x0000000008001b96                std::deque<unsigned short, std::allocator<unsigned short> >::~deque()
                0x0000000008001b96                std::deque<unsigned short, std::allocator<unsigned short> >::~deque()
 .text._ZNSt5dequeIfSaIfEEixEj
                0x0000000008001be0       0x22 ./Core/Src/cpp_main.o
                0x0000000008001be0                std::deque<float, std::allocator<float> >::operator[](unsigned int)
 .text._ZNSt5dequeIfSaIfEE9pop_frontEv
                0x0000000008001c02       0x46 ./Core/Src/cpp_main.o
                0x0000000008001c02                std::deque<float, std::allocator<float> >::pop_front()
 .text._ZNSt5dequeIfSaIfEE9push_backERKf
                0x0000000008001c48       0x42 ./Core/Src/cpp_main.o
                0x0000000008001c48                std::deque<float, std::allocator<float> >::push_back(float const&)
 .text._ZNSt5dequeIfSaIfEE9push_backEOf
                0x0000000008001c8a       0x22 ./Core/Src/cpp_main.o
                0x0000000008001c8a                std::deque<float, std::allocator<float> >::push_back(float&&)
 .text._ZNSt5dequeItSaItEE9push_backERKt
                0x0000000008001cac       0x42 ./Core/Src/cpp_main.o
                0x0000000008001cac                std::deque<unsigned short, std::allocator<unsigned short> >::push_back(unsigned short const&)
 .text._ZNKSt5dequeItSaItEE4sizeEv
                0x0000000008001cee       0x24 ./Core/Src/cpp_main.o
                0x0000000008001cee                std::deque<unsigned short, std::allocator<unsigned short> >::size() const
 .text._ZNSt5dequeItSaItEEixEj
                0x0000000008001d12       0x22 ./Core/Src/cpp_main.o
                0x0000000008001d12                std::deque<unsigned short, std::allocator<unsigned short> >::operator[](unsigned int)
 .text._ZN9__gnu_cxx13new_allocatorIfEC2Ev
                0x0000000008001d34       0x16 ./Core/Src/cpp_main.o
                0x0000000008001d34                __gnu_cxx::new_allocator<float>::new_allocator()
                0x0000000008001d34                __gnu_cxx::new_allocator<float>::new_allocator()
 .text._ZN9__gnu_cxx13new_allocatorIfED2Ev
                0x0000000008001d4a       0x16 ./Core/Src/cpp_main.o
                0x0000000008001d4a                __gnu_cxx::new_allocator<float>::~new_allocator()
                0x0000000008001d4a                __gnu_cxx::new_allocator<float>::~new_allocator()
 .text._ZNSt5dequeIfSaIfEE17_S_check_init_lenEjRKS0_
                0x0000000008001d60       0x38 ./Core/Src/cpp_main.o
                0x0000000008001d60                std::deque<float, std::allocator<float> >::_S_check_init_len(unsigned int, std::allocator<float> const&)
 .text._ZNSt11_Deque_baseIfSaIfEE11_Deque_implD2Ev
                0x0000000008001d98       0x18 ./Core/Src/cpp_main.o
                0x0000000008001d98                std::_Deque_base<float, std::allocator<float> >::_Deque_impl::~_Deque_impl()
                0x0000000008001d98                std::_Deque_base<float, std::allocator<float> >::_Deque_impl::~_Deque_impl()
 .text._ZNSt11_Deque_baseIfSaIfEEC2ERKS0_j
                0x0000000008001db0       0x28 ./Core/Src/cpp_main.o
                0x0000000008001db0                std::_Deque_base<float, std::allocator<float> >::_Deque_base(std::allocator<float> const&, unsigned int)
                0x0000000008001db0                std::_Deque_base<float, std::allocator<float> >::_Deque_base(std::allocator<float> const&, unsigned int)
 .text._ZNSt11_Deque_baseIfSaIfEED2Ev
                0x0000000008001dd8       0x44 ./Core/Src/cpp_main.o
                0x0000000008001dd8                std::_Deque_base<float, std::allocator<float> >::~_Deque_base()
                0x0000000008001dd8                std::_Deque_base<float, std::allocator<float> >::~_Deque_base()
 .text._ZNSt5dequeIfSaIfEE18_M_fill_initializeERKf
                0x0000000008001e1c       0x6c ./Core/Src/cpp_main.o
                0x0000000008001e1c                std::deque<float, std::allocator<float> >::_M_fill_initialize(float const&)
 .text._ZNSt5dequeIfSaIfEE5beginEv
                0x0000000008001e88       0x1e ./Core/Src/cpp_main.o
                0x0000000008001e88                std::deque<float, std::allocator<float> >::begin()
 .text._ZNSt5dequeIfSaIfEE3endEv
                0x0000000008001ea6       0x1e ./Core/Src/cpp_main.o
                0x0000000008001ea6                std::deque<float, std::allocator<float> >::end()
 .text._ZNSt11_Deque_baseIfSaIfEE19_M_get_Tp_allocatorEv
                0x0000000008001ec4       0x16 ./Core/Src/cpp_main.o
                0x0000000008001ec4                std::_Deque_base<float, std::allocator<float> >::_M_get_Tp_allocator()
 .text._ZNSt15_Deque_iteratorIfRfPfEC2ERKS2_
                0x0000000008001eda       0x38 ./Core/Src/cpp_main.o
                0x0000000008001eda                std::_Deque_iterator<float, float&, float*>::_Deque_iterator(std::_Deque_iterator<float, float&, float*> const&)
                0x0000000008001eda                std::_Deque_iterator<float, float&, float*>::_Deque_iterator(std::_Deque_iterator<float, float&, float*> const&)
 .text._ZNSt5dequeIfSaIfEE15_M_destroy_dataESt15_Deque_iteratorIfRfPfES5_RKS0_
                0x0000000008001f12       0x1a ./Core/Src/cpp_main.o
                0x0000000008001f12                std::deque<float, std::allocator<float> >::_M_destroy_data(std::_Deque_iterator<float, float&, float*>, std::_Deque_iterator<float, float&, float*>, std::allocator<float> const&)
 .text._ZNSt11_Deque_baseItSaItEE11_Deque_implC2Ev
                0x0000000008001f2c       0x20 ./Core/Src/cpp_main.o
                0x0000000008001f2c                std::_Deque_base<unsigned short, std::allocator<unsigned short> >::_Deque_impl::_Deque_impl()
                0x0000000008001f2c                std::_Deque_base<unsigned short, std::allocator<unsigned short> >::_Deque_impl::_Deque_impl()
 .text._ZNSaItED2Ev
                0x0000000008001f4c       0x18 ./Core/Src/cpp_main.o
                0x0000000008001f4c                std::allocator<unsigned short>::~allocator()
                0x0000000008001f4c                std::allocator<unsigned short>::~allocator()
 .text._ZNSt11_Deque_baseItSaItEE17_M_initialize_mapEj
                0x0000000008001f64       0xc6 ./Core/Src/cpp_main.o
                0x0000000008001f64                std::_Deque_base<unsigned short, std::allocator<unsigned short> >::_M_initialize_map(unsigned int)
 .text._ZNSt11_Deque_baseItSaItEE16_M_destroy_nodesEPPtS3_
                0x000000000800202a       0x34 ./Core/Src/cpp_main.o
                0x000000000800202a                std::_Deque_base<unsigned short, std::allocator<unsigned short> >::_M_destroy_nodes(unsigned short**, unsigned short**)
 .text._ZNSt11_Deque_baseItSaItEE17_M_deallocate_mapEPPtj
                0x000000000800205e       0x38 ./Core/Src/cpp_main.o
                0x000000000800205e                std::_Deque_base<unsigned short, std::allocator<unsigned short> >::_M_deallocate_map(unsigned short**, unsigned int)
 .text._ZNSt5dequeItSaItEE5beginEv
                0x0000000008002096       0x1e ./Core/Src/cpp_main.o
                0x0000000008002096                std::deque<unsigned short, std::allocator<unsigned short> >::begin()
 .text._ZNSt5dequeItSaItEE3endEv
                0x00000000080020b4       0x1e ./Core/Src/cpp_main.o
                0x00000000080020b4                std::deque<unsigned short, std::allocator<unsigned short> >::end()
 .text._ZNSt11_Deque_baseItSaItEE19_M_get_Tp_allocatorEv
                0x00000000080020d2       0x16 ./Core/Src/cpp_main.o
                0x00000000080020d2                std::_Deque_base<unsigned short, std::allocator<unsigned short> >::_M_get_Tp_allocator()
 .text._ZNSt15_Deque_iteratorItRtPtEC2ERKS2_
                0x00000000080020e8       0x38 ./Core/Src/cpp_main.o
                0x00000000080020e8                std::_Deque_iterator<unsigned short, unsigned short&, unsigned short*>::_Deque_iterator(std::_Deque_iterator<unsigned short, unsigned short&, unsigned short*> const&)
                0x00000000080020e8                std::_Deque_iterator<unsigned short, unsigned short&, unsigned short*>::_Deque_iterator(std::_Deque_iterator<unsigned short, unsigned short&, unsigned short*> const&)
 .text._ZNSt5dequeItSaItEE15_M_destroy_dataESt15_Deque_iteratorItRtPtES5_RKS0_
                0x0000000008002120       0x1a ./Core/Src/cpp_main.o
                0x0000000008002120                std::deque<unsigned short, std::allocator<unsigned short> >::_M_destroy_data(std::_Deque_iterator<unsigned short, unsigned short&, unsigned short*>, std::_Deque_iterator<unsigned short, unsigned short&, unsigned short*>, std::allocator<unsigned short> const&)
 .text._ZNKSt15_Deque_iteratorIfRfPfEixEi
                0x000000000800213a       0x2c ./Core/Src/cpp_main.o
                0x000000000800213a                std::_Deque_iterator<float, float&, float*>::operator[](int) const
 .text._ZNSt16allocator_traitsISaIfEE7destroyIfEEvRS0_PT_
                0x0000000008002166       0x1a ./Core/Src/cpp_main.o
                0x0000000008002166                void std::allocator_traits<std::allocator<float> >::destroy<float>(std::allocator<float>&, float*)
 .text._ZNSt5dequeIfSaIfEE16_M_pop_front_auxEv
                0x0000000008002180       0x50 ./Core/Src/cpp_main.o
                0x0000000008002180                std::deque<float, std::allocator<float> >::_M_pop_front_aux()
 .text._ZNSt16allocator_traitsISaIfEE9constructIfJRKfEEEvRS0_PT_DpOT0_
                0x00000000080021d0       0x26 ./Core/Src/cpp_main.o
                0x00000000080021d0                void std::allocator_traits<std::allocator<float> >::construct<float, float const&>(std::allocator<float>&, float*, float const&)
 *fill*         0x00000000080021f6        0x2 
 .text._ZNSt5dequeIfSaIfEE16_M_push_back_auxIJRKfEEEvDpOT_
                0x00000000080021f8       0x88 ./Core/Src/cpp_main.o
                0x00000000080021f8                void std::deque<float, std::allocator<float> >::_M_push_back_aux<float const&>(float const&)
 .text._ZSt4moveIRfEONSt16remove_referenceIT_E4typeEOS2_
                0x0000000008002280       0x16 ./Core/Src/cpp_main.o
                0x0000000008002280                std::remove_reference<float&>::type&& std::move<float&>(float&)
 .text._ZNSt5dequeIfSaIfEE12emplace_backIJfEEEvDpOT_
                0x0000000008002296       0x54 ./Core/Src/cpp_main.o
                0x0000000008002296                void std::deque<float, std::allocator<float> >::emplace_back<float>(float&&)
 .text._ZNSt16allocator_traitsISaItEE9constructItJRKtEEEvRS0_PT_DpOT0_
                0x00000000080022ea       0x26 ./Core/Src/cpp_main.o
                0x00000000080022ea                void std::allocator_traits<std::allocator<unsigned short> >::construct<unsigned short, unsigned short const&>(std::allocator<unsigned short>&, unsigned short*, unsigned short const&)
 .text._ZNSt5dequeItSaItEE16_M_push_back_auxIJRKtEEEvDpOT_
                0x0000000008002310       0x88 ./Core/Src/cpp_main.o
                0x0000000008002310                void std::deque<unsigned short, std::allocator<unsigned short> >::_M_push_back_aux<unsigned short const&>(unsigned short const&)
 .text._ZStmiRKSt15_Deque_iteratorItRtPtES4_
                0x0000000008002398       0x48 ./Core/Src/cpp_main.o
                0x0000000008002398                std::operator-(std::_Deque_iterator<unsigned short, unsigned short&, unsigned short*> const&, std::_Deque_iterator<unsigned short, unsigned short&, unsigned short*> const&)
 .text._ZNKSt15_Deque_iteratorItRtPtEixEi
                0x00000000080023e0       0x2c ./Core/Src/cpp_main.o
                0x00000000080023e0                std::_Deque_iterator<unsigned short, unsigned short&, unsigned short*>::operator[](int) const
 .text._ZNSt5dequeIfSaIfEE11_S_max_sizeERKS0_
                0x000000000800240c       0x34 ./Core/Src/cpp_main.o
                0x000000000800240c                std::deque<float, std::allocator<float> >::_S_max_size(std::allocator<float> const&)
 .text._ZNSt11_Deque_baseIfSaIfEE11_Deque_implC2ERKS0_
                0x0000000008002440       0x24 ./Core/Src/cpp_main.o
                0x0000000008002440                std::_Deque_base<float, std::allocator<float> >::_Deque_impl::_Deque_impl(std::allocator<float> const&)
                0x0000000008002440                std::_Deque_base<float, std::allocator<float> >::_Deque_impl::_Deque_impl(std::allocator<float> const&)
 .text._ZNSt11_Deque_baseIfSaIfEE17_M_initialize_mapEj
                0x0000000008002464       0xc6 ./Core/Src/cpp_main.o
                0x0000000008002464                std::_Deque_base<float, std::allocator<float> >::_M_initialize_map(unsigned int)
 .text._ZNSt11_Deque_baseIfSaIfEE16_M_destroy_nodesEPPfS3_
                0x000000000800252a       0x34 ./Core/Src/cpp_main.o
                0x000000000800252a                std::_Deque_base<float, std::allocator<float> >::_M_destroy_nodes(float**, float**)
 .text._ZNSt11_Deque_baseIfSaIfEE17_M_deallocate_mapEPPfj
                0x000000000800255e       0x38 ./Core/Src/cpp_main.o
                0x000000000800255e                std::_Deque_base<float, std::allocator<float> >::_M_deallocate_map(float**, unsigned int)
 .text._ZNSt5dequeIfSaIfEE14_S_buffer_sizeEv
                0x0000000008002596       0x10 ./Core/Src/cpp_main.o
                0x0000000008002596                std::deque<float, std::allocator<float> >::_S_buffer_size()
 .text._ZSt22__uninitialized_fill_aIPfffEvT_S1_RKT0_RSaIT1_E
                0x00000000080025a6       0x20 ./Core/Src/cpp_main.o
                0x00000000080025a6                void std::__uninitialized_fill_a<float*, float, float>(float*, float*, float const&, std::allocator<float>&)
 .text._ZNSaItEC2Ev
                0x00000000080025c6       0x18 ./Core/Src/cpp_main.o
                0x00000000080025c6                std::allocator<unsigned short>::allocator()
                0x00000000080025c6                std::allocator<unsigned short>::allocator()
 .text._ZNSt11_Deque_baseItSaItEE16_Deque_impl_dataC2Ev
                0x00000000080025de       0x32 ./Core/Src/cpp_main.o
                0x00000000080025de                std::_Deque_base<unsigned short, std::allocator<unsigned short> >::_Deque_impl_data::_Deque_impl_data()
                0x00000000080025de                std::_Deque_base<unsigned short, std::allocator<unsigned short> >::_Deque_impl_data::_Deque_impl_data()
 .text._ZN9__gnu_cxx13new_allocatorItED2Ev
                0x0000000008002610       0x16 ./Core/Src/cpp_main.o
                0x0000000008002610                __gnu_cxx::new_allocator<unsigned short>::~new_allocator()
                0x0000000008002610                __gnu_cxx::new_allocator<unsigned short>::~new_allocator()
 .text._ZSt3maxIjERKT_S2_S2_
                0x0000000008002626       0x28 ./Core/Src/cpp_main.o
                0x0000000008002626                unsigned int const& std::max<unsigned int>(unsigned int const&, unsigned int const&)
 .text._ZNSt11_Deque_baseItSaItEE15_M_allocate_mapEj
                0x000000000800264e       0x3a ./Core/Src/cpp_main.o
                0x000000000800264e                std::_Deque_base<unsigned short, std::allocator<unsigned short> >::_M_allocate_map(unsigned int)
 .text._ZNSt11_Deque_baseItSaItEE15_M_create_nodesEPPtS3_
                0x0000000008002688       0x34 ./Core/Src/cpp_main.o
                0x0000000008002688                std::_Deque_base<unsigned short, std::allocator<unsigned short> >::_M_create_nodes(unsigned short**, unsigned short**)
 .text._ZNSt15_Deque_iteratorItRtPtE11_M_set_nodeEPS1_
                0x00000000080026bc       0x32 ./Core/Src/cpp_main.o
                0x00000000080026bc                std::_Deque_iterator<unsigned short, unsigned short&, unsigned short*>::_M_set_node(unsigned short**)
 .text._ZNSt11_Deque_baseItSaItEE18_M_deallocate_nodeEPt
                0x00000000080026ee       0x26 ./Core/Src/cpp_main.o
                0x00000000080026ee                std::_Deque_base<unsigned short, std::allocator<unsigned short> >::_M_deallocate_node(unsigned short*)
 .text._ZNKSt11_Deque_baseItSaItEE20_M_get_map_allocatorEv
                0x0000000008002714       0x22 ./Core/Src/cpp_main.o
                0x0000000008002714                std::_Deque_base<unsigned short, std::allocator<unsigned short> >::_M_get_map_allocator() const
 .text._ZNSaIPtED2Ev
                0x0000000008002736       0x18 ./Core/Src/cpp_main.o
                0x0000000008002736                std::allocator<unsigned short*>::~allocator()
                0x0000000008002736                std::allocator<unsigned short*>::~allocator()
 .text._ZNSt16allocator_traitsISaIPtEE10deallocateERS1_PS0_j
                0x000000000800274e       0x1e ./Core/Src/cpp_main.o
                0x000000000800274e                std::allocator_traits<std::allocator<unsigned short*> >::deallocate(std::allocator<unsigned short*>&, unsigned short**, unsigned int)
 .text._ZStplRKSt15_Deque_iteratorIfRfPfEi
                0x000000000800276c       0x26 ./Core/Src/cpp_main.o
                0x000000000800276c                std::operator+(std::_Deque_iterator<float, float&, float*> const&, int)
 .text._ZNKSt15_Deque_iteratorIfRfPfEdeEv
                0x0000000008002792       0x18 ./Core/Src/cpp_main.o
                0x0000000008002792                std::_Deque_iterator<float, float&, float*>::operator*() const
 .text._ZN9__gnu_cxx13new_allocatorIfE7destroyIfEEvPT_
                0x00000000080027aa       0x16 ./Core/Src/cpp_main.o
                0x00000000080027aa                void __gnu_cxx::new_allocator<float>::destroy<float>(float*)
 .text._ZNSt11_Deque_baseIfSaIfEE18_M_deallocate_nodeEPf
                0x00000000080027c0       0x26 ./Core/Src/cpp_main.o
                0x00000000080027c0                std::_Deque_base<float, std::allocator<float> >::_M_deallocate_node(float*)
 .text._ZNSt15_Deque_iteratorIfRfPfE11_M_set_nodeEPS1_
                0x00000000080027e6       0x32 ./Core/Src/cpp_main.o
                0x00000000080027e6                std::_Deque_iterator<float, float&, float*>::_M_set_node(float**)
 .text._ZSt7forwardIRKfEOT_RNSt16remove_referenceIS2_E4typeE
                0x0000000008002818       0x16 ./Core/Src/cpp_main.o
                0x0000000008002818                float const& std::forward<float const&>(std::remove_reference<float const&>::type&)
 .text._ZN9__gnu_cxx13new_allocatorIfE9constructIfJRKfEEEvPT_DpOT0_
                0x000000000800282e       0x2c ./Core/Src/cpp_main.o
                0x000000000800282e                void __gnu_cxx::new_allocator<float>::construct<float, float const&>(float*, float const&)
 .text._ZNKSt5dequeIfSaIfEE4sizeEv
                0x000000000800285a       0x24 ./Core/Src/cpp_main.o
                0x000000000800285a                std::deque<float, std::allocator<float> >::size() const
 .text._ZNKSt5dequeIfSaIfEE8max_sizeEv
                0x000000000800287e       0x22 ./Core/Src/cpp_main.o
                0x000000000800287e                std::deque<float, std::allocator<float> >::max_size() const
 .text._ZNSt5dequeIfSaIfEE22_M_reserve_map_at_backEj
                0x00000000080028a0       0x36 ./Core/Src/cpp_main.o
                0x00000000080028a0                std::deque<float, std::allocator<float> >::_M_reserve_map_at_back(unsigned int)
 .text._ZNSt11_Deque_baseIfSaIfEE16_M_allocate_nodeEv
                0x00000000080028d6       0x24 ./Core/Src/cpp_main.o
                0x00000000080028d6                std::_Deque_base<float, std::allocator<float> >::_M_allocate_node()
 .text._ZSt7forwardIfEOT_RNSt16remove_referenceIS0_E4typeE
                0x00000000080028fa       0x16 ./Core/Src/cpp_main.o
                0x00000000080028fa                float&& std::forward<float>(std::remove_reference<float>::type&)
 .text._ZNSt16allocator_traitsISaIfEE9constructIfJfEEEvRS0_PT_DpOT0_
                0x0000000008002910       0x26 ./Core/Src/cpp_main.o
                0x0000000008002910                void std::allocator_traits<std::allocator<float> >::construct<float, float>(std::allocator<float>&, float*, float&&)
 *fill*         0x0000000008002936        0x2 
 .text._ZNSt5dequeIfSaIfEE16_M_push_back_auxIJfEEEvDpOT_
                0x0000000008002938       0x88 ./Core/Src/cpp_main.o
                0x0000000008002938                void std::deque<float, std::allocator<float> >::_M_push_back_aux<float>(float&&)
 .text._ZSt7forwardIRKtEOT_RNSt16remove_referenceIS2_E4typeE
                0x00000000080029c0       0x16 ./Core/Src/cpp_main.o
                0x00000000080029c0                unsigned short const& std::forward<unsigned short const&>(std::remove_reference<unsigned short const&>::type&)
 .text._ZN9__gnu_cxx13new_allocatorItE9constructItJRKtEEEvPT_DpOT0_
                0x00000000080029d6       0x2e ./Core/Src/cpp_main.o
                0x00000000080029d6                void __gnu_cxx::new_allocator<unsigned short>::construct<unsigned short, unsigned short const&>(unsigned short*, unsigned short const&)
 .text._ZNKSt5dequeItSaItEE8max_sizeEv
                0x0000000008002a04       0x22 ./Core/Src/cpp_main.o
                0x0000000008002a04                std::deque<unsigned short, std::allocator<unsigned short> >::max_size() const
 .text._ZNSt5dequeItSaItEE22_M_reserve_map_at_backEj
                0x0000000008002a26       0x36 ./Core/Src/cpp_main.o
                0x0000000008002a26                std::deque<unsigned short, std::allocator<unsigned short> >::_M_reserve_map_at_back(unsigned int)
 .text._ZNSt11_Deque_baseItSaItEE16_M_allocate_nodeEv
                0x0000000008002a5c       0x24 ./Core/Src/cpp_main.o
                0x0000000008002a5c                std::_Deque_base<unsigned short, std::allocator<unsigned short> >::_M_allocate_node()
 .text._ZNSt15_Deque_iteratorItRtPtE14_S_buffer_sizeEv
                0x0000000008002a80       0x10 ./Core/Src/cpp_main.o
                0x0000000008002a80                std::_Deque_iterator<unsigned short, unsigned short&, unsigned short*>::_S_buffer_size()
 .text._ZStplRKSt15_Deque_iteratorItRtPtEi
                0x0000000008002a90       0x26 ./Core/Src/cpp_main.o
                0x0000000008002a90                std::operator+(std::_Deque_iterator<unsigned short, unsigned short&, unsigned short*> const&, int)
 .text._ZNKSt15_Deque_iteratorItRtPtEdeEv
                0x0000000008002ab6       0x18 ./Core/Src/cpp_main.o
                0x0000000008002ab6                std::_Deque_iterator<unsigned short, unsigned short&, unsigned short*>::operator*() const
 .text._ZNSt16allocator_traitsISaIfEE8max_sizeERKS0_
                0x0000000008002ace       0x18 ./Core/Src/cpp_main.o
                0x0000000008002ace                std::allocator_traits<std::allocator<float> >::max_size(std::allocator<float> const&)
 .text._ZSt3minIjERKT_S2_S2_
                0x0000000008002ae6       0x28 ./Core/Src/cpp_main.o
                0x0000000008002ae6                unsigned int const& std::min<unsigned int>(unsigned int const&, unsigned int const&)
 .text._ZNSaIfEC2ERKS_
                0x0000000008002b0e       0x1c ./Core/Src/cpp_main.o
                0x0000000008002b0e                std::allocator<float>::allocator(std::allocator<float> const&)
                0x0000000008002b0e                std::allocator<float>::allocator(std::allocator<float> const&)
 .text._ZNSt11_Deque_baseIfSaIfEE16_Deque_impl_dataC2Ev
                0x0000000008002b2a       0x32 ./Core/Src/cpp_main.o
                0x0000000008002b2a                std::_Deque_base<float, std::allocator<float> >::_Deque_impl_data::_Deque_impl_data()
                0x0000000008002b2a                std::_Deque_base<float, std::allocator<float> >::_Deque_impl_data::_Deque_impl_data()
 .text._ZNSt11_Deque_baseIfSaIfEE15_M_allocate_mapEj
                0x0000000008002b5c       0x3a ./Core/Src/cpp_main.o
                0x0000000008002b5c                std::_Deque_base<float, std::allocator<float> >::_M_allocate_map(unsigned int)
 .text._ZNSt11_Deque_baseIfSaIfEE15_M_create_nodesEPPfS3_
                0x0000000008002b96       0x34 ./Core/Src/cpp_main.o
                0x0000000008002b96                std::_Deque_base<float, std::allocator<float> >::_M_create_nodes(float**, float**)
 .text._ZNKSt11_Deque_baseIfSaIfEE20_M_get_map_allocatorEv
                0x0000000008002bca       0x22 ./Core/Src/cpp_main.o
                0x0000000008002bca                std::_Deque_base<float, std::allocator<float> >::_M_get_map_allocator() const
 .text._ZNSaIPfED2Ev
                0x0000000008002bec       0x18 ./Core/Src/cpp_main.o
                0x0000000008002bec                std::allocator<float*>::~allocator()
                0x0000000008002bec                std::allocator<float*>::~allocator()
 .text._ZNSt16allocator_traitsISaIPfEE10deallocateERS1_PS0_j
                0x0000000008002c04       0x1e ./Core/Src/cpp_main.o
                0x0000000008002c04                std::allocator_traits<std::allocator<float*> >::deallocate(std::allocator<float*>&, float**, unsigned int)
 .text._ZSt18uninitialized_fillIPffEvT_S1_RKT0_
                0x0000000008002c22       0x22 ./Core/Src/cpp_main.o
                0x0000000008002c22                void std::uninitialized_fill<float*, float>(float*, float*, float const&)
 .text._ZNSt15_Deque_iteratorIfRfPfE14_S_buffer_sizeEv
                0x0000000008002c44       0x10 ./Core/Src/cpp_main.o
                0x0000000008002c44                std::_Deque_iterator<float, float&, float*>::_S_buffer_size()
 .text._ZN9__gnu_cxx13new_allocatorItEC2Ev
                0x0000000008002c54       0x16 ./Core/Src/cpp_main.o
                0x0000000008002c54                __gnu_cxx::new_allocator<unsigned short>::new_allocator()
                0x0000000008002c54                __gnu_cxx::new_allocator<unsigned short>::new_allocator()
 .text._ZNSt15_Deque_iteratorItRtPtEC2Ev
                0x0000000008002c6a       0x2e ./Core/Src/cpp_main.o
                0x0000000008002c6a                std::_Deque_iterator<unsigned short, unsigned short&, unsigned short*>::_Deque_iterator()
                0x0000000008002c6a                std::_Deque_iterator<unsigned short, unsigned short&, unsigned short*>::_Deque_iterator()
 .text._ZNSt16allocator_traitsISaIPtEE8allocateERS1_j
                0x0000000008002c98       0x1e ./Core/Src/cpp_main.o
                0x0000000008002c98                std::allocator_traits<std::allocator<unsigned short*> >::allocate(std::allocator<unsigned short*>&, unsigned int)
 .text._ZNSt16allocator_traitsISaItEE10deallocateERS0_Ptj
                0x0000000008002cb6       0x1e ./Core/Src/cpp_main.o
                0x0000000008002cb6                std::allocator_traits<std::allocator<unsigned short> >::deallocate(std::allocator<unsigned short>&, unsigned short*, unsigned int)
 .text._ZNKSt11_Deque_baseItSaItEE19_M_get_Tp_allocatorEv
                0x0000000008002cd4       0x16 ./Core/Src/cpp_main.o
                0x0000000008002cd4                std::_Deque_base<unsigned short, std::allocator<unsigned short> >::_M_get_Tp_allocator() const
 .text._ZNSaIPtEC2ItEERKSaIT_E
                0x0000000008002cea       0x1a ./Core/Src/cpp_main.o
                0x0000000008002cea                std::allocator<unsigned short*>::allocator<unsigned short>(std::allocator<unsigned short> const&)
                0x0000000008002cea                std::allocator<unsigned short*>::allocator<unsigned short>(std::allocator<unsigned short> const&)
 .text._ZN9__gnu_cxx13new_allocatorIPtED2Ev
                0x0000000008002d04       0x16 ./Core/Src/cpp_main.o
                0x0000000008002d04                __gnu_cxx::new_allocator<unsigned short*>::~new_allocator()
                0x0000000008002d04                __gnu_cxx::new_allocator<unsigned short*>::~new_allocator()
 .text._ZN9__gnu_cxx13new_allocatorIPtE10deallocateEPS1_j
                0x0000000008002d1a       0x20 ./Core/Src/cpp_main.o
                0x0000000008002d1a                __gnu_cxx::new_allocator<unsigned short*>::deallocate(unsigned short**, unsigned int)
 .text._ZNSt15_Deque_iteratorIfRfPfEpLEi
                0x0000000008002d3a       0xae ./Core/Src/cpp_main.o
                0x0000000008002d3a                std::_Deque_iterator<float, float&, float*>::operator+=(int)
 .text._ZNSt16allocator_traitsISaIfEE10deallocateERS0_Pfj
                0x0000000008002de8       0x1e ./Core/Src/cpp_main.o
                0x0000000008002de8                std::allocator_traits<std::allocator<float> >::deallocate(std::allocator<float>&, float*, unsigned int)
 .text._ZStmiRKSt15_Deque_iteratorIfRfPfES4_
                0x0000000008002e06       0x48 ./Core/Src/cpp_main.o
                0x0000000008002e06                std::operator-(std::_Deque_iterator<float, float&, float*> const&, std::_Deque_iterator<float, float&, float*> const&)
 .text._ZNKSt11_Deque_baseIfSaIfEE19_M_get_Tp_allocatorEv
                0x0000000008002e4e       0x16 ./Core/Src/cpp_main.o
                0x0000000008002e4e                std::_Deque_base<float, std::allocator<float> >::_M_get_Tp_allocator() const
 .text._ZNSt5dequeIfSaIfEE17_M_reallocate_mapEjb
                0x0000000008002e64      0x134 ./Core/Src/cpp_main.o
                0x0000000008002e64                std::deque<float, std::allocator<float> >::_M_reallocate_map(unsigned int, bool)
 .text._ZNSt16allocator_traitsISaIfEE8allocateERS0_j
                0x0000000008002f98       0x1e ./Core/Src/cpp_main.o
                0x0000000008002f98                std::allocator_traits<std::allocator<float> >::allocate(std::allocator<float>&, unsigned int)
 .text._ZN9__gnu_cxx13new_allocatorIfE9constructIfJfEEEvPT_DpOT0_
                0x0000000008002fb6       0x2c ./Core/Src/cpp_main.o
                0x0000000008002fb6                void __gnu_cxx::new_allocator<float>::construct<float, float>(float*, float&&)
 .text._ZNSt5dequeItSaItEE11_S_max_sizeERKS0_
                0x0000000008002fe2       0x34 ./Core/Src/cpp_main.o
                0x0000000008002fe2                std::deque<unsigned short, std::allocator<unsigned short> >::_S_max_size(std::allocator<unsigned short> const&)
 .text._ZNSt5dequeItSaItEE17_M_reallocate_mapEjb
                0x0000000008003016      0x134 ./Core/Src/cpp_main.o
                0x0000000008003016                std::deque<unsigned short, std::allocator<unsigned short> >::_M_reallocate_map(unsigned int, bool)
 .text._ZNSt16allocator_traitsISaItEE8allocateERS0_j
                0x000000000800314a       0x1e ./Core/Src/cpp_main.o
                0x000000000800314a                std::allocator_traits<std::allocator<unsigned short> >::allocate(std::allocator<unsigned short>&, unsigned int)
 .text._ZNSt15_Deque_iteratorItRtPtEpLEi
                0x0000000008003168       0xae ./Core/Src/cpp_main.o
                0x0000000008003168                std::_Deque_iterator<unsigned short, unsigned short&, unsigned short*>::operator+=(int)
 .text._ZNK9__gnu_cxx13new_allocatorIfE8max_sizeEv
                0x0000000008003216       0x18 ./Core/Src/cpp_main.o
                0x0000000008003216                __gnu_cxx::new_allocator<float>::max_size() const
 .text._ZN9__gnu_cxx13new_allocatorIfEC2ERKS1_
                0x000000000800322e       0x18 ./Core/Src/cpp_main.o
                0x000000000800322e                __gnu_cxx::new_allocator<float>::new_allocator(__gnu_cxx::new_allocator<float> const&)
                0x000000000800322e                __gnu_cxx::new_allocator<float>::new_allocator(__gnu_cxx::new_allocator<float> const&)
 .text._ZNSt15_Deque_iteratorIfRfPfEC2Ev
                0x0000000008003246       0x2e ./Core/Src/cpp_main.o
                0x0000000008003246                std::_Deque_iterator<float, float&, float*>::_Deque_iterator()
                0x0000000008003246                std::_Deque_iterator<float, float&, float*>::_Deque_iterator()
 .text._ZNSt16allocator_traitsISaIPfEE8allocateERS1_j
                0x0000000008003274       0x1e ./Core/Src/cpp_main.o
                0x0000000008003274                std::allocator_traits<std::allocator<float*> >::allocate(std::allocator<float*>&, unsigned int)
 .text._ZNSaIPfEC2IfEERKSaIT_E
                0x0000000008003292       0x1a ./Core/Src/cpp_main.o
                0x0000000008003292                std::allocator<float*>::allocator<float>(std::allocator<float> const&)
                0x0000000008003292                std::allocator<float*>::allocator<float>(std::allocator<float> const&)
 .text._ZN9__gnu_cxx13new_allocatorIPfED2Ev
                0x00000000080032ac       0x16 ./Core/Src/cpp_main.o
                0x00000000080032ac                __gnu_cxx::new_allocator<float*>::~new_allocator()
                0x00000000080032ac                __gnu_cxx::new_allocator<float*>::~new_allocator()
 .text._ZN9__gnu_cxx13new_allocatorIPfE10deallocateEPS1_j
                0x00000000080032c2       0x20 ./Core/Src/cpp_main.o
                0x00000000080032c2                __gnu_cxx::new_allocator<float*>::deallocate(float**, unsigned int)
 .text._ZNSt20__uninitialized_fillILb1EE13__uninit_fillIPffEEvT_S3_RKT0_
                0x00000000080032e2       0x1e ./Core/Src/cpp_main.o
                0x00000000080032e2                void std::__uninitialized_fill<true>::__uninit_fill<float*, float>(float*, float*, float const&)
 .text._ZN9__gnu_cxx13new_allocatorIPtE8allocateEjPKv
                0x0000000008003300       0x3c ./Core/Src/cpp_main.o
                0x0000000008003300                __gnu_cxx::new_allocator<unsigned short*>::allocate(unsigned int, void const*)
 .text._ZN9__gnu_cxx13new_allocatorItE10deallocateEPtj
                0x000000000800333c       0x20 ./Core/Src/cpp_main.o
                0x000000000800333c                __gnu_cxx::new_allocator<unsigned short>::deallocate(unsigned short*, unsigned int)
 .text._ZN9__gnu_cxx13new_allocatorIPtEC2Ev
                0x000000000800335c       0x16 ./Core/Src/cpp_main.o
                0x000000000800335c                __gnu_cxx::new_allocator<unsigned short*>::new_allocator()
                0x000000000800335c                __gnu_cxx::new_allocator<unsigned short*>::new_allocator()
 .text._ZN9__gnu_cxx13new_allocatorIfE10deallocateEPfj
                0x0000000008003372       0x20 ./Core/Src/cpp_main.o
                0x0000000008003372                __gnu_cxx::new_allocator<float>::deallocate(float*, unsigned int)
 .text._ZSt4copyIPPfS1_ET0_T_S3_S2_
                0x0000000008003392       0x30 ./Core/Src/cpp_main.o
                0x0000000008003392                float** std::copy<float**, float**>(float**, float**, float**)
 .text._ZSt13copy_backwardIPPfS1_ET0_T_S3_S2_
                0x00000000080033c2       0x30 ./Core/Src/cpp_main.o
                0x00000000080033c2                float** std::copy_backward<float**, float**>(float**, float**, float**)
 .text._ZN9__gnu_cxx13new_allocatorIfE8allocateEjPKv
                0x00000000080033f2       0x3c ./Core/Src/cpp_main.o
                0x00000000080033f2                __gnu_cxx::new_allocator<float>::allocate(unsigned int, void const*)
 .text._ZNSt16allocator_traitsISaItEE8max_sizeERKS0_
                0x000000000800342e       0x18 ./Core/Src/cpp_main.o
                0x000000000800342e                std::allocator_traits<std::allocator<unsigned short> >::max_size(std::allocator<unsigned short> const&)
 .text._ZSt4copyIPPtS1_ET0_T_S3_S2_
                0x0000000008003446       0x30 ./Core/Src/cpp_main.o
                0x0000000008003446                unsigned short** std::copy<unsigned short**, unsigned short**>(unsigned short**, unsigned short**, unsigned short**)
 .text._ZSt13copy_backwardIPPtS1_ET0_T_S3_S2_
                0x0000000008003476       0x30 ./Core/Src/cpp_main.o
                0x0000000008003476                unsigned short** std::copy_backward<unsigned short**, unsigned short**>(unsigned short**, unsigned short**, unsigned short**)
 .text._ZN9__gnu_cxx13new_allocatorItE8allocateEjPKv
                0x00000000080034a6       0x3c ./Core/Src/cpp_main.o
                0x00000000080034a6                __gnu_cxx::new_allocator<unsigned short>::allocate(unsigned int, void const*)
 .text._ZNK9__gnu_cxx13new_allocatorIfE11_M_max_sizeEv
                0x00000000080034e2       0x18 ./Core/Src/cpp_main.o
                0x00000000080034e2                __gnu_cxx::new_allocator<float>::_M_max_size() const
 .text._ZN9__gnu_cxx13new_allocatorIPfE8allocateEjPKv
                0x00000000080034fa       0x3c ./Core/Src/cpp_main.o
                0x00000000080034fa                __gnu_cxx::new_allocator<float*>::allocate(unsigned int, void const*)
 .text._ZN9__gnu_cxx13new_allocatorIPfEC2Ev
                0x0000000008003536       0x16 ./Core/Src/cpp_main.o
                0x0000000008003536                __gnu_cxx::new_allocator<float*>::new_allocator()
                0x0000000008003536                __gnu_cxx::new_allocator<float*>::new_allocator()
 .text._ZSt4fillIPffEvT_S1_RKT0_
                0x000000000800354c       0x1e ./Core/Src/cpp_main.o
                0x000000000800354c                void std::fill<float*, float>(float*, float*, float const&)
 .text._ZNK9__gnu_cxx13new_allocatorIPtE11_M_max_sizeEv
                0x000000000800356a       0x18 ./Core/Src/cpp_main.o
                0x000000000800356a                __gnu_cxx::new_allocator<unsigned short*>::_M_max_size() const
 .text._ZSt12__miter_baseIPPfET_S2_
                0x0000000008003582       0x16 ./Core/Src/cpp_main.o
                0x0000000008003582                float** std::__miter_base<float**>(float**)
 .text._ZSt13__copy_move_aILb0EPPfS1_ET1_T0_S3_S2_
                0x0000000008003598       0x46 ./Core/Src/cpp_main.o
                0x0000000008003598                float** std::__copy_move_a<false, float**, float**>(float**, float**, float**)
 .text._ZSt22__copy_move_backward_aILb0EPPfS1_ET1_T0_S3_S2_
                0x00000000080035de       0x46 ./Core/Src/cpp_main.o
                0x00000000080035de                float** std::__copy_move_backward_a<false, float**, float**>(float**, float**, float**)
 .text._ZNK9__gnu_cxx13new_allocatorItE8max_sizeEv
                0x0000000008003624       0x18 ./Core/Src/cpp_main.o
                0x0000000008003624                __gnu_cxx::new_allocator<unsigned short>::max_size() const
 .text._ZSt12__miter_baseIPPtET_S2_
                0x000000000800363c       0x16 ./Core/Src/cpp_main.o
                0x000000000800363c                unsigned short** std::__miter_base<unsigned short**>(unsigned short**)
 .text._ZSt13__copy_move_aILb0EPPtS1_ET1_T0_S3_S2_
                0x0000000008003652       0x46 ./Core/Src/cpp_main.o
                0x0000000008003652                unsigned short** std::__copy_move_a<false, unsigned short**, unsigned short**>(unsigned short**, unsigned short**, unsigned short**)
 .text._ZSt22__copy_move_backward_aILb0EPPtS1_ET1_T0_S3_S2_
                0x0000000008003698       0x46 ./Core/Src/cpp_main.o
                0x0000000008003698                unsigned short** std::__copy_move_backward_a<false, unsigned short**, unsigned short**>(unsigned short**, unsigned short**, unsigned short**)
 .text._ZNK9__gnu_cxx13new_allocatorItE11_M_max_sizeEv
                0x00000000080036de       0x18 ./Core/Src/cpp_main.o
                0x00000000080036de                __gnu_cxx::new_allocator<unsigned short>::_M_max_size() const
 .text._ZNK9__gnu_cxx13new_allocatorIPfE11_M_max_sizeEv
                0x00000000080036f6       0x18 ./Core/Src/cpp_main.o
                0x00000000080036f6                __gnu_cxx::new_allocator<float*>::_M_max_size() const
 .text._ZSt8__fill_aIPffEvT_S1_RKT0_
                0x000000000800370e       0x1e ./Core/Src/cpp_main.o
                0x000000000800370e                void std::__fill_a<float*, float>(float*, float*, float const&)
 .text._ZSt12__niter_baseIPPfET_S2_
                0x000000000800372c       0x16 ./Core/Src/cpp_main.o
                0x000000000800372c                float** std::__niter_base<float**>(float**)
 .text._ZSt14__copy_move_a1ILb0EPPfS1_ET1_T0_S3_S2_
                0x0000000008003742       0x20 ./Core/Src/cpp_main.o
                0x0000000008003742                float** std::__copy_move_a1<false, float**, float**>(float**, float**, float**)
 .text._ZSt12__niter_wrapIPPfET_RKS2_S2_
                0x0000000008003762       0x18 ./Core/Src/cpp_main.o
                0x0000000008003762                float** std::__niter_wrap<float**>(float** const&, float**)
 .text._ZSt23__copy_move_backward_a1ILb0EPPfS1_ET1_T0_S3_S2_
                0x000000000800377a       0x20 ./Core/Src/cpp_main.o
                0x000000000800377a                float** std::__copy_move_backward_a1<false, float**, float**>(float**, float**, float**)
 .text._ZSt12__niter_baseIPPtET_S2_
                0x000000000800379a       0x16 ./Core/Src/cpp_main.o
                0x000000000800379a                unsigned short** std::__niter_base<unsigned short**>(unsigned short**)
 .text._ZSt14__copy_move_a1ILb0EPPtS1_ET1_T0_S3_S2_
                0x00000000080037b0       0x20 ./Core/Src/cpp_main.o
                0x00000000080037b0                unsigned short** std::__copy_move_a1<false, unsigned short**, unsigned short**>(unsigned short**, unsigned short**, unsigned short**)
 .text._ZSt12__niter_wrapIPPtET_RKS2_S2_
                0x00000000080037d0       0x18 ./Core/Src/cpp_main.o
                0x00000000080037d0                unsigned short** std::__niter_wrap<unsigned short**>(unsigned short** const&, unsigned short**)
 .text._ZSt23__copy_move_backward_a1ILb0EPPtS1_ET1_T0_S3_S2_
                0x00000000080037e8       0x20 ./Core/Src/cpp_main.o
                0x00000000080037e8                unsigned short** std::__copy_move_backward_a1<false, unsigned short**, unsigned short**>(unsigned short**, unsigned short**, unsigned short**)
 .text._ZSt9__fill_a1IPffEN9__gnu_cxx11__enable_ifIXsrSt11__is_scalarIT0_E7__valueEvE6__typeET_S8_RKS4_
                0x0000000008003808       0x34 ./Core/Src/cpp_main.o
                0x0000000008003808                __gnu_cxx::__enable_if<std::__is_scalar<float>::__value, void>::__type std::__fill_a1<float*, float>(float*, float*, float const&)
 .text._ZSt14__copy_move_a2ILb0EPPfS1_ET1_T0_S3_S2_
                0x000000000800383c       0x20 ./Core/Src/cpp_main.o
                0x000000000800383c                float** std::__copy_move_a2<false, float**, float**>(float**, float**, float**)
 .text._ZSt23__copy_move_backward_a2ILb0EPPfS1_ET1_T0_S3_S2_
                0x000000000800385c       0x20 ./Core/Src/cpp_main.o
                0x000000000800385c                float** std::__copy_move_backward_a2<false, float**, float**>(float**, float**, float**)
 .text._ZSt14__copy_move_a2ILb0EPPtS1_ET1_T0_S3_S2_
                0x000000000800387c       0x20 ./Core/Src/cpp_main.o
                0x000000000800387c                unsigned short** std::__copy_move_a2<false, unsigned short**, unsigned short**>(unsigned short**, unsigned short**, unsigned short**)
 .text._ZSt23__copy_move_backward_a2ILb0EPPtS1_ET1_T0_S3_S2_
                0x000000000800389c       0x20 ./Core/Src/cpp_main.o
                0x000000000800389c                unsigned short** std::__copy_move_backward_a2<false, unsigned short**, unsigned short**>(unsigned short**, unsigned short**, unsigned short**)
 .text._ZNSt11__copy_moveILb0ELb1ESt26random_access_iterator_tagE8__copy_mIPfEEPT_PKS4_S7_S5_
                0x00000000080038bc       0x3a ./Core/Src/cpp_main.o
                0x00000000080038bc                float** std::__copy_move<false, true, std::random_access_iterator_tag>::__copy_m<float*>(float* const*, float* const*, float**)
 .text._ZNSt20__copy_move_backwardILb0ELb1ESt26random_access_iterator_tagE13__copy_move_bIPfEEPT_PKS4_S7_S5_
                0x00000000080038f6       0x44 ./Core/Src/cpp_main.o
                0x00000000080038f6                float** std::__copy_move_backward<false, true, std::random_access_iterator_tag>::__copy_move_b<float*>(float* const*, float* const*, float**)
 .text._ZNSt11__copy_moveILb0ELb1ESt26random_access_iterator_tagE8__copy_mIPtEEPT_PKS4_S7_S5_
                0x000000000800393a       0x3a ./Core/Src/cpp_main.o
                0x000000000800393a                unsigned short** std::__copy_move<false, true, std::random_access_iterator_tag>::__copy_m<unsigned short*>(unsigned short* const*, unsigned short* const*, unsigned short**)
 .text._ZNSt20__copy_move_backwardILb0ELb1ESt26random_access_iterator_tagE13__copy_move_bIPtEEPT_PKS4_S7_S5_
                0x0000000008003974       0x44 ./Core/Src/cpp_main.o
                0x0000000008003974                unsigned short** std::__copy_move_backward<false, true, std::random_access_iterator_tag>::__copy_move_b<unsigned short*>(unsigned short* const*, unsigned short* const*, unsigned short**)
 .text._ZN9ParameterD2Ev
                0x00000000080039b8       0x1a ./Core/Src/cpp_main.o
                0x00000000080039b8                Parameter::~Parameter()
                0x00000000080039b8                Parameter::~Parameter()
 *fill*         0x00000000080039d2        0x2 
 .text._Z41__static_initialization_and_destruction_0ii
                0x00000000080039d4      0x204 ./Core/Src/cpp_main.o
 .text._GLOBAL__sub_I_t
                0x0000000008003bd8       0x10 ./Core/Src/cpp_main.o
 .text._GLOBAL__sub_D_t
                0x0000000008003be8       0x10 ./Core/Src/cpp_main.o
 .text.MX_DAC_Init
                0x0000000008003bf8       0x54 ./Core/Src/dac.o
                0x0000000008003bf8                MX_DAC_Init
 .text.HAL_DAC_MspInit
                0x0000000008003c4c       0x80 ./Core/Src/dac.o
                0x0000000008003c4c                HAL_DAC_MspInit
 .text.MX_DMA_Init
                0x0000000008003ccc       0x3c ./Core/Src/dma.o
                0x0000000008003ccc                MX_DMA_Init
 .text.MX_GPIO_Init
                0x0000000008003d08       0xa8 ./Core/Src/gpio.o
                0x0000000008003d08                MX_GPIO_Init
 .text.main     0x0000000008003db0       0x26 ./Core/Src/main.o
                0x0000000008003db0                main
 *fill*         0x0000000008003dd6        0x2 
 .text.SystemClock_Config
                0x0000000008003dd8       0xb8 ./Core/Src/main.o
                0x0000000008003dd8                SystemClock_Config
 .text.Error_Handler
                0x0000000008003e90        0xe ./Core/Src/main.o
                0x0000000008003e90                Error_Handler
 *fill*         0x0000000008003e9e        0x2 
 .text.MX_SPI1_Init
                0x0000000008003ea0       0x7c ./Core/Src/spi.o
                0x0000000008003ea0                MX_SPI1_Init
 .text.HAL_SPI_MspInit
                0x0000000008003f1c       0xc4 ./Core/Src/spi.o
                0x0000000008003f1c                HAL_SPI_MspInit
 .text.HAL_MspInit
                0x0000000008003fe0       0x48 ./Core/Src/stm32f7xx_hal_msp.o
                0x0000000008003fe0                HAL_MspInit
 .text.NMI_Handler
                0x0000000008004028        0xe ./Core/Src/stm32f7xx_it.o
                0x0000000008004028                NMI_Handler
 .text.HardFault_Handler
                0x0000000008004036        0x6 ./Core/Src/stm32f7xx_it.o
                0x0000000008004036                HardFault_Handler
 .text.MemManage_Handler
                0x000000000800403c        0x6 ./Core/Src/stm32f7xx_it.o
                0x000000000800403c                MemManage_Handler
 .text.BusFault_Handler
                0x0000000008004042        0x6 ./Core/Src/stm32f7xx_it.o
                0x0000000008004042                BusFault_Handler
 .text.UsageFault_Handler
                0x0000000008004048        0x6 ./Core/Src/stm32f7xx_it.o
                0x0000000008004048                UsageFault_Handler
 .text.SVC_Handler
                0x000000000800404e        0xe ./Core/Src/stm32f7xx_it.o
                0x000000000800404e                SVC_Handler
 .text.DebugMon_Handler
                0x000000000800405c        0xe ./Core/Src/stm32f7xx_it.o
                0x000000000800405c                DebugMon_Handler
 .text.PendSV_Handler
                0x000000000800406a        0xe ./Core/Src/stm32f7xx_it.o
                0x000000000800406a                PendSV_Handler
 .text.SysTick_Handler
                0x0000000008004078        0xc ./Core/Src/stm32f7xx_it.o
                0x0000000008004078                SysTick_Handler
 .text.DMA2_Stream0_IRQHandler
                0x0000000008004084       0x14 ./Core/Src/stm32f7xx_it.o
                0x0000000008004084                DMA2_Stream0_IRQHandler
 .text._getpid  0x0000000008004098       0x10 ./Core/Src/syscalls.o
                0x0000000008004098                _getpid
 .text._kill    0x00000000080040a8       0x20 ./Core/Src/syscalls.o
                0x00000000080040a8                _kill
 .text._exit    0x00000000080040c8       0x14 ./Core/Src/syscalls.o
                0x00000000080040c8                _exit
 .text._sbrk    0x00000000080040dc       0x6c ./Core/Src/sysmem.o
                0x00000000080040dc                _sbrk
 .text.SystemInit
                0x0000000008004148       0x24 ./Core/Src/system_stm32f7xx.o
                0x0000000008004148                SystemInit
 .text.Reset_Handler
                0x000000000800416c       0x50 ./Core/Startup/startup_stm32f746zgtx.o
                0x000000000800416c                Reset_Handler
 .text.Default_Handler
                0x00000000080041bc        0x2 ./Core/Startup/startup_stm32f746zgtx.o
                0x00000000080041bc                RTC_Alarm_IRQHandler
                0x00000000080041bc                EXTI2_IRQHandler
                0x00000000080041bc                TIM8_CC_IRQHandler
                0x00000000080041bc                UART8_IRQHandler
                0x00000000080041bc                SPI4_IRQHandler
                0x00000000080041bc                TIM1_CC_IRQHandler
                0x00000000080041bc                DMA2_Stream5_IRQHandler
                0x00000000080041bc                DMA1_Stream5_IRQHandler
                0x00000000080041bc                PVD_IRQHandler
                0x00000000080041bc                TAMP_STAMP_IRQHandler
                0x00000000080041bc                CAN2_RX1_IRQHandler
                0x00000000080041bc                EXTI3_IRQHandler
                0x00000000080041bc                TIM8_TRG_COM_TIM14_IRQHandler
                0x00000000080041bc                TIM1_UP_TIM10_IRQHandler
                0x00000000080041bc                TIM8_UP_TIM13_IRQHandler
                0x00000000080041bc                I2C3_ER_IRQHandler
                0x00000000080041bc                EXTI0_IRQHandler
                0x00000000080041bc                I2C2_EV_IRQHandler
                0x00000000080041bc                DMA1_Stream2_IRQHandler
                0x00000000080041bc                CAN1_RX0_IRQHandler
                0x00000000080041bc                FPU_IRQHandler
                0x00000000080041bc                OTG_HS_WKUP_IRQHandler
                0x00000000080041bc                LTDC_ER_IRQHandler
                0x00000000080041bc                CAN2_SCE_IRQHandler
                0x00000000080041bc                DMA2_Stream2_IRQHandler
                0x00000000080041bc                SPI1_IRQHandler
                0x00000000080041bc                TIM6_DAC_IRQHandler
                0x00000000080041bc                TIM1_BRK_TIM9_IRQHandler
                0x00000000080041bc                DCMI_IRQHandler
                0x00000000080041bc                CAN2_RX0_IRQHandler
                0x00000000080041bc                DMA2_Stream3_IRQHandler
                0x00000000080041bc                SAI2_IRQHandler
                0x00000000080041bc                USART6_IRQHandler
                0x00000000080041bc                USART3_IRQHandler
                0x00000000080041bc                CAN1_RX1_IRQHandler
                0x00000000080041bc                UART5_IRQHandler
                0x00000000080041bc                TIM4_IRQHandler
                0x00000000080041bc                QUADSPI_IRQHandler
                0x00000000080041bc                I2C1_EV_IRQHandler
                0x00000000080041bc                DMA1_Stream6_IRQHandler
                0x00000000080041bc                DMA1_Stream1_IRQHandler
                0x00000000080041bc                UART4_IRQHandler
                0x00000000080041bc                TIM3_IRQHandler
                0x00000000080041bc                RCC_IRQHandler
                0x00000000080041bc                TIM8_BRK_TIM12_IRQHandler
                0x00000000080041bc                Default_Handler
                0x00000000080041bc                CEC_IRQHandler
                0x00000000080041bc                EXTI15_10_IRQHandler
                0x00000000080041bc                ADC_IRQHandler
                0x00000000080041bc                DMA1_Stream7_IRQHandler
                0x00000000080041bc                SPI5_IRQHandler
                0x00000000080041bc                TIM7_IRQHandler
                0x00000000080041bc                SDMMC1_IRQHandler
                0x00000000080041bc                CAN2_TX_IRQHandler
                0x00000000080041bc                TIM5_IRQHandler
                0x00000000080041bc                DMA2_Stream7_IRQHandler
                0x00000000080041bc                I2C3_EV_IRQHandler
                0x00000000080041bc                EXTI9_5_IRQHandler
                0x00000000080041bc                RTC_WKUP_IRQHandler
                0x00000000080041bc                LTDC_IRQHandler
                0x00000000080041bc                ETH_WKUP_IRQHandler
                0x00000000080041bc                SPDIF_RX_IRQHandler
                0x00000000080041bc                SPI2_IRQHandler
                0x00000000080041bc                OTG_HS_EP1_IN_IRQHandler
                0x00000000080041bc                DMA1_Stream0_IRQHandler
                0x00000000080041bc                CAN1_TX_IRQHandler
                0x00000000080041bc                EXTI4_IRQHandler
                0x00000000080041bc                RNG_IRQHandler
                0x00000000080041bc                ETH_IRQHandler
                0x00000000080041bc                OTG_HS_EP1_OUT_IRQHandler
                0x00000000080041bc                WWDG_IRQHandler
                0x00000000080041bc                SPI6_IRQHandler
                0x00000000080041bc                I2C4_EV_IRQHandler
                0x00000000080041bc                TIM2_IRQHandler
                0x00000000080041bc                OTG_FS_WKUP_IRQHandler
                0x00000000080041bc                TIM1_TRG_COM_TIM11_IRQHandler
                0x00000000080041bc                OTG_HS_IRQHandler
                0x00000000080041bc                DMA2D_IRQHandler
                0x00000000080041bc                EXTI1_IRQHandler
                0x00000000080041bc                UART7_IRQHandler
                0x00000000080041bc                USART2_IRQHandler
                0x00000000080041bc                I2C2_ER_IRQHandler
                0x00000000080041bc                DMA2_Stream1_IRQHandler
                0x00000000080041bc                CAN1_SCE_IRQHandler
                0x00000000080041bc                FLASH_IRQHandler
                0x00000000080041bc                DMA2_Stream4_IRQHandler
                0x00000000080041bc                USART1_IRQHandler
                0x00000000080041bc                OTG_FS_IRQHandler
                0x00000000080041bc                SPI3_IRQHandler
                0x00000000080041bc                DMA1_Stream4_IRQHandler
                0x00000000080041bc                I2C1_ER_IRQHandler
                0x00000000080041bc                FMC_IRQHandler
                0x00000000080041bc                LPTIM1_IRQHandler
                0x00000000080041bc                I2C4_ER_IRQHandler
                0x00000000080041bc                DMA2_Stream6_IRQHandler
                0x00000000080041bc                SAI1_IRQHandler
                0x00000000080041bc                DMA1_Stream3_IRQHandler
 .text.HAL_Init
                0x00000000080041be       0x1a ./Drivers/STM32F7xx_HAL_Driver/Src/stm32f7xx_hal.o
                0x00000000080041be                HAL_Init
 .text.HAL_InitTick
                0x00000000080041d8       0x60 ./Drivers/STM32F7xx_HAL_Driver/Src/stm32f7xx_hal.o
                0x00000000080041d8                HAL_InitTick
 .text.HAL_IncTick
                0x0000000008004238       0x28 ./Drivers/STM32F7xx_HAL_Driver/Src/stm32f7xx_hal.o
                0x0000000008004238                HAL_IncTick
 .text.HAL_GetTick
                0x0000000008004260       0x18 ./Drivers/STM32F7xx_HAL_Driver/Src/stm32f7xx_hal.o
                0x0000000008004260                HAL_GetTick
 .text.HAL_ADC_Init
                0x0000000008004278       0x88 ./Drivers/STM32F7xx_HAL_Driver/Src/stm32f7xx_hal_adc.o
                0x0000000008004278                HAL_ADC_Init
 .text.HAL_ADC_ConfigChannel
                0x0000000008004300      0x2ac ./Drivers/STM32F7xx_HAL_Driver/Src/stm32f7xx_hal_adc.o
                0x0000000008004300                HAL_ADC_ConfigChannel
 .text.ADC_Init
                0x00000000080045ac      0x1f4 ./Drivers/STM32F7xx_HAL_Driver/Src/stm32f7xx_hal_adc.o
 .text.__NVIC_SetPriorityGrouping
                0x00000000080047a0       0x48 ./Drivers/STM32F7xx_HAL_Driver/Src/stm32f7xx_hal_cortex.o
 .text.__NVIC_GetPriorityGrouping
                0x00000000080047e8       0x1c ./Drivers/STM32F7xx_HAL_Driver/Src/stm32f7xx_hal_cortex.o
 .text.__NVIC_EnableIRQ
                0x0000000008004804       0x3c ./Drivers/STM32F7xx_HAL_Driver/Src/stm32f7xx_hal_cortex.o
 .text.__NVIC_SetPriority
                0x0000000008004840       0x54 ./Drivers/STM32F7xx_HAL_Driver/Src/stm32f7xx_hal_cortex.o
 .text.NVIC_EncodePriority
                0x0000000008004894       0x66 ./Drivers/STM32F7xx_HAL_Driver/Src/stm32f7xx_hal_cortex.o
 *fill*         0x00000000080048fa        0x2 
 .text.SysTick_Config
                0x00000000080048fc       0x44 ./Drivers/STM32F7xx_HAL_Driver/Src/stm32f7xx_hal_cortex.o
 .text.HAL_NVIC_SetPriorityGrouping
                0x0000000008004940       0x16 ./Drivers/STM32F7xx_HAL_Driver/Src/stm32f7xx_hal_cortex.o
                0x0000000008004940                HAL_NVIC_SetPriorityGrouping
 .text.HAL_NVIC_SetPriority
                0x0000000008004956       0x38 ./Drivers/STM32F7xx_HAL_Driver/Src/stm32f7xx_hal_cortex.o
                0x0000000008004956                HAL_NVIC_SetPriority
 .text.HAL_NVIC_EnableIRQ
                0x000000000800498e       0x1c ./Drivers/STM32F7xx_HAL_Driver/Src/stm32f7xx_hal_cortex.o
                0x000000000800498e                HAL_NVIC_EnableIRQ
 .text.HAL_SYSTICK_Config
                0x00000000080049aa       0x18 ./Drivers/STM32F7xx_HAL_Driver/Src/stm32f7xx_hal_cortex.o
                0x00000000080049aa                HAL_SYSTICK_Config
 .text.HAL_DAC_Init
                0x00000000080049c2       0x44 ./Drivers/STM32F7xx_HAL_Driver/Src/stm32f7xx_hal_dac.o
                0x00000000080049c2                HAL_DAC_Init
 .text.HAL_DAC_ConfigChannel
                0x0000000008004a06       0x9e ./Drivers/STM32F7xx_HAL_Driver/Src/stm32f7xx_hal_dac.o
                0x0000000008004a06                HAL_DAC_ConfigChannel
 .text.HAL_DMA_Init
                0x0000000008004aa4      0x15c ./Drivers/STM32F7xx_HAL_Driver/Src/stm32f7xx_hal_dma.o
                0x0000000008004aa4                HAL_DMA_Init
 .text.HAL_DMA_IRQHandler
                0x0000000008004c00      0x314 ./Drivers/STM32F7xx_HAL_Driver/Src/stm32f7xx_hal_dma.o
                0x0000000008004c00                HAL_DMA_IRQHandler
 .text.DMA_CalcBaseAndBitshift
                0x0000000008004f14       0x6c ./Drivers/STM32F7xx_HAL_Driver/Src/stm32f7xx_hal_dma.o
 .text.DMA_CheckFifoParam
                0x0000000008004f80       0xf8 ./Drivers/STM32F7xx_HAL_Driver/Src/stm32f7xx_hal_dma.o
 .text.HAL_GPIO_Init
                0x0000000008005078      0x358 ./Drivers/STM32F7xx_HAL_Driver/Src/stm32f7xx_hal_gpio.o
                0x0000000008005078                HAL_GPIO_Init
 .text.HAL_GPIO_WritePin
                0x00000000080053d0       0x32 ./Drivers/STM32F7xx_HAL_Driver/Src/stm32f7xx_hal_gpio.o
                0x00000000080053d0                HAL_GPIO_WritePin
 *fill*         0x0000000008005402        0x2 
 .text.HAL_RCC_OscConfig
                0x0000000008005404      0x548 ./Drivers/STM32F7xx_HAL_Driver/Src/stm32f7xx_hal_rcc.o
                0x0000000008005404                HAL_RCC_OscConfig
 .text.HAL_RCC_ClockConfig
                0x000000000800594c      0x1d8 ./Drivers/STM32F7xx_HAL_Driver/Src/stm32f7xx_hal_rcc.o
                0x000000000800594c                HAL_RCC_ClockConfig
 .text.HAL_RCC_GetSysClockFreq
                0x0000000008005b24      0x18c ./Drivers/STM32F7xx_HAL_Driver/Src/stm32f7xx_hal_rcc.o
                0x0000000008005b24                HAL_RCC_GetSysClockFreq
 .text.HAL_SPI_Init
                0x0000000008005cb0      0x156 ./Drivers/STM32F7xx_HAL_Driver/Src/stm32f7xx_hal_spi.o
                0x0000000008005cb0                HAL_SPI_Init
 .text.HAL_SPI_Transmit
                0x0000000008005e06      0x2dc ./Drivers/STM32F7xx_HAL_Driver/Src/stm32f7xx_hal_spi.o
                0x0000000008005e06                HAL_SPI_Transmit
 *fill*         0x00000000080060e2        0x2 
 .text.SPI_WaitFlagStateUntilTimeout
                0x00000000080060e4      0x110 ./Drivers/STM32F7xx_HAL_Driver/Src/stm32f7xx_hal_spi.o
 .text.SPI_WaitFifoStateUntilTimeout
                0x00000000080061f4      0x12c ./Drivers/STM32F7xx_HAL_Driver/Src/stm32f7xx_hal_spi.o
 .text.SPI_EndRxTxTransaction
                0x0000000008006320       0xd4 ./Drivers/STM32F7xx_HAL_Driver/Src/stm32f7xx_hal_spi.o
 .text._ZdlPvj  0x00000000080063f4        0x4 c:/st/stm32cubeide_1.9.0/stm32cubeide/plugins/com.st.stm32cube.ide.mcu.externaltools.gnu-tools-for-stm32.10.3-2021.10.win32_1.0.100.202210260954/tools/bin/../lib/gcc/arm-none-eabi/10.3.1/../../../../arm-none-eabi/lib/thumb/v7e-m+fp/hard\libstdc++_nano.a(del_ops.o)
                0x00000000080063f4                operator delete(void*, unsigned int)
 .text._Znwj    0x00000000080063f8       0x22 c:/st/stm32cubeide_1.9.0/stm32cubeide/plugins/com.st.stm32cube.ide.mcu.externaltools.gnu-tools-for-stm32.10.3-2021.10.win32_1.0.100.202210260954/tools/bin/../lib/gcc/arm-none-eabi/10.3.1/../../../../arm-none-eabi/lib/thumb/v7e-m+fp/hard\libstdc++_nano.a(new_op.o)
                0x00000000080063f8                operator new(unsigned int)
 .text._ZNSaIcEC2Ev
                0x000000000800641a        0x2 c:/st/stm32cubeide_1.9.0/stm32cubeide/plugins/com.st.stm32cube.ide.mcu.externaltools.gnu-tools-for-stm32.10.3-2021.10.win32_1.0.100.202210260954/tools/bin/../lib/gcc/arm-none-eabi/10.3.1/../../../../arm-none-eabi/lib/thumb/v7e-m+fp/hard\libstdc++_nano.a(allocator-inst.o)
                0x000000000800641a                std::allocator<char>::allocator()
                0x000000000800641a                std::allocator<char>::allocator()
 .text._ZNSaIcED2Ev
                0x000000000800641c        0x2 c:/st/stm32cubeide_1.9.0/stm32cubeide/plugins/com.st.stm32cube.ide.mcu.externaltools.gnu-tools-for-stm32.10.3-2021.10.win32_1.0.100.202210260954/tools/bin/../lib/gcc/arm-none-eabi/10.3.1/../../../../arm-none-eabi/lib/thumb/v7e-m+fp/hard\libstdc++_nano.a(allocator-inst.o)
                0x000000000800641c                std::allocator<char>::~allocator()
                0x000000000800641c                std::allocator<char>::~allocator()
 .text.unlikely._ZSt17__throw_bad_allocv
                0x000000000800641e        0x6 c:/st/stm32cubeide_1.9.0/stm32cubeide/plugins/com.st.stm32cube.ide.mcu.externaltools.gnu-tools-for-stm32.10.3-2021.10.win32_1.0.100.202210260954/tools/bin/../lib/gcc/arm-none-eabi/10.3.1/../../../../arm-none-eabi/lib/thumb/v7e-m+fp/hard\libstdc++_nano.a(functexcept.o)
                0x000000000800641e                std::__throw_bad_alloc()
 .text.unlikely._ZSt19__throw_logic_errorPKc
                0x0000000008006424        0x6 c:/st/stm32cubeide_1.9.0/stm32cubeide/plugins/com.st.stm32cube.ide.mcu.externaltools.gnu-tools-for-stm32.10.3-2021.10.win32_1.0.100.202210260954/tools/bin/../lib/gcc/arm-none-eabi/10.3.1/../../../../arm-none-eabi/lib/thumb/v7e-m+fp/hard\libstdc++_nano.a(functexcept.o)
                0x0000000008006424                std::__throw_logic_error(char const*)
 .text.unlikely._ZSt20__throw_length_errorPKc
                0x000000000800642a        0x6 c:/st/stm32cubeide_1.9.0/stm32cubeide/plugins/com.st.stm32cube.ide.mcu.externaltools.gnu-tools-for-stm32.10.3-2021.10.win32_1.0.100.202210260954/tools/bin/../lib/gcc/arm-none-eabi/10.3.1/../../../../arm-none-eabi/lib/thumb/v7e-m+fp/hard\libstdc++_nano.a(functexcept.o)
                0x000000000800642a                std::__throw_length_error(char const*)
 .text._ZNSt11char_traitsIcE4copyEPcPKcj.isra.0
                0x0000000008006430        0x8 c:/st/stm32cubeide_1.9.0/stm32cubeide/plugins/com.st.stm32cube.ide.mcu.externaltools.gnu-tools-for-stm32.10.3-2021.10.win32_1.0.100.202210260954/tools/bin/../lib/gcc/arm-none-eabi/10.3.1/../../../../arm-none-eabi/lib/thumb/v7e-m+fp/hard\libstdc++_nano.a(string-inst.o)
 .text._ZNSt7__cxx1112basic_stringIcSt11char_traitsIcESaIcEE9_M_createERjj
                0x0000000008006438       0x44 c:/st/stm32cubeide_1.9.0/stm32cubeide/plugins/com.st.stm32cube.ide.mcu.externaltools.gnu-tools-for-stm32.10.3-2021.10.win32_1.0.100.202210260954/tools/bin/../lib/gcc/arm-none-eabi/10.3.1/../../../../arm-none-eabi/lib/thumb/v7e-m+fp/hard\libstdc++_nano.a(string-inst.o)
                0x0000000008006438                std::__cxx11::basic_string<char, std::char_traits<char>, std::allocator<char> >::_M_create(unsigned int&, unsigned int)
 .text._ZNSt7__cxx1112basic_stringIcSt11char_traitsIcESaIcEE10_M_disposeEv
                0x000000000800647c       0x10 c:/st/stm32cubeide_1.9.0/stm32cubeide/plugins/com.st.stm32cube.ide.mcu.externaltools.gnu-tools-for-stm32.10.3-2021.10.win32_1.0.100.202210260954/tools/bin/../lib/gcc/arm-none-eabi/10.3.1/../../../../arm-none-eabi/lib/thumb/v7e-m+fp/hard\libstdc++_nano.a(string-inst.o)
                0x000000000800647c                std::__cxx11::basic_string<char, std::char_traits<char>, std::allocator<char> >::_M_dispose()
 .text._ZNSt7__cxx1112basic_stringIcSt11char_traitsIcESaIcEE7_S_copyEPcPKcj
                0x000000000800648c       0x18 c:/st/stm32cubeide_1.9.0/stm32cubeide/plugins/com.st.stm32cube.ide.mcu.externaltools.gnu-tools-for-stm32.10.3-2021.10.win32_1.0.100.202210260954/tools/bin/../lib/gcc/arm-none-eabi/10.3.1/../../../../arm-none-eabi/lib/thumb/v7e-m+fp/hard\libstdc++_nano.a(string-inst.o)
                0x000000000800648c                std::__cxx11::basic_string<char, std::char_traits<char>, std::allocator<char> >::_S_copy(char*, char const*, unsigned int)
 .text._ZNSt7__cxx1112basic_stringIcSt11char_traitsIcESaIcEE13_S_copy_charsEPcPKcS7_
                0x00000000080064a4        0xa c:/st/stm32cubeide_1.9.0/stm32cubeide/plugins/com.st.stm32cube.ide.mcu.externaltools.gnu-tools-for-stm32.10.3-2021.10.win32_1.0.100.202210260954/tools/bin/../lib/gcc/arm-none-eabi/10.3.1/../../../../arm-none-eabi/lib/thumb/v7e-m+fp/hard\libstdc++_nano.a(string-inst.o)
                0x00000000080064a4                std::__cxx11::basic_string<char, std::char_traits<char>, std::allocator<char> >::_S_copy_chars(char*, char const*, char const*)
 .text._ZNSt7__cxx1112basic_stringIcSt11char_traitsIcESaIcEED2Ev
                0x00000000080064ae        0xc c:/st/stm32cubeide_1.9.0/stm32cubeide/plugins/com.st.stm32cube.ide.mcu.externaltools.gnu-tools-for-stm32.10.3-2021.10.win32_1.0.100.202210260954/tools/bin/../lib/gcc/arm-none-eabi/10.3.1/../../../../arm-none-eabi/lib/thumb/v7e-m+fp/hard\libstdc++_nano.a(string-inst.o)
                0x00000000080064ae                std::__cxx11::basic_string<char, std::char_traits<char>, std::allocator<char> >::~basic_string()
                0x00000000080064ae                std::__cxx11::basic_string<char, std::char_traits<char>, std::allocator<char> >::~basic_string()
 *fill*         0x00000000080064ba        0x2 
 .text._ZNSt7__cxx1112basic_stringIcSt11char_traitsIcESaIcEE12_M_constructIPKcEEvT_S8_St20forward_iterator_tag
                0x00000000080064bc       0x48 c:/st/stm32cubeide_1.9.0/stm32cubeide/plugins/com.st.stm32cube.ide.mcu.externaltools.gnu-tools-for-stm32.10.3-2021.10.win32_1.0.100.202210260954/tools/bin/../lib/gcc/arm-none-eabi/10.3.1/../../../../arm-none-eabi/lib/thumb/v7e-m+fp/hard\libstdc++_nano.a(string-inst.o)
                0x00000000080064bc                void std::__cxx11::basic_string<char, std::char_traits<char>, std::allocator<char> >::_M_construct<char const*>(char const*, char const*, std::forward_iterator_tag)
 .text._ZNSt7__cxx1112basic_stringIcSt11char_traitsIcESaIcEEC2EPKcRKS3_
                0x0000000008006504       0x2a c:/st/stm32cubeide_1.9.0/stm32cubeide/plugins/com.st.stm32cube.ide.mcu.externaltools.gnu-tools-for-stm32.10.3-2021.10.win32_1.0.100.202210260954/tools/bin/../lib/gcc/arm-none-eabi/10.3.1/../../../../arm-none-eabi/lib/thumb/v7e-m+fp/hard\libstdc++_nano.a(string-inst.o)
                0x0000000008006504                std::__cxx11::basic_string<char, std::char_traits<char>, std::allocator<char> >::basic_string(char const*, std::allocator<char> const&)
                0x0000000008006504                std::__cxx11::basic_string<char, std::char_traits<char>, std::allocator<char> >::basic_string(char const*, std::allocator<char> const&)
 .text._ZdlPv   0x000000000800652e        0x4 c:/st/stm32cubeide_1.9.0/stm32cubeide/plugins/com.st.stm32cube.ide.mcu.externaltools.gnu-tools-for-stm32.10.3-2021.10.win32_1.0.100.202210260954/tools/bin/../lib/gcc/arm-none-eabi/10.3.1/../../../../arm-none-eabi/lib/thumb/v7e-m+fp/hard\libstdc++_nano.a(del_op.o)
                0x000000000800652e                operator delete(void*)
 *fill*         0x0000000008006532        0x2 
 .text._ZSt15get_new_handlerv
                0x0000000008006534       0x10 c:/st/stm32cubeide_1.9.0/stm32cubeide/plugins/com.st.stm32cube.ide.mcu.externaltools.gnu-tools-for-stm32.10.3-2021.10.win32_1.0.100.202210260954/tools/bin/../lib/gcc/arm-none-eabi/10.3.1/../../../../arm-none-eabi/lib/thumb/v7e-m+fp/hard\libstdc++_nano.a(new_handler.o)
                0x0000000008006534                std::get_new_handler()
 .text.abort    0x0000000008006544        0xe c:/st/stm32cubeide_1.9.0/stm32cubeide/plugins/com.st.stm32cube.ide.mcu.externaltools.gnu-tools-for-stm32.10.3-2021.10.win32_1.0.100.202210260954/tools/bin/../lib/gcc/arm-none-eabi/10.3.1/../../../../arm-none-eabi/lib/thumb/v7e-m+fp/hard\libc_nano.a(lib_a-abort.o)
                0x0000000008006544                abort
 *fill*         0x0000000008006552        0x2 
 .text.__errno  0x0000000008006554        0xc c:/st/stm32cubeide_1.9.0/stm32cubeide/plugins/com.st.stm32cube.ide.mcu.externaltools.gnu-tools-for-stm32.10.3-2021.10.win32_1.0.100.202210260954/tools/bin/../lib/gcc/arm-none-eabi/10.3.1/../../../../arm-none-eabi/lib/thumb/v7e-m+fp/hard\libc_nano.a(lib_a-errno.o)
                0x0000000008006554                __errno
 .text.__libc_init_array
                0x0000000008006560       0x48 c:/st/stm32cubeide_1.9.0/stm32cubeide/plugins/com.st.stm32cube.ide.mcu.externaltools.gnu-tools-for-stm32.10.3-2021.10.win32_1.0.100.202210260954/tools/bin/../lib/gcc/arm-none-eabi/10.3.1/../../../../arm-none-eabi/lib/thumb/v7e-m+fp/hard\libc_nano.a(lib_a-init.o)
                0x0000000008006560                __libc_init_array
 .text.malloc   0x00000000080065a8       0x10 c:/st/stm32cubeide_1.9.0/stm32cubeide/plugins/com.st.stm32cube.ide.mcu.externaltools.gnu-tools-for-stm32.10.3-2021.10.win32_1.0.100.202210260954/tools/bin/../lib/gcc/arm-none-eabi/10.3.1/../../../../arm-none-eabi/lib/thumb/v7e-m+fp/hard\libc_nano.a(lib_a-malloc.o)
                0x00000000080065a8                malloc
 .text.free     0x00000000080065b8       0x10 c:/st/stm32cubeide_1.9.0/stm32cubeide/plugins/com.st.stm32cube.ide.mcu.externaltools.gnu-tools-for-stm32.10.3-2021.10.win32_1.0.100.202210260954/tools/bin/../lib/gcc/arm-none-eabi/10.3.1/../../../../arm-none-eabi/lib/thumb/v7e-m+fp/hard\libc_nano.a(lib_a-malloc.o)
                0x00000000080065b8                free
 .text.memcpy   0x00000000080065c8       0x1c c:/st/stm32cubeide_1.9.0/stm32cubeide/plugins/com.st.stm32cube.ide.mcu.externaltools.gnu-tools-for-stm32.10.3-2021.10.win32_1.0.100.202210260954/tools/bin/../lib/gcc/arm-none-eabi/10.3.1/../../../../arm-none-eabi/lib/thumb/v7e-m+fp/hard\libc_nano.a(lib_a-memcpy-stub.o)
                0x00000000080065c8                memcpy
 .text.memmove  0x00000000080065e4       0x34 c:/st/stm32cubeide_1.9.0/stm32cubeide/plugins/com.st.stm32cube.ide.mcu.externaltools.gnu-tools-for-stm32.10.3-2021.10.win32_1.0.100.202210260954/tools/bin/../lib/gcc/arm-none-eabi/10.3.1/../../../../arm-none-eabi/lib/thumb/v7e-m+fp/hard\libc_nano.a(lib_a-memmove.o)
                0x00000000080065e4                memmove
 .text.memset   0x0000000008006618       0x10 c:/st/stm32cubeide_1.9.0/stm32cubeide/plugins/com.st.stm32cube.ide.mcu.externaltools.gnu-tools-for-stm32.10.3-2021.10.win32_1.0.100.202210260954/tools/bin/../lib/gcc/arm-none-eabi/10.3.1/../../../../arm-none-eabi/lib/thumb/v7e-m+fp/hard\libc_nano.a(lib_a-memset.o)
                0x0000000008006618                memset
 .text._free_r  0x0000000008006628       0x98 c:/st/stm32cubeide_1.9.0/stm32cubeide/plugins/com.st.stm32cube.ide.mcu.externaltools.gnu-tools-for-stm32.10.3-2021.10.win32_1.0.100.202210260954/tools/bin/../lib/gcc/arm-none-eabi/10.3.1/../../../../arm-none-eabi/lib/thumb/v7e-m+fp/hard\libc_nano.a(lib_a-nano-freer.o)
                0x0000000008006628                _free_r
 .text.sbrk_aligned
                0x00000000080066c0       0x40 c:/st/stm32cubeide_1.9.0/stm32cubeide/plugins/com.st.stm32cube.ide.mcu.externaltools.gnu-tools-for-stm32.10.3-2021.10.win32_1.0.100.202210260954/tools/bin/../lib/gcc/arm-none-eabi/10.3.1/../../../../arm-none-eabi/lib/thumb/v7e-m+fp/hard\libc_nano.a(lib_a-nano-mallocr.o)
 .text._malloc_r
                0x0000000008006700       0xe8 c:/st/stm32cubeide_1.9.0/stm32cubeide/plugins/com.st.stm32cube.ide.mcu.externaltools.gnu-tools-for-stm32.10.3-2021.10.win32_1.0.100.202210260954/tools/bin/../lib/gcc/arm-none-eabi/10.3.1/../../../../arm-none-eabi/lib/thumb/v7e-m+fp/hard\libc_nano.a(lib_a-nano-mallocr.o)
                0x0000000008006700                _malloc_r
 .text._sbrk_r  0x00000000080067e8       0x20 c:/st/stm32cubeide_1.9.0/stm32cubeide/plugins/com.st.stm32cube.ide.mcu.externaltools.gnu-tools-for-stm32.10.3-2021.10.win32_1.0.100.202210260954/tools/bin/../lib/gcc/arm-none-eabi/10.3.1/../../../../arm-none-eabi/lib/thumb/v7e-m+fp/hard\libc_nano.a(lib_a-sbrkr.o)
                0x00000000080067e8                _sbrk_r
 .text._raise_r
                0x0000000008006808       0x50 c:/st/stm32cubeide_1.9.0/stm32cubeide/plugins/com.st.stm32cube.ide.mcu.externaltools.gnu-tools-for-stm32.10.3-2021.10.win32_1.0.100.202210260954/tools/bin/../lib/gcc/arm-none-eabi/10.3.1/../../../../arm-none-eabi/lib/thumb/v7e-m+fp/hard\libc_nano.a(lib_a-signal.o)
                0x0000000008006808                _raise_r
 .text.raise    0x0000000008006858       0x10 c:/st/stm32cubeide_1.9.0/stm32cubeide/plugins/com.st.stm32cube.ide.mcu.externaltools.gnu-tools-for-stm32.10.3-2021.10.win32_1.0.100.202210260954/tools/bin/../lib/gcc/arm-none-eabi/10.3.1/../../../../arm-none-eabi/lib/thumb/v7e-m+fp/hard\libc_nano.a(lib_a-signal.o)
                0x0000000008006858                raise
 .text._kill_r  0x0000000008006868       0x24 c:/st/stm32cubeide_1.9.0/stm32cubeide/plugins/com.st.stm32cube.ide.mcu.externaltools.gnu-tools-for-stm32.10.3-2021.10.win32_1.0.100.202210260954/tools/bin/../lib/gcc/arm-none-eabi/10.3.1/../../../../arm-none-eabi/lib/thumb/v7e-m+fp/hard\libc_nano.a(lib_a-signalr.o)
                0x0000000008006868                _kill_r
 .text._getpid_r
                0x000000000800688c        0x4 c:/st/stm32cubeide_1.9.0/stm32cubeide/plugins/com.st.stm32cube.ide.mcu.externaltools.gnu-tools-for-stm32.10.3-2021.10.win32_1.0.100.202210260954/tools/bin/../lib/gcc/arm-none-eabi/10.3.1/../../../../arm-none-eabi/lib/thumb/v7e-m+fp/hard\libc_nano.a(lib_a-signalr.o)
                0x000000000800688c                _getpid_r
 .text.__malloc_lock
                0x0000000008006890        0xc c:/st/stm32cubeide_1.9.0/stm32cubeide/plugins/com.st.stm32cube.ide.mcu.externaltools.gnu-tools-for-stm32.10.3-2021.10.win32_1.0.100.202210260954/tools/bin/../lib/gcc/arm-none-eabi/10.3.1/../../../../arm-none-eabi/lib/thumb/v7e-m+fp/hard\libc_nano.a(lib_a-mlock.o)
                0x0000000008006890                __malloc_lock
 .text.__malloc_unlock
                0x000000000800689c        0xc c:/st/stm32cubeide_1.9.0/stm32cubeide/plugins/com.st.stm32cube.ide.mcu.externaltools.gnu-tools-for-stm32.10.3-2021.10.win32_1.0.100.202210260954/tools/bin/../lib/gcc/arm-none-eabi/10.3.1/../../../../arm-none-eabi/lib/thumb/v7e-m+fp/hard\libc_nano.a(lib_a-mlock.o)
                0x000000000800689c                __malloc_unlock
 .text.__retarget_lock_acquire_recursive