new:168:14:void* operator new(std::size_t, void*)	16	static
gthr-default.h:229:1:int __gthread_key_delete(__gthread_key_t)	16	static
std_abs.h:74:3:constexpr float std::abs(float)	16	static
stl_deque.h:91:3:constexpr std::size_t std::__deque_buf_size(std::size_t)	16	static
cpp_main.cpp:110:5:int alt_main()	8	static
cpp_main.cpp:152:10:uint16_t getSetPoint()	272	static
cpp_main.cpp:272:10:uint16_t RampOut1(long int)	24	static
cpp_main.cpp:283:6:void analogWrite(uint16_t)	16	static
cpp_main.cpp:289:7:float toVoltage(uint16_t)	24	static
cpp_main.cpp:293:6:void startPID()	24	static
cpp_main.cpp:324:6:long int getCurrentMicros()	24	static
cpp_main.cpp:337:24:uint32_t LL_SYSTICK_IsActiveCounterFlag()	4	static
allocator.h:131:7:std::allocator< <template-parameter-1-1> >::allocator() [with _Tp = float]	16	static
allocator.h:139:7:std::allocator< <template-parameter-1-1> >::~allocator() [with _Tp = float]	16	static
stl_deque.h:920:7:std::deque<_Tp, _Alloc>::deque(std::deque<_Tp, _Alloc>::size_type, const value_type&, const allocator_type&) [with _Tp = float; _Alloc = std::allocator<float>]	24	static
stl_deque.h:1044:7:std::deque<_Tp, _Alloc>::~deque() [with _Tp = float; _Alloc = std::allocator<float>]	48	static
stl_deque.h:888:7:std::deque<_Tp, _Alloc>::deque() [with _Tp = short unsigned int; _Alloc = std::allocator<short unsigned int>]	16	static
stl_deque.h:1044:7:std::deque<_Tp, _Alloc>::~deque() [with _Tp = short unsigned int; _Alloc = std::allocator<short unsigned int>]	48	static
stl_deque.h:1373:7:std::deque<_Tp, _Alloc>::reference std::deque<_Tp, _Alloc>::operator[](std::deque<_Tp, _Alloc>::size_type) [with _Tp = float; _Alloc = std::allocator<float>]	16	static
stl_deque.h:1578:7:void std::deque<_Tp, _Alloc>::pop_front() [with _Tp = float; _Alloc = std::allocator<float>]	16	static
stl_deque.h:1542:7:void std::deque<_Tp, _Alloc>::push_back(const value_type&) [with _Tp = float; _Alloc = std::allocator<float>]	16	static
move.h:98:5:constexpr typename std::remove_reference< <template-parameter-1-1> >::type&& std::move(_Tp&&) [with _Tp = float&]	16	static
stl_deque.h:1557:7:void std::deque<_Tp, _Alloc>::push_back(std::deque<_Tp, _Alloc>::value_type&&) [with _Tp = float; _Alloc = std::allocator<float>]	16	static
stl_deque.h:1542:7:void std::deque<_Tp, _Alloc>::push_back(const value_type&) [with _Tp = short unsigned int; _Alloc = std::allocator<short unsigned int>]	16	static
stl_deque.h:1271:7:std::deque<_Tp, _Alloc>::size_type std::deque<_Tp, _Alloc>::size() const [with _Tp = short unsigned int; _Alloc = std::allocator<short unsigned int>]	16	static
stl_deque.h:1373:7:std::deque<_Tp, _Alloc>::reference std::deque<_Tp, _Alloc>::operator[](std::deque<_Tp, _Alloc>::size_type) [with _Tp = short unsigned int; _Alloc = std::allocator<short unsigned int>]	16	static
new_allocator.h:79:7:__gnu_cxx::new_allocator<_Tp>::new_allocator() [with _Tp = float]	16	static
new_allocator.h:86:7:__gnu_cxx::new_allocator<_Tp>::~new_allocator() [with _Tp = float]	16	static
stl_deque.h:549:14:std::_Deque_base<float, std::allocator<float> >::_Deque_impl::~_Deque_impl()	16	static
stl_deque.h:498:7:std::_Deque_base<_Tp, _Alloc>::_Deque_base(const allocator_type&, std::size_t) [with _Tp = float; _Alloc = std::allocator<float>]	24	static
stl_deque.h:660:5:std::_Deque_base<_Tp, _Alloc>::~_Deque_base() [with _Tp = float; _Alloc = std::allocator<float>]	16	static
deque.tcc:390:5:void std::deque<_Tp, _Alloc>::_M_fill_initialize(const value_type&) [with _Tp = float; _Alloc = std::allocator<float>]	64	static
stl_deque.h:1166:7:std::deque<_Tp, _Alloc>::iterator std::deque<_Tp, _Alloc>::begin() [with _Tp = float; _Alloc = std::allocator<float>]	16	static
stl_deque.h:1183:7:std::deque<_Tp, _Alloc>::iterator std::deque<_Tp, _Alloc>::end() [with _Tp = float; _Alloc = std::allocator<float>]	16	static
stl_deque.h:587:7:std::_Deque_base<_Tp, _Alloc>::_Tp_alloc_type& std::_Deque_base<_Tp, _Alloc>::_M_get_Tp_allocator() [with _Tp = float; _Alloc = std::allocator<float>]	16	static
stl_deque.h:151:7:std::_Deque_iterator<_Tp, _Ref, _Ptr>::_Deque_iterator(const iterator&) [with _Tp = float; _Ref = float&; _Ptr = float*]	16	static
stl_deque.h:2068:7:void std::deque<_Tp, _Alloc>::_M_destroy_data(std::deque<_Tp, _Alloc>::iterator, std::deque<_Tp, _Alloc>::iterator, const std::allocator<_CharT>&) [with _Tp = float; _Alloc = std::allocator<float>]	56	static
stl_deque.h:549:14:std::_Deque_base<short unsigned int, std::allocator<short unsigned int> >::_Deque_impl::~_Deque_impl()	16	static
stl_deque.h:490:7:std::_Deque_base<_Tp, _Alloc>::_Deque_base() [with _Tp = short unsigned int; _Alloc = std::allocator<short unsigned int>]	16	static
stl_deque.h:660:5:std::_Deque_base<_Tp, _Alloc>::~_Deque_base() [with _Tp = short unsigned int; _Alloc = std::allocator<short unsigned int>]	16	static
stl_deque.h:1166:7:std::deque<_Tp, _Alloc>::iterator std::deque<_Tp, _Alloc>::begin() [with _Tp = short unsigned int; _Alloc = std::allocator<short unsigned int>]	16	static
stl_deque.h:1183:7:std::deque<_Tp, _Alloc>::iterator std::deque<_Tp, _Alloc>::end() [with _Tp = short unsigned int; _Alloc = std::allocator<short unsigned int>]	16	static
stl_deque.h:587:7:std::_Deque_base<_Tp, _Alloc>::_Tp_alloc_type& std::_Deque_base<_Tp, _Alloc>::_M_get_Tp_allocator() [with _Tp = short unsigned int; _Alloc = std::allocator<short unsigned int>]	16	static
stl_deque.h:151:7:std::_Deque_iterator<_Tp, _Ref, _Ptr>::_Deque_iterator(const iterator&) [with _Tp = short unsigned int; _Ref = short unsigned int&; _Ptr = short unsigned int*]	16	static
stl_deque.h:2068:7:void std::deque<_Tp, _Alloc>::_M_destroy_data(std::deque<_Tp, _Alloc>::iterator, std::deque<_Tp, _Alloc>::iterator, const std::allocator<_CharT>&) [with _Tp = short unsigned int; _Alloc = std::allocator<short unsigned int>]	56	static
stl_deque.h:245:7:std::_Deque_iterator<_Tp, _Ref, _Ptr>::reference std::_Deque_iterator<_Tp, _Ref, _Ptr>::operator[](std::_Deque_iterator<_Tp, _Ref, _Ptr>::difference_type) const [with _Tp = float; _Ref = float&; _Ptr = float*]	32	static
alloc_traits.h:486:2:static void std::allocator_traits<std::allocator<_CharT> >::destroy(std::allocator_traits<std::allocator<_CharT> >::allocator_type&, _Up*) [with _Up = float; _Tp = float]	16	static
deque.tcc:562:10:void std::deque<_Tp, _Alloc>::_M_pop_front_aux() [with _Tp = float; _Alloc = std::allocator<float>]	16	static
move.h:73:5:constexpr _Tp&& std::forward(typename std::remove_reference<_From>::type&) [with _Tp = const float&]	16	static
alloc_traits.h:474:2:) [with _Up = float; _Args = {const float&}; _Tp = float]	24	static
deque.tcc:478:7:) [with _Args = {const float&}; _Tp = float; _Alloc = std::allocator<float>]	24	static
move.h:73:5:constexpr _Tp&& std::forward(typename std::remove_reference<_From>::type&) [with _Tp = float]	16	static
deque.tcc:161:7:) [with _Args = {float}; _Tp = float; _Alloc = std::allocator<float>]	24	static
move.h:73:5:constexpr _Tp&& std::forward(typename std::remove_reference<_From>::type&) [with _Tp = const short unsigned int&]	16	static
alloc_traits.h:474:2:) [with _Up = short unsigned int; _Args = {const short unsigned int&}; _Tp = short unsigned int]	24	static
deque.tcc:478:7:) [with _Args = {const short unsigned int&}; _Tp = short unsigned int; _Alloc = std::allocator<short unsigned int>]	24	static
stl_deque.h:351:5:typename std::_Deque_iterator<_Tp, _Ref, _Ptr>::difference_type std::operator-(const std::_Deque_iterator<_Tp, _Ref, _Ptr>&, const std::_Deque_iterator<_Tp, _Ref, _Ptr>&) [with _Tp = short unsigned int; _Ref = short unsigned int&; _Ptr = short unsigned int*]	16	static
stl_deque.h:245:7:std::_Deque_iterator<_Tp, _Ref, _Ptr>::reference std::_Deque_iterator<_Tp, _Ref, _Ptr>::operator[](std::_Deque_iterator<_Tp, _Ref, _Ptr>::difference_type) const [with _Tp = short unsigned int; _Ref = short unsigned int&; _Ptr = short unsigned int*]	32	static
stl_deque.h:562:2:std::_Deque_base<_Tp, _Alloc>::_Deque_impl::_Deque_impl(const _Tp_alloc_type&) [with _Tp = float; _Alloc = std::allocator<float>]	16	static
stl_deque.h:681:5:void std::_Deque_base<_Tp, _Alloc>::_M_initialize_map(std::size_t) [with _Tp = float; _Alloc = std::allocator<float>]	48	static
stl_deque.h:738:5:void std::_Deque_base<_Tp, _Alloc>::_M_destroy_nodes(std::_Deque_base<_Tp, _Alloc>::_Map_pointer, std::_Deque_base<_Tp, _Alloc>::_Map_pointer) [with _Tp = float; _Alloc = std::allocator<float>]	32	static
stl_deque.h:620:7:void std::_Deque_base<_Tp, _Alloc>::_M_deallocate_map(std::_Deque_base<_Tp, _Alloc>::_Map_pointer, std::size_t) [with _Tp = float; _Alloc = std::allocator<float>]	32	static
stl_deque.h:862:21:static std::size_t std::deque<_Tp, _Alloc>::_S_buffer_size() [with _Tp = float; _Alloc = std::allocator<float>]	8	static
stl_uninitialized.h:336:5:void std::__uninitialized_fill_a(_ForwardIterator, _ForwardIterator, const _Tp&, std::allocator<_Tp>&) [with _ForwardIterator = float*; _Tp = float; _Tp2 = float]	24	static
stl_deque.h:557:2:std::_Deque_base<_Tp, _Alloc>::_Deque_impl::_Deque_impl() [with _Tp = short unsigned int; _Alloc = std::allocator<short unsigned int>]	16	static
allocator.h:139:7:std::allocator< <template-parameter-1-1> >::~allocator() [with _Tp = short unsigned int]	16	static
stl_deque.h:681:5:void std::_Deque_base<_Tp, _Alloc>::_M_initialize_map(std::size_t) [with _Tp = short unsigned int; _Alloc = std::allocator<short unsigned int>]	48	static
stl_deque.h:738:5:void std::_Deque_base<_Tp, _Alloc>::_M_destroy_nodes(std::_Deque_base<_Tp, _Alloc>::_Map_pointer, std::_Deque_base<_Tp, _Alloc>::_Map_pointer) [with _Tp = short unsigned int; _Alloc = std::allocator<short unsigned int>]	32	static
stl_deque.h:620:7:void std::_Deque_base<_Tp, _Alloc>::_M_deallocate_map(std::_Deque_base<_Tp, _Alloc>::_Map_pointer, std::size_t) [with _Tp = short unsigned int; _Alloc = std::allocator<short unsigned int>]	32	static
stl_deque.h:227:7:std::_Deque_iterator<_Tp, _Ref, _Ptr>::_Self std::_Deque_iterator<_Tp, _Ref, _Ptr>::operator+(std::_Deque_iterator<_Tp, _Ref, _Ptr>::difference_type) const [with _Tp = float; _Ref = float&; _Ptr = float*]	40	static
stl_deque.h:160:7:std::_Deque_iterator<_Tp, _Ref, _Ptr>::reference std::_Deque_iterator<_Tp, _Ref, _Ptr>::operator*() const [with _Tp = float; _Ref = float&; _Ptr = float*]	16	static
new_allocator.h:140:2:void __gnu_cxx::new_allocator<_Tp>::destroy(_Up*) [with _Up = float; _Tp = float]	16	static
stl_deque.h:606:7:void std::_Deque_base<_Tp, _Alloc>::_M_deallocate_node(std::_Deque_base<_Tp, _Alloc>::_Ptr) [with _Tp = float; _Alloc = std::allocator<float>]	24	static
stl_deque.h:254:7:void std::_Deque_iterator<_Tp, _Ref, _Ptr>::_M_set_node(std::_Deque_iterator<_Tp, _Ref, _Ptr>::_Map_pointer) [with _Tp = float; _Ref = float&; _Ptr = float*]	24	static
new_allocator.h:135:2:) [with _Up = float; _Args = {const float&}; _Tp = float]	32	static
stl_deque.h:2149:7:void std::deque<_Tp, _Alloc>::_M_reserve_map_at_back(std::deque<_Tp, _Alloc>::size_type) [with _Tp = float; _Alloc = std::allocator<float>]	16	static
stl_deque.h:599:7:std::_Deque_base<_Tp, _Alloc>::_Ptr std::_Deque_base<_Tp, _Alloc>::_M_allocate_node() [with _Tp = float; _Alloc = std::allocator<float>]	24	static
alloc_traits.h:474:2:) [with _Up = float; _Args = {float}; _Tp = float]	24	static
deque.tcc:478:7:) [with _Args = {float}; _Tp = float; _Alloc = std::allocator<float>]	24	static
new_allocator.h:135:2:) [with _Up = short unsigned int; _Args = {const short unsigned int&}; _Tp = short unsigned int]	32	static
stl_deque.h:2149:7:void std::deque<_Tp, _Alloc>::_M_reserve_map_at_back(std::deque<_Tp, _Alloc>::size_type) [with _Tp = short unsigned int; _Alloc = std::allocator<short unsigned int>]	16	static
stl_deque.h:599:7:std::_Deque_base<_Tp, _Alloc>::_Ptr std::_Deque_base<_Tp, _Alloc>::_M_allocate_node() [with _Tp = short unsigned int; _Alloc = std::allocator<short unsigned int>]	24	static
stl_deque.h:254:7:void std::_Deque_iterator<_Tp, _Ref, _Ptr>::_M_set_node(std::_Deque_iterator<_Tp, _Ref, _Ptr>::_Map_pointer) [with _Tp = short unsigned int; _Ref = short unsigned int&; _Ptr = short unsigned int*]	24	static
stl_deque.h:606:7:void std::_Deque_base<_Tp, _Alloc>::_M_deallocate_node(std::_Deque_base<_Tp, _Alloc>::_Ptr) [with _Tp = short unsigned int; _Alloc = std::allocator<short unsigned int>]	24	static
stl_deque.h:128:21:static std::size_t std::_Deque_iterator<_Tp, _Ref, _Ptr>::_S_buffer_size() [with _Tp = short unsigned int; _Ref = short unsigned int&; _Ptr = short unsigned int*]	8	static
stl_deque.h:227:7:std::_Deque_iterator<_Tp, _Ref, _Ptr>::_Self std::_Deque_iterator<_Tp, _Ref, _Ptr>::operator+(std::_Deque_iterator<_Tp, _Ref, _Ptr>::difference_type) const [with _Tp = short unsigned int; _Ref = short unsigned int&; _Ptr = short unsigned int*]	40	static
stl_deque.h:160:7:std::_Deque_iterator<_Tp, _Ref, _Ptr>::reference std::_Deque_iterator<_Tp, _Ref, _Ptr>::operator*() const [with _Tp = short unsigned int; _Ref = short unsigned int&; _Ptr = short unsigned int*]	16	static
allocator.h:133:7:std::allocator< <template-parameter-1-1> >::allocator(const std::allocator< <template-parameter-1-1> >&) [with _Tp = float]	16	static
stl_deque.h:148:7:std::_Deque_iterator<_Tp, _Ref, _Ptr>::_Deque_iterator() [with _Tp = float; _Ref = float&; _Ptr = float*]	16	static
stl_algobase.h:219:5:constexpr const _Tp& std::max(const _Tp&, const _Tp&) [with _Tp = unsigned int]	16	static
stl_deque.h:613:7:std::_Deque_base<_Tp, _Alloc>::_Map_pointer std::_Deque_base<_Tp, _Alloc>::_M_allocate_map(std::size_t) [with _Tp = float; _Alloc = std::allocator<float>]	32	static
stl_deque.h:720:5:void std::_Deque_base<_Tp, _Alloc>::_M_create_nodes(std::_Deque_base<_Tp, _Alloc>::_Map_pointer, std::_Deque_base<_Tp, _Alloc>::_Map_pointer) [with _Tp = float; _Alloc = std::allocator<float>]	32	static
stl_deque.h:595:7:std::_Deque_base<_Tp, _Alloc>::_Map_alloc_type std::_Deque_base<_Tp, _Alloc>::_M_get_map_allocator() const [with _Tp = float; _Alloc = std::allocator<float>]	16	static
allocator.h:139:7:std::allocator< <template-parameter-1-1> >::~allocator() [with _Tp = float*]	16	static
alloc_traits.h:461:7:static void std::allocator_traits<std::allocator<_CharT> >::deallocate(std::allocator_traits<std::allocator<_CharT> >::allocator_type&, std::allocator_traits<std::allocator<_CharT> >::pointer, std::allocator_traits<std::allocator<_CharT> >::size_type) [with _Tp = float*]	24	static
stl_uninitialized.h:181:5:void std::uninitialized_fill(_ForwardIterator, _ForwardIterator, const _Tp&) [with _ForwardIterator = float*; _Tp = float]	32	static
stl_deque.h:128:21:static std::size_t std::_Deque_iterator<_Tp, _Ref, _Ptr>::_S_buffer_size() [with _Tp = float; _Ref = float&; _Ptr = float*]	8	static
allocator.h:131:7:std::allocator< <template-parameter-1-1> >::allocator() [with _Tp = short unsigned int]	16	static
stl_deque.h:148:7:std::_Deque_iterator<_Tp, _Ref, _Ptr>::_Deque_iterator() [with _Tp = short unsigned int; _Ref = short unsigned int&; _Ptr = short unsigned int*]	16	static
new_allocator.h:86:7:__gnu_cxx::new_allocator<_Tp>::~new_allocator() [with _Tp = short unsigned int]	16	static
stl_deque.h:613:7:std::_Deque_base<_Tp, _Alloc>::_Map_pointer std::_Deque_base<_Tp, _Alloc>::_M_allocate_map(std::size_t) [with _Tp = short unsigned int; _Alloc = std::allocator<short unsigned int>]	32	static
stl_deque.h:720:5:void std::_Deque_base<_Tp, _Alloc>::_M_create_nodes(std::_Deque_base<_Tp, _Alloc>::_Map_pointer, std::_Deque_base<_Tp, _Alloc>::_Map_pointer) [with _Tp = short unsigned int; _Alloc = std::allocator<short unsigned int>]	32	static
stl_deque.h:595:7:std::_Deque_base<_Tp, _Alloc>::_Map_alloc_type std::_Deque_base<_Tp, _Alloc>::_M_get_map_allocator() const [with _Tp = short unsigned int; _Alloc = std::allocator<short unsigned int>]	16	static
allocator.h:139:7:std::allocator< <template-parameter-1-1> >::~allocator() [with _Tp = short unsigned int*]	16	static
alloc_traits.h:461:7:static void std::allocator_traits<std::allocator<_CharT> >::deallocate(std::allocator_traits<std::allocator<_CharT> >::allocator_type&, std::allocator_traits<std::allocator<_CharT> >::pointer, std::allocator_traits<std::allocator<_CharT> >::size_type) [with _Tp = short unsigned int*]	24	static
stl_deque.h:208:7:std::_Deque_iterator<_Tp, _Ref, _Ptr>::_Self& std::_Deque_iterator<_Tp, _Ref, _Ptr>::operator+=(std::_Deque_iterator<_Tp, _Ref, _Ptr>::difference_type) [with _Tp = float; _Ref = float&; _Ptr = float*]	32	static
alloc_traits.h:461:7:static void std::allocator_traits<std::allocator<_CharT> >::deallocate(std::allocator_traits<std::allocator<_CharT> >::allocator_type&, std::allocator_traits<std::allocator<_CharT> >::pointer, std::allocator_traits<std::allocator<_CharT> >::size_type) [with _Tp = float]	24	static
deque.tcc:917:5:void std::deque<_Tp, _Alloc>::_M_reallocate_map(std::deque<_Tp, _Alloc>::size_type, bool) [with _Tp = float; _Alloc = std::allocator<float>]	56	static
alloc_traits.h:435:7:static _Tp* std::allocator_traits<std::allocator<_CharT> >::allocate(std::allocator_traits<std::allocator<_CharT> >::allocator_type&, std::allocator_traits<std::allocator<_CharT> >::size_type) [with _Tp = float]	16	static
new_allocator.h:135:2:) [with _Up = float; _Args = {float}; _Tp = float]	32	static
deque.tcc:917:5:void std::deque<_Tp, _Alloc>::_M_reallocate_map(std::deque<_Tp, _Alloc>::size_type, bool) [with _Tp = short unsigned int; _Alloc = std::allocator<short unsigned int>]	56	static
alloc_traits.h:435:7:static _Tp* std::allocator_traits<std::allocator<_CharT> >::allocate(std::allocator_traits<std::allocator<_CharT> >::allocator_type&, std::allocator_traits<std::allocator<_CharT> >::size_type) [with _Tp = short unsigned int]	16	static
alloc_traits.h:461:7:static void std::allocator_traits<std::allocator<_CharT> >::deallocate(std::allocator_traits<std::allocator<_CharT> >::allocator_type&, std::allocator_traits<std::allocator<_CharT> >::pointer, std::allocator_traits<std::allocator<_CharT> >::size_type) [with _Tp = short unsigned int]	24	static
stl_deque.h:208:7:std::_Deque_iterator<_Tp, _Ref, _Ptr>::_Self& std::_Deque_iterator<_Tp, _Ref, _Ptr>::operator+=(std::_Deque_iterator<_Tp, _Ref, _Ptr>::difference_type) [with _Tp = short unsigned int; _Ref = short unsigned int&; _Ptr = short unsigned int*]	32	static
new_allocator.h:81:7:__gnu_cxx::new_allocator<_Tp>::new_allocator(const __gnu_cxx::new_allocator<_Tp>&) [with _Tp = float]	16	static
alloc_traits.h:435:7:static _Tp* std::allocator_traits<std::allocator<_CharT> >::allocate(std::allocator_traits<std::allocator<_CharT> >::allocator_type&, std::allocator_traits<std::allocator<_CharT> >::size_type) [with _Tp = float*]	16	static
stl_deque.h:591:7:const _Tp_alloc_type& std::_Deque_base<_Tp, _Alloc>::_M_get_Tp_allocator() const [with _Tp = float; _Alloc = std::allocator<float>]	16	static
allocator.h:137:2:std::allocator< <template-parameter-1-1> >::allocator(const std::allocator<_Tp1>&) [with _Tp1 = float; _Tp = float*]	16	static
new_allocator.h:86:7:__gnu_cxx::new_allocator<_Tp>::~new_allocator() [with _Tp = float*]	16	static
new_allocator.h:116:7:void __gnu_cxx::new_allocator<_Tp>::deallocate(__gnu_cxx::new_allocator<_Tp>::pointer, __gnu_cxx::new_allocator<_Tp>::size_type) [with _Tp = float*]	24	static
stl_uninitialized.h:165:9:static void std::__uninitialized_fill<true>::__uninit_fill(_ForwardIterator, _ForwardIterator, const _Tp&) [with _ForwardIterator = float*; _Tp = float]	24	static
new_allocator.h:79:7:__gnu_cxx::new_allocator<_Tp>::new_allocator() [with _Tp = short unsigned int]	16	static
alloc_traits.h:435:7:static _Tp* std::allocator_traits<std::allocator<_CharT> >::allocate(std::allocator_traits<std::allocator<_CharT> >::allocator_type&, std::allocator_traits<std::allocator<_CharT> >::size_type) [with _Tp = short unsigned int*]	16	static
stl_deque.h:591:7:const _Tp_alloc_type& std::_Deque_base<_Tp, _Alloc>::_M_get_Tp_allocator() const [with _Tp = short unsigned int; _Alloc = std::allocator<short unsigned int>]	16	static
allocator.h:137:2:std::allocator< <template-parameter-1-1> >::allocator(const std::allocator<_Tp1>&) [with _Tp1 = short unsigned int; _Tp = short unsigned int*]	16	static
new_allocator.h:86:7:__gnu_cxx::new_allocator<_Tp>::~new_allocator() [with _Tp = short unsigned int*]	16	static
new_allocator.h:116:7:void __gnu_cxx::new_allocator<_Tp>::deallocate(__gnu_cxx::new_allocator<_Tp>::pointer, __gnu_cxx::new_allocator<_Tp>::size_type) [with _Tp = short unsigned int*]	24	static
new_allocator.h:116:7:void __gnu_cxx::new_allocator<_Tp>::deallocate(__gnu_cxx::new_allocator<_Tp>::pointer, __gnu_cxx::new_allocator<_Tp>::size_type) [with _Tp = float]	24	static
stl_algobase.h:446:5:_OI std::copy(_II, _II, _OI) [with _II = float**; _OI = float**]	32	static
stl_algobase.h:622:5:_BI2 std::copy_backward(_BI1, _BI1, _BI2) [with _BI1 = float**; _BI2 = float**]	32	static
new_allocator.h:99:7:_Tp* __gnu_cxx::new_allocator<_Tp>::allocate(__gnu_cxx::new_allocator<_Tp>::size_type, const void*) [with _Tp = float]	24	static
stl_algobase.h:446:5:_OI std::copy(_II, _II, _OI) [with _II = short unsigned int**; _OI = short unsigned int**]	32	static
stl_algobase.h:622:5:_BI2 std::copy_backward(_BI1, _BI1, _BI2) [with _BI1 = short unsigned int**; _BI2 = short unsigned int**]	32	static
new_allocator.h:99:7:_Tp* __gnu_cxx::new_allocator<_Tp>::allocate(__gnu_cxx::new_allocator<_Tp>::size_type, const void*) [with _Tp = short unsigned int]	24	static
new_allocator.h:116:7:void __gnu_cxx::new_allocator<_Tp>::deallocate(__gnu_cxx::new_allocator<_Tp>::pointer, __gnu_cxx::new_allocator<_Tp>::size_type) [with _Tp = short unsigned int]	24	static
new_allocator.h:99:7:_Tp* __gnu_cxx::new_allocator<_Tp>::allocate(__gnu_cxx::new_allocator<_Tp>::size_type, const void*) [with _Tp = float*]	24	static
new_allocator.h:79:7:__gnu_cxx::new_allocator<_Tp>::new_allocator() [with _Tp = float*]	16	static
stl_algobase.h:724:5:void std::fill(_ForwardIterator, _ForwardIterator, const _Tp&) [with _ForwardIterator = float*; _Tp = float]	32	static
new_allocator.h:99:7:_Tp* __gnu_cxx::new_allocator<_Tp>::allocate(__gnu_cxx::new_allocator<_Tp>::size_type, const void*) [with _Tp = short unsigned int*]	24	static
new_allocator.h:79:7:__gnu_cxx::new_allocator<_Tp>::new_allocator() [with _Tp = short unsigned int*]	16	static
cpp_type_traits.h:408:5:_Iterator std::__miter_base(_Iterator) [with _Iterator = float**]	16	static
stl_algobase.h:420:5:_OI std::__copy_move_a2(_II, _II, _OI) [with bool _IsMove = false; _II = float**; _OI = float**]	32	static
stl_algobase.h:595:5:_BI2 std::__copy_move_backward_a2(_BI1, _BI1, _BI2) [with bool _IsMove = false; _BI1 = float**; _BI2 = float**]	32	static
new_allocator.h:129:7:__gnu_cxx::new_allocator<_Tp>::size_type __gnu_cxx::new_allocator<_Tp>::max_size() const [with _Tp = float]	16	static
cpp_type_traits.h:408:5:_Iterator std::__miter_base(_Iterator) [with _Iterator = short unsigned int**]	16	static
stl_algobase.h:420:5:_OI std::__copy_move_a2(_II, _II, _OI) [with bool _IsMove = false; _II = short unsigned int**; _OI = short unsigned int**]	32	static
stl_algobase.h:595:5:_BI2 std::__copy_move_backward_a2(_BI1, _BI1, _BI2) [with bool _IsMove = false; _BI1 = short unsigned int**; _BI2 = short unsigned int**]	32	static
new_allocator.h:129:7:__gnu_cxx::new_allocator<_Tp>::size_type __gnu_cxx::new_allocator<_Tp>::max_size() const [with _Tp = short unsigned int]	16	static
new_allocator.h:129:7:__gnu_cxx::new_allocator<_Tp>::size_type __gnu_cxx::new_allocator<_Tp>::max_size() const [with _Tp = float*]	16	static
stl_algobase.h:277:5:_Iterator std::__niter_base(_Iterator) [with _Iterator = float*]	16	static
stl_algobase.h:691:5:typename __gnu_cxx::__enable_if<std::__is_scalar<_Tp>::__value, void>::__type std::__fill_a(_ForwardIterator, _ForwardIterator, const _Tp&) [with _ForwardIterator = float*; _Tp = float]	32	static
new_allocator.h:129:7:__gnu_cxx::new_allocator<_Tp>::size_type __gnu_cxx::new_allocator<_Tp>::max_size() const [with _Tp = short unsigned int*]	16	static
stl_algobase.h:277:5:_Iterator std::__niter_base(_Iterator) [with _Iterator = float**]	16	static
stl_algobase.h:375:5:_OI std::__copy_move_a(_II, _II, _OI) [with bool _IsMove = false; _II = float**; _OI = float**]	32	static
stl_algobase.h:577:5:_BI2 std::__copy_move_backward_a(_BI1, _BI1, _BI2) [with bool _IsMove = false; _BI1 = float**; _BI2 = float**]	32	static
stl_algobase.h:277:5:_Iterator std::__niter_base(_Iterator) [with _Iterator = short unsigned int**]	16	static
stl_algobase.h:375:5:_OI std::__copy_move_a(_II, _II, _OI) [with bool _IsMove = false; _II = short unsigned int**; _OI = short unsigned int**]	32	static
stl_algobase.h:577:5:_BI2 std::__copy_move_backward_a(_BI1, _BI1, _BI2) [with bool _IsMove = false; _BI1 = short unsigned int**; _BI2 = short unsigned int**]	32	static
stl_algobase.h:357:9:static _Tp* std::__copy_move<_IsMove, true, std::random_access_iterator_tag>::__copy_m(const _Tp*, const _Tp*, _Tp*) [with _Tp = float*; bool _IsMove = false]	32	static
stl_algobase.h:559:9:static _Tp* std::__copy_move_backward<_IsMove, true, std::random_access_iterator_tag>::__copy_move_b(const _Tp*, const _Tp*, _Tp*) [with _Tp = float*; bool _IsMove = false]	32	static
stl_algobase.h:357:9:static _Tp* std::__copy_move<_IsMove, true, std::random_access_iterator_tag>::__copy_m(const _Tp*, const _Tp*, _Tp*) [with _Tp = short unsigned int*; bool _IsMove = false]	32	static
stl_algobase.h:559:9:static _Tp* std::__copy_move_backward<_IsMove, true, std::random_access_iterator_tag>::__copy_move_b(const _Tp*, const _Tp*, _Tp*) [with _Tp = short unsigned int*; bool _IsMove = false]	32	static
cpp_main.cpp:49:3:Parameter::~Parameter()	16	static
cpp_main.cpp:340:1:void __static_initialization_and_destruction_0(int, int)	56	static
cpp_main.cpp:340:1:cpp)	8	static
cpp_main.cpp:340:1:cpp)	8	static
